12-22 21:33:25.034  4145  4145 I HoneySpace.RecentsAnimationManager: startGestureTransition, byKey: true
12-22 21:33:25.039  4145 23869 I HoneySpace.SuggestedItemsFacade: item removed by filter - org.telegram.plus
12-22 21:33:25.039  4145 23869 I HoneySpace.SuggestedItemsFacade: item removed by filter - com.samsung.android.messaging
12-22 21:33:25.039  4145 23869 I HoneySpace.SuggestedItemsFacade: item removed by filter - com.samsung.android.dialer
12-22 21:33:25.050  3711  3825 V WindowManagerShell:  animated by firstHandler
12-22 21:33:25.422  2586  3337 I WindowManager: Destroying surface Surface(name=(1-1)-Window{2bc060d alpha=1.0 fl=}$_4158)/@0xe3c580 called by com.android.server.wm.WindowStateAnimator.destroySurface:799 com.android.server.wm.WindowStateAnimator.destroySurfaceLocked:472 com.android.server.wm.WindowState.destroySurfaceUnchecked:4200 com.android.server.wm.WindowState.destroySurface:4174 com.android.server.wm.ActivityRecord.destroySurfaces:6952 com.android.server.wm.ActivityRecord.destroySurfaces:6933 com.android.server.wm.ActivityRecord.activityStopped:7633 com.android.server.wm.ActivityClientController.activityStopped:310 
12-22 21:33:25.423  2586  3337 I WindowManager: Destroying surface Surface(name=com.sec.android.app.launcher/com.sec.android.app.launcher.activities.LauncherActivity$_4145)/@0x82847b9 called by com.android.server.wm.WindowStateAnimator.destroySurface:799 com.android.server.wm.WindowStateAnimator.destroySurfaceLocked:472 com.android.server.wm.WindowState.destroySurfaceUnchecked:4200 com.android.server.wm.WindowState.destroySurface:4174 com.android.server.wm.ActivityRecord.destroySurfaces:6952 com.android.server.wm.ActivityRecord.destroySurfaces:6933 com.android.server.wm.ActivityRecord.activityStopped:7633 com.android.server.wm.ActivityClientController.activityStopped:310 
12-22 21:33:25.494  2586  4975 D WifiProfileShare: nearby scanning settings stop
12-22 21:33:25.494  2586  4975 V WifiProfileShare.Caster: checkAndGetShareData - nearby scanning
12-22 21:33:26.090  4145  4391 I HoneySpace.TopTaskSource: update by recents showing
12-22 21:33:26.093  4145  4391 I HoneySpace.TopTaskSource: update by launcher showing
12-22 21:33:26.120  3711  3825 V WindowManagerShell:  animated by firstHandler
12-22 21:33:26.391  2586  3337 I WindowManager: Destroying surface Surface(name=com.sec.android.app.launcher/com.android.quickstep.RecentsActivity$_4145)/@0x99dd9fa called by com.android.server.wm.WindowStateAnimator.destroySurface:799 com.android.server.wm.WindowStateAnimator.destroySurfaceLocked:472 com.android.server.wm.WindowState.destroySurfaceUnchecked:4200 com.android.server.wm.WindowState.destroySurface:4174 com.android.server.wm.ActivityRecord.destroySurfaces:6952 com.android.server.wm.ActivityRecord.destroySurfaces:6933 com.android.server.wm.ActivityRecord.activityStopped:7633 com.android.server.wm.ActivityClientController.activityStopped:310 
12-22 21:33:26.669  4145  4145 I HoneySpace.WorkspaceFastRecyclerView: onInterceptTouchEvent() return by isOnStateTransition
12-22 21:33:29.219  3711  3739 I ndroid.systemui: Background concurrent mark compact GC freed 24MB AllocSpace bytes, 7(140KB) LOS objects, 34% free, 46MB/70MB, paused 2.976ms,3.497ms total 122.872ms
12-22 21:33:29.452 15700 20768 I NearbyDiscovery: (REDACTED) FastPairScanner: isScreenOn=%s, isLocationEnabled=%s, disableLocationRequirement=%s, isDiscoveryScanningEnabled=%s, during24GhzWifiWarmingUpPeriod=%s
12-22 21:33:29.452 15700 20768 I NearbyDiscovery: (REDACTED) FastPairScanner: eventType=%s, intReq=%s, scanning=%s, scanAllowed=%s, bleEnabled=%s, lockScanRate=%s, startScanningByLowPowerMode=%s
12-22 21:33:29.452 15700 20768 I NearbyDiscovery: (REDACTED) FastPairScanner: Stopping scan, %s
12-22 21:33:29.458 15700 20768 I NearbyDiscovery: (REDACTED) FastPairScanner: isScreenOn=%s, isLocationEnabled=%s, disableLocationRequirement=%s, isDiscoveryScanningEnabled=%s, during24GhzWifiWarmingUpPeriod=%s
12-22 21:33:29.458 15700 20768 I NearbyDiscovery: (REDACTED) FastPairScanner: Start scanning internally, %s
12-22 21:33:29.465 15700 20768 I NearbyDiscovery: (REDACTED) FastPairScanner: Starting %s scanning
12-22 21:33:30.558 15700 10683 I NearbySharing: Started scanning for FastInitiation with mode: SCAN_MODE_AMBIENT_DISCOVERY
12-22 21:33:30.558 15700 10683 I NearbySharing: FastInitiation warming period has ended
12-22 21:33:30.575  3711  3825 V WindowManagerShell:  animated by firstHandler
12-22 21:33:30.605 11030 11030 E AndroidRuntime: java.lang.RuntimeException: Unable to get provider com.google.android.gms.ads.MobileAdsInitProvider: java.lang.IllegalStateException: 
12-22 21:33:30.605 11030 11030 E AndroidRuntime: Caused by: java.lang.IllegalStateException: 
12-22 21:33:30.607  2586  4285 V WindowManager: Requesting StartTransition: TransitionRecord{4f97e86 id=22007 type=CLOSE flags=0x10}, caller=com.android.server.wm.TransitionController.requestTransitionIfNeeded:814 com.android.server.wm.TransitionController.requestTransitionIfNeeded:720 com.android.server.wm.DisplayContent.requestTransitionAndLegacyPrepare:6935 com.android.server.wm.DisplayContent.requestTransitionAndLegacyPrepare:6928 com.android.server.wm.Task.finishTopCrashedActivityLocked:6829 
12-22 21:33:30.626  6287  6287 I SDHMS:BarTender:Gatherer:AppError: update AppError : uid=10522, pkg=com.example.onalik_baxti, errorType=crash
12-22 21:33:30.631  6287  6287 I SDHMS:BarTender:Analyzer:AppError: analyze app error : uid=10522, pkg=com.example.onalik_baxti, appErrorCount=3
12-22 21:33:30.640  4145  4391 I HoneySpace.TopTaskSource: update by launcher showing
12-22 21:33:30.675  2586  6690 I WindowManager: Destroying surface Surface(name=Splash Screen com.example.onalik_baxti$_3711)/@0xd36e696 called by com.android.server.wm.WindowStateAnimator.destroySurface:799 com.android.server.wm.WindowStateAnimator.destroySurfaceLocked:472 com.android.server.wm.WindowState.removeImmediately:2937 com.android.server.wm.WindowState.removeIfPossible:3214 com.android.server.wm.WindowManagerService.removeWindow:2148 com.android.server.wm.Session.remove:257 android.view.IWindowSession$Stub.onTransact:747 com.android.server.wm.Session.onTransact:204 
12-22 21:33:30.765  4145  4145 I HoneySpace.AppLaunchAnimationDelegate: playCancelAnimation - prev-APPS, current-APPS, byGesture-false
12-22 21:33:31.026  2586  2926 I system_server: Background concurrent mark compact GC freed 24MB AllocSpace bytes, 63(1260KB) LOS objects, 15% free, 128MB/152MB, paused 2.173ms,15.050ms total 394.364ms
12-22 21:33:33.747  3711  3711 W PowerUI : Skip charging animation - by plug status
12-22 21:33:33.747  3711  3711 W PowerUI : Skip charging sound - by plug status
12-22 21:33:34.544 15700 10683 I NearbyMediums: No BLE Fast/GATT advertisements found in the latest cycle.
12-22 21:33:34.590 15700 15724 I NearbyUWB: (REDACTED) Client %s (%s) disconnecting %s
12-22 21:33:34.590 15700 10801 I NearbyUWB: stop ranging called. [CONTEXT service_id=49 ]
12-22 21:33:34.592 15700 10966 I NearbyUWB: (REDACTED) User opted in for analytics reporting: %s.
12-22 21:33:34.593 15700 10966 I NearbyUWB: AnalyticsLogger is shutdown. [CONTEXT service_id=49 ]
12-22 21:33:35.543  2586  3669 W System.err: java.io.FileNotFoundException: /proc/11030/io_record_control: open failed: ENOENT (No such file or directory)
12-22 21:33:35.544  2586  3669 W System.err: Caused by: android.system.ErrnoException: open failed: ENOENT (No such file or directory)
12-22 21:33:39.161  2586  2926 I system_server: Background concurrent mark compact GC freed 22MB AllocSpace bytes, 52(1088KB) LOS objects, 15% free, 128MB/152MB, paused 1.641ms,13.994ms total 329.339ms
12-22 21:33:43.934  3711  3711 W PowerUI : Skip charging animation - by plug status
12-22 21:33:43.934  3711  3711 W PowerUI : Skip charging sound - by plug status
12-22 21:33:43.968  3711  3711 W View    : requestLayout() improperly called by android.widget.FrameLayout{4416ba2 V.E...... ......ID 0,136-1080,2298 #7f0a0846 app:id/qs_frame} during layout: running second layout pass
12-22 21:33:44.547 15700 10966 I NearbyMediums: No BLE Fast/GATT advertisements found in the latest cycle.
12-22 21:33:49.433  2586  2926 I system_server: Background concurrent mark compact GC freed 24MB AllocSpace bytes, 26(544KB) LOS objects, 15% free, 128MB/152MB, paused 1.759ms,13.759ms total 329.825ms
12-22 21:33:51.900  2586  3638 D NetdEventListenerService: DNS Requested by 489, 10264, 896
12-22 21:33:51.922 15858  2392 E Ads     : Caused by: m.kq: Exception in CronetUrlRequest: net::ERR_CONNECTION_REFUSED, ErrorCode=7, InternalErrorCode=-102, Retryable=false
12-22 21:33:51.922 15858  2392 E Ads     : 	at org.chromium.net.impl.CronetUrlRequest.onError(:com.google.android.gms.dynamite_cronetdynamite@244933029@24.49.33 (190400-0):4)
12-22 21:33:51.989 15858  2392 E Ads     : Caused by: m.kq: Exception in CronetUrlRequest: net::ERR_CONNECTION_REFUSED, ErrorCode=7, InternalErrorCode=-102, Retryable=false
12-22 21:33:51.989 15858  2392 E Ads     : 	at org.chromium.net.impl.CronetUrlRequest.onError(:com.google.android.gms.dynamite_cronetdynamite@244933029@24.49.33 (190400-0):4)
12-22 21:33:54.090  3711  3711 W PowerUI : Skip charging animation - by plug status
12-22 21:33:54.090  3711  3711 W PowerUI : Skip charging sound - by plug status
12-22 21:33:54.550 15700 10966 I NearbyMediums: No BLE Fast/GATT advertisements found in the latest cycle.
12-22 21:33:58.704  2586  2926 I system_server: Background concurrent mark compact GC freed 23MB AllocSpace bytes, 24(496KB) LOS objects, 15% free, 128MB/152MB, paused 1.704ms,13.421ms total 354.505ms
12-22 21:34:00.032  3711  3711 W View    : requestLayout() improperly called by android.widget.FrameLayout{4416ba2 V.E...... ......ID 0,136-1080,2298 #7f0a0846 app:id/qs_frame} during layout: running second layout pass
12-22 21:34:00.484  2268  3666 I vendor.samsung.hardware.biometrics.fingerprint-service: cbge canceled by 1 0 0 0 0 0 0
12-22 21:34:00.656 15700 10966 I NearbySharing: Screen is locked
12-22 21:34:00.657 15700 10966 I NearbySharing: Stopping scanning because the screen is locked.
12-22 21:34:00.657 15700 10966 I NearbySharing: Scanning has stopped.
12-22 21:34:00.659 15700 10801 I NearbySharing: Stopped discovery
12-22 21:34:00.659 15700 15724 I NearbyConnections: Client 147905415 requested discovery to stop.
12-22 21:34:00.659 15700 10966 I NearbySharing: Stopping Fast Init advertisement because we're not scanning in the foreground.
12-22 21:34:00.661 15700 10683 I NearbyMediums: In ScanningCancellationFlag, service-id=NearbySharing is the last scanner to stop scanning. The flag has been cancelled.
12-22 21:34:00.663 15700 10966 I NearbySharing: Start advertising with mode SCREEN_OFF certificate visibility SELF_SHARE data usage preference ONLINE, and bt advertising false with vendorId 1
12-22 21:34:00.663 15700 10966 I NearbySharing: Uwb feature is off.
12-22 21:34:00.663 15700 10966 I NearbySharing: Updating advertising options: ckwe@7af3512
12-22 21:34:00.665 15700 11124 I NearbySharing: NearbyConnectionsManager cleared incoming payload tracking
12-22 21:34:00.667 15700 10966 I NearbySharing: Advertising has started with mode SCREEN_OFF, Bt enabled : false
12-22 21:34:00.667 15700 10966 I NearbySharing: Stopping FastInitiation scanning because the screen is locked.
12-22 21:34:00.672 15700 10683 I NearbyMediums: Stopped BLE scanning, service-id=NearbySharing
12-22 21:34:00.672 15700 10683 I NearbyMediums: Can't stop WiFi Aware subscribing because it was never started.
12-22 21:34:00.672 15700 10683 I NearbyMediums: Can't stop NFC discovery because it was never started.
12-22 21:34:00.674 15700 10966 I NearbySharing: Stopped scanning for FastInitiation
12-22 21:34:00.674 15700 10683 I NearbyConnections: No longer listening to visibility changes for client 147905415
12-22 21:34:00.674 15700 10966 I NearbySharing: Fast Initiation Scanning has stopped
12-22 21:34:00.675 15700 10966 I NearbySharing: Dismissing HUN as there's no device nearby.
12-22 21:34:00.678 15700 11124 I NearbySharing: Loading certificates with visibility SELF_SHARE
12-22 21:34:00.679 15700 11124 I NearbySharing: Saving the private certificate to file nearby_sharing_private_certificate_file_for_self.
12-22 21:34:00.679 15700 11124 I NearbySharing: Created endpointInfo: [ 0x32 0x88 0x20 0x56 0x63 0xcb 0xad 0x55 0xd0 0x88 0x4a 0x43 0x45 0x1c 0x51 0x5f 0x3b ]
12-22 21:34:00.681 15700 11124 I NearbySharing: Started advertising with power level = LOW_POWER and isAllowGattConnections = false and advertising mediums [BLE].
12-22 21:34:00.686 15700 15724 I NearbyUWB: (REDACTED) onGetService: Create client bridge with key %s
12-22 21:34:00.686 15700 15724 I NearbyUWB: (REDACTED) Analytics is enabled for package %s
12-22 21:34:00.686 15700 15724 I NearbyUWB: Use the cached context to create the client bridge [CONTEXT service_id=49 ]
12-22 21:34:00.686 15700 15724 I NearbyUWB: (REDACTED) Client %s with package name %s, 0p Identifier %s, and sdk version %s has connected.
12-22 21:34:00.687 15700 11124 I NearbyMediums: UWB isAvailable false.
12-22 21:34:00.688 15700 15724 I NearbyConnections: ClientProxy(0p:com.google.android.gms.nearby.sharing) allow WebRtc to use mobile data.
12-22 21:34:00.688 15700 15724 I NearbyConnections: Client 147905415 requested to update advertising options.
12-22 21:34:00.689 15700 10801 I Nearby  : (REDACTED) Note nearby client %s for operation %s
12-22 21:34:00.690 15700 10801 I NearbyConnections: Get local endpoint id from random generation 5YTR (last:DB1Y) for client 147905415
12-22 21:34:00.690 15700 10801 I NearbyConnections: generateRxInstantConnectionAdvBytes() returns null due to supportInstantConnection not enabled.
12-22 21:34:00.695 15700 10801 I NearbyMediums: Device token rotated, old deviceToken : [ 0xd0 0x16 ].
12-22 21:34:00.706 15700 15700 I NearbyMediums: [InstantOnLostManager] Start instant onLost extended advertising, hashes = [ 0x7f 0x3d 0x25 0x63 ].
12-22 21:34:00.706 15700 10801 I NearbyMediums: Successfully stopped BLE advertising for service NearbySharing
12-22 21:34:00.717 15700 10801 I NearbyMediums: BLE extended advertising not started.
12-22 21:34:00.728 15700 10801 I NearbyMediums: Started BLE Legacy advertising. Regular Header Advertised : false, Fast Advertised : true, AdvertisingSettings : BleAdvertisingSetting{powerLevel= LOW_POWER, isConnectable= false, isPrivateGatt= true}, isAcceptingConnection : false
12-22 21:34:00.729 15700 10801 I NearbyMediums: Successfully started BLE advertising of size 23 for service NearbySharing, deviceToken : [ 0x49 0x7e ].
12-22 21:34:00.730 15700 11124 I NearbySharing: Successfully started advertising over Nearby Connections: SCREEN_OFF, SELF_SHARE, ONLINE
12-22 21:34:00.730 15700 11124 I NearbySharing: [ClearcutLog] ADVERTISE_DEVICE_PRESENCE_START sessionId=0 flowId=270965206 sessionStatus: 1, visibility: 5
12-22 21:34:00.734 15700 10966 I NearbySharing: Failed to log ADVERTISE_DEVICE_PRESENCE_START, due to clearcutLogger is null.
12-22 21:34:00.908  2586  3464 D SensorService: setSContextDataLocked ints length 2 , byte length 4
12-22 21:34:00.912  2586  3464 D SensorService: setSContextDataLocked ints length 3 , byte length 5
12-22 21:34:00.915  2586  6678 I WindowManager: Destroying surface Surface(name=(1-1)-Window{2bc060d alpha=1.0 fl=}$_4158)/@0x393b12c called by com.android.server.wm.WindowStateAnimator.destroySurface:799 com.android.server.wm.WindowStateAnimator.destroySurfaceLocked:472 com.android.server.wm.WindowState.destroySurfaceUnchecked:4200 com.android.server.wm.WindowState.destroySurface:4174 com.android.server.wm.ActivityRecord.destroySurfaces:6952 com.android.server.wm.ActivityRecord.destroySurfaces:6933 com.android.server.wm.ActivityRecord.activityStopped:7633 com.android.server.wm.ActivityClientController.activityStopped:310 
12-22 21:34:00.915  2586  3464 D SensorService: setSContextDataLocked ints length 2 , byte length 4
12-22 21:34:00.915  2586  6678 I WindowManager: Destroying surface Surface(name=com.sec.android.app.launcher/com.sec.android.app.launcher.activities.LauncherActivity$_4145)/@0x9e607f5 called by com.android.server.wm.WindowStateAnimator.destroySurface:799 com.android.server.wm.WindowStateAnimator.destroySurfaceLocked:472 com.android.server.wm.WindowState.destroySurfaceUnchecked:4200 com.android.server.wm.WindowState.destroySurface:4174 com.android.server.wm.ActivityRecord.destroySurfaces:6952 com.android.server.wm.ActivityRecord.destroySurfaces:6933 com.android.server.wm.ActivityRecord.activityStopped:7633 com.android.server.wm.ActivityClientController.activityStopped:310 
12-22 21:34:00.918 15700 15700 I NearbyDiscovery: (REDACTED) FastPairDisplayObserver: %s -> %s
12-22 21:34:00.919  2586  3408 I InputReader: support feature by TSP : 0x10325
12-22 21:34:00.922 15700 20768 I NearbyDiscovery: (REDACTED) OffloadFastPairScanner: eventType=%s, isInternalReq=%s, isOffloadScanning=%s, isOffloadScanningAllowed=%s
12-22 21:34:00.923 15700 20768 I NearbyDiscovery: (REDACTED) FastPairScanner: isScreenOn=%s, isLocationEnabled=%s, disableLocationRequirement=%s, isDiscoveryScanningEnabled=%s, during24GhzWifiWarmingUpPeriod=%s
12-22 21:34:00.923 15700 20768 I NearbyDiscovery: (REDACTED) FastPairScanner: eventType=%s, intReq=%s, scanning=%s, scanAllowed=%s, bleEnabled=%s, lockScanRate=%s, startScanningByLowPowerMode=%s
12-22 21:34:00.923 15700 20768 I NearbyDiscovery: (REDACTED) FastPairScanner: Stopping scan, %s
12-22 21:34:01.109  3711  3711 I System.out: test static void android.appwidget.AppWidgetHostView.-$$Nest$mapplyContent(android.appwidget.AppWidgetHostView,android.view.View,boolean,java.lang.Exception)
12-22 21:34:01.109  3711  3711 I System.out: test private void android.appwidget.AppWidgetHostView.applyContent(android.view.View,boolean,java.lang.Exception)
12-22 21:34:01.109  3711  3711 I System.out: test private void android.appwidget.AppWidgetHostView.handleViewError()
12-22 21:34:01.109  3711  3711 I System.out: test protected android.view.View android.appwidget.AppWidgetHostView.getErrorView()
12-22 21:34:01.121  3711  3711 E ClockPackSettingsUtils: isRoamingState: android.provider.Settings$SettingNotFoundException: easy_mode_switch
12-22 21:34:01.136  3711  3711 I AODPreventBurnInMonitor: start skipped by not AODEnabled
12-22 21:34:01.140  3711  3711 E ClockPackSettingsUtils: isRoamingState: android.provider.Settings$SettingNotFoundException: easy_mode_switch
12-22 21:34:01.156  3711  3711 W View    : requestLayout() improperly called by com.android.systemui.shade.NotificationsQuickSettingsContainer{976e07f V.E...... ......ID 0,0-1080,2340 #7f0a0747 app:id/notification_container_parent} during layout: running second layout pass
12-22 21:34:01.156  3711  3711 W View    : requestLayout() improperly called by android.widget.FrameLayout{4416ba2 V.E...... ......ID 0,136-1080,2298 #7f0a0846 app:id/qs_frame} during layout: running second layout pass
12-22 21:34:01.156  3711  3711 W View    : requestLayout() improperly called by large_screen_header_constraint->large_screen_header_constraint (pos:0.0 Dpos/Dt:0.0 during layout: running second layout pass
12-22 21:34:01.156  3711  3711 W View    : requestLayout() improperly called by com.android.systemui.statusbar.phone.KeyguardStatusBarView{13e784c I.E...... ......ID 0,0-1080,74 #7f0a050c app:id/keyguard_header} during layout: running second layout pass
12-22 21:34:01.156  3711  3711 W View    : requestLayout() improperly called by com.android.systemui.statusbar.phone.SwitchableDoubleShadowTextView{7089095 V.ED..... ......ID 0,4-197,56 #7f0a09e7 app:id/shade_carrier_text} during layout: running second layout pass
12-22 21:34:01.156  3711  3711 W View    : requestLayout() improperly called by com.android.systemui.statusbar.phone.SwitchableDoubleShadowTextView{a516ee4 V.ED..... ......ID 0,0-83,62 #7f0a0148 app:id/battery_percentage_view} during layout: running second layout pass
12-22 21:34:01.156  3711  3711 W View    : requestLayout() improperly called by com.android.keyguard.CarrierText{86c2c3f V.ED..... ......ID 0,0-193,52 #7f0a04f8 app:id/keyguard_carrier_text} during layout: running second layout pass
12-22 21:34:01.156  3711  3711 W View    : requestLayout() improperly called by com.android.systemui.statusbar.phone.SwitchableDoubleShadowTextView{b486e6b V.ED..... ......ID 0,0-83,52 #7f0a0148 app:id/battery_percentage_view} during layout: running second layout pass
12-22 21:34:01.158 15700 10966 I NearbySharing: Stopping scanning because the screen is locked.
12-22 21:34:01.159 15700 10966 I NearbySharing: Stopping Fast Init advertisement because we're not scanning in the foreground.
12-22 21:34:01.160 15700 10966 I NearbySharing: Failed to advertise because we're already advertising with mode SCREEN_OFF, certificate visibility SELF_SHARE data usage preference ONLINE, and bt advertising false with vendorId 1
12-22 21:34:01.160 15700 10966 I NearbySharing: Stopping FastInitiation scanning because the screen is locked.
12-22 21:34:01.160  2586  3464 D SensorService: setSContextDataLocked ints length 2 , byte length 4
12-22 21:34:01.161 15700 10966 I NearbySharing: Fast Initiation Scanning has stopped
12-22 21:34:01.161 15700 10966 I NearbySharing: Dismissing HUN as there's no device nearby.
12-22 21:34:01.165  6269  6269 I id.diagmonagent: Explicit concurrent mark compact GC freed 763KB AllocSpace bytes, 36(1872KB) LOS objects, 67% free, 2976KB/9120KB, paused 79us,621us total 6.208ms
12-22 21:34:01.174  3711  3711 W Bundle  : java.lang.ClassCastException: java.lang.Integer cannot be cast to java.lang.String
12-22 21:34:01.177  3711  3711 W View    : requestLayout() improperly called by com.android.systemui.shade.NotificationsQuickSettingsContainer{976e07f V.E...... .......D 0,0-1080,2340 #7f0a0747 app:id/notification_container_parent} during second layout pass: posting in next frame
12-22 21:34:01.177  3711  3711 W View    : requestLayout() improperly called by android.widget.FrameLayout{4416ba2 V.E...... ......ID 0,136-1080,2298 #7f0a0846 app:id/qs_frame} during second layout pass: posting in next frame
12-22 21:34:01.177  3711  3711 W View    : requestLayout() improperly called by large_screen_header_constraint->large_screen_header_constraint (pos:0.0 Dpos/Dt:0.0 during second layout pass: posting in next frame
12-22 21:34:01.177  3711  3711 W View    : requestLayout() improperly called by com.android.systemui.statusbar.notification.stack.NotificationStackScrollLayout{a4aa39e I.E...... ......ID 0,0-1080,2298 #7f0a0757 app:id/notification_stack_scroller} during second layout pass: posting in next frame
12-22 21:34:01.177  3711  3711 W View    : requestLayout() improperly called by com.android.systemui.statusbar.phone.KeyguardStatusBarView{13e784c I.E...... ......ID 0,0-1080,74 #7f0a050c app:id/keyguard_header} during second layout pass: posting in next frame
12-22 21:34:01.177  3711  3711 W View    : requestLayout() improperly called by android.widget.Button{9d5fe7f IFED..C.. ......I. 0,0-514,103 #7f0a0891 app:id/report_rejected_touch} during second layout pass: posting in next frame
12-22 21:34:01.182  2586  3615 I WifiConnectivityMonitor: disable setMonitorEnabled by EVENT_SCREEN_OFF
12-22 21:34:01.182  3711  3711 W View    : requestLayout() improperly called by android.widget.FrameLayout{4416ba2 V.E...... ......ID 0,136-1080,2298 #7f0a0846 app:id/qs_frame} during layout: running second layout pass
12-22 21:34:01.182  2586  3578 D SemWifiApSmartClient: LCD is OFF,so stop client advertisement by ScreenStateListener
12-22 21:34:01.184 15700 10986 E LoadedApk: Exception : java.lang.NullPointerException: Attempt to invoke virtual method 'boolean android.os.Looper.isPerfLogEnable()' on a null object reference
12-22 21:34:01.200  6304 10628 I [MCFDs]_BleScanner(NearbyBleScanner): stopScan - stop
12-22 21:34:01.201  3711  3711 W View    : requestLayout() improperly called by android.widget.FrameLayout{4416ba2 V.E...... ......ID 0,136-1080,2298 #7f0a0846 app:id/qs_frame} during layout: running second layout pass
12-22 21:34:01.220 15700 10966 I NearbyUWB: (REDACTED) Screen unlocked: %s
12-22 21:34:01.221 15700 20768 I NearbyDiscovery: (REDACTED) FastPairHandler: Received action %s
12-22 21:34:01.221 15700 20768 I NearbyDiscovery: (REDACTED) OffloadFastPairScanner: eventType=%s, isInternalReq=%s, isOffloadScanning=%s, isOffloadScanningAllowed=%s
12-22 21:34:01.221 15700 20768 I NearbyDiscovery: (REDACTED) FastPairScanner: isScreenOn=%s, isLocationEnabled=%s, disableLocationRequirement=%s, isDiscoveryScanningEnabled=%s, during24GhzWifiWarmingUpPeriod=%s
12-22 21:34:01.221 15700 20768 I NearbyDiscovery: (REDACTED) FastPairScanner: eventType=%s, intReq=%s, scanning=%s, scanAllowed=%s, bleEnabled=%s, lockScanRate=%s, startScanningByLowPowerMode=%s
12-22 21:34:01.221 15700 20768 I NearbyDiscovery: FastPairController: onSystemStateChanged: skip due to flag disabled [CONTEXT service_id=265 ]
12-22 21:34:01.336  3711  3711 W PowerUI : Skip charging animation - by plug status
12-22 21:34:01.336  3711  3711 W PowerUI : Skip charging sound - by plug status
12-22 21:34:01.584  3711  3711 I AOD_WAKELOCK@WakeLockManager: acquireIfExists: tag - charging_info, timeout - 1000, reason - Charging Info is showing, delay by 500, wakeLock = WakeLock{8b8d264 held=true, refCount=1}
12-22 21:34:01.592  2586  3464 D SensorService: setSContextDataLocked ints length 2 , byte length 4
12-22 21:34:01.593  2586  2974 D RefreshRateModeManager: onBrightnessChangedLocked returned by powerMode, caller=com.android.server.display.mode.RefreshRateModeManager.onBrightnessChangedLocked:262 com.android.server.display.mode.RefreshRateModeManager.lambda$onLightSensorChanged$0:135 com.android.server.display.mode.RefreshRateModeManager.$r8$lambda$BgEGrQVb3EtPAelaWDumJqAQvu8:0 
12-22 21:34:01.596 15700 15700 I NearbyDiscovery: (REDACTED) FastPairDisplayObserver: %s -> %s
12-22 21:34:01.890  1689  2017 I SDM     : ToneMappingCore::set_default_vals():851 Initial enablement signals - bypass adaptive TM: 0, actual panel luma usage: 1, temporal filtering of dynamic meta data: 1, histTM enable: 1, static meta data usage: 1
12-22 21:34:01.890  1689  2017 I SDM     : HdrAlgorithm::SetXMLParameters():278 Override enablement signals - bypass adaptive TM: 0, bypass sdr dimming: 1
12-22 21:34:01.921  2586  2586 D EdgeLightingPolicyManager: isAcceptableApplication - accept rechecked by isEdgeLightingAllowed = true uid = 1000
12-22 21:34:02.604  2586  2974 D RefreshRateModeManager: onBrightnessChangedLocked returned by powerMode, caller=com.android.server.display.mode.RefreshRateModeManager.onBrightnessChangedLocked:262 com.android.server.display.mode.RefreshRateModeManager.lambda$onLightSensorChanged$0:135 com.android.server.display.mode.RefreshRateModeManager.$r8$lambda$BgEGrQVb3EtPAelaWDumJqAQvu8:0 
12-22 21:34:02.611 15700 15700 I NearbyDiscovery: (REDACTED) FastPairDisplayObserver: %s -> %s
12-22 21:34:04.933  2586  2586 D EdgeLightingPolicyManager: isAcceptableApplication - accept rechecked by isEdgeLightingAllowed = true uid = 1000
12-22 21:34:04.985  1689 24439 I SDM     : ToneMappingCore::set_default_vals():851 Initial enablement signals - bypass adaptive TM: 0, actual panel luma usage: 1, temporal filtering of dynamic meta data: 1, histTM enable: 1, static meta data usage: 1
12-22 21:34:04.985  1689 24439 I SDM     : HdrAlgorithm::SetXMLParameters():278 Override enablement signals - bypass adaptive TM: 0, bypass sdr dimming: 1
12-22 21:34:04.994  2586  2974 D RefreshRateModeManager: onBrightnessChangedLocked returned by powerMode, caller=com.android.server.display.mode.RefreshRateModeManager.onBrightnessChangedLocked:262 com.android.server.display.mode.RefreshRateModeManager.lambda$onLightSensorChanged$0:135 com.android.server.display.mode.RefreshRateModeManager.$r8$lambda$BgEGrQVb3EtPAelaWDumJqAQvu8:0 
12-22 21:34:05.003 15700 15700 I NearbyDiscovery: (REDACTED) FastPairDisplayObserver: %s -> %s
12-22 21:34:05.110  2586  2974 D RefreshRateModeManager: onBrightnessChangedLocked returned by powerMode, caller=com.android.server.display.mode.RefreshRateModeManager.onBrightnessChangedLocked:262 com.android.server.display.mode.RefreshRateModeManager.lambda$onLightSensorChanged$0:135 com.android.server.display.mode.RefreshRateModeManager.$r8$lambda$BgEGrQVb3EtPAelaWDumJqAQvu8:0 
12-22 21:34:05.113 15700 15700 I NearbyDiscovery: (REDACTED) FastPairDisplayObserver: %s -> %s
12-22 21:34:05.202  1689 24439 I SDM     : ToneMappingCore::set_default_vals():851 Initial enablement signals - bypass adaptive TM: 0, actual panel luma usage: 1, temporal filtering of dynamic meta data: 1, histTM enable: 1, static meta data usage: 1
12-22 21:34:05.202  1689 24439 I SDM     : HdrAlgorithm::SetXMLParameters():278 Override enablement signals - bypass adaptive TM: 0, bypass sdr dimming: 1
12-22 21:34:05.209  2586  2974 D RefreshRateModeManager: onBrightnessChangedLocked returned by powerMode, caller=com.android.server.display.mode.RefreshRateModeManager.onBrightnessChangedLocked:262 com.android.server.display.mode.RefreshRateModeManager.lambda$onLightSensorChanged$0:135 com.android.server.display.mode.RefreshRateModeManager.$r8$lambda$BgEGrQVb3EtPAelaWDumJqAQvu8:0 
12-22 21:34:05.212 15700 15700 I NearbyDiscovery: (REDACTED) FastPairDisplayObserver: %s -> %s
12-22 21:34:05.229  2586  2974 D RefreshRateModeManager: onBrightnessChangedLocked returned by powerMode, caller=com.android.server.display.mode.RefreshRateModeManager.onBrightnessChangedLocked:262 com.android.server.display.mode.RefreshRateModeManager.lambda$onLightSensorChanged$0:135 com.android.server.display.mode.RefreshRateModeManager.$r8$lambda$BgEGrQVb3EtPAelaWDumJqAQvu8:0 
12-22 21:34:05.231 15700 15700 I NearbyDiscovery: (REDACTED) FastPairDisplayObserver: %s -> %s
12-22 21:34:05.301  1689 24439 I SDM     : ToneMappingCore::set_default_vals():851 Initial enablement signals - bypass adaptive TM: 0, actual panel luma usage: 1, temporal filtering of dynamic meta data: 1, histTM enable: 1, static meta data usage: 1
12-22 21:34:05.301  1689 24439 I SDM     : HdrAlgorithm::SetXMLParameters():278 Override enablement signals - bypass adaptive TM: 0, bypass sdr dimming: 1
12-22 21:34:05.311 15700 15700 I NearbyDiscovery: (REDACTED) FastPairDisplayObserver: %s -> %s
12-22 21:34:05.316  2586  2974 D RefreshRateModeManager: onBrightnessChangedLocked returned by powerMode, caller=com.android.server.display.mode.RefreshRateModeManager.onBrightnessChangedLocked:262 com.android.server.display.mode.RefreshRateModeManager.lambda$onLightSensorChanged$0:135 com.android.server.display.mode.RefreshRateModeManager.$r8$lambda$BgEGrQVb3EtPAelaWDumJqAQvu8:0 
12-22 21:34:05.388 15700 15700 I NearbyDiscovery: (REDACTED) FastPairDisplayObserver: %s -> %s
12-22 21:34:05.390  2586  2974 D RefreshRateModeManager: onBrightnessChangedLocked returned by powerMode, caller=com.android.server.display.mode.RefreshRateModeManager.onBrightnessChangedLocked:262 com.android.server.display.mode.RefreshRateModeManager.lambda$onLightSensorChanged$0:135 com.android.server.display.mode.RefreshRateModeManager.$r8$lambda$BgEGrQVb3EtPAelaWDumJqAQvu8:0 
12-22 21:34:05.518  3711  3711 W View    : requestLayout() improperly called by android.widget.FrameLayout{4416ba2 V.E...... ......ID 0,136-1080,2298 #7f0a0846 app:id/qs_frame} during layout: running second layout pass
12-22 21:34:05.550  3711 11152 I VideoInputReader: [VideoFrameFilter] activated by seek mSeekTimeUs[0]
12-22 21:34:05.567  1689 24439 I SDM     : ToneMappingCore::set_default_vals():851 Initial enablement signals - bypass adaptive TM: 0, actual panel luma usage: 1, temporal filtering of dynamic meta data: 1, histTM enable: 1, static meta data usage: 1
12-22 21:34:05.567  1689 24439 I SDM     : HdrAlgorithm::SetXMLParameters():278 Override enablement signals - bypass adaptive TM: 0, bypass sdr dimming: 1
12-22 21:34:05.580  2586  2974 D RefreshRateModeManager: onBrightnessChangedLocked returned by powerMode, caller=com.android.server.display.mode.RefreshRateModeManager.onBrightnessChangedLocked:262 com.android.server.display.mode.RefreshRateModeManager.lambda$onLightSensorChanged$0:135 com.android.server.display.mode.RefreshRateModeManager.$r8$lambda$BgEGrQVb3EtPAelaWDumJqAQvu8:0 
12-22 21:34:05.582 15700 15700 I NearbyDiscovery: (REDACTED) FastPairDisplayObserver: %s -> %s
12-22 21:34:05.582  3711 11152 I VideoInputReader: [VideoFrameFilter] deactivated by kMaxFrameCount[10], mFrameCount[11]
12-22 21:34:05.620  3711  3739 I ndroid.systemui: Background concurrent mark compact GC freed 22MB AllocSpace bytes, 6(892KB) LOS objects, 33% free, 46MB/70MB, paused 754us,2.876ms total 104.352ms
12-22 21:34:05.693 15700 15700 I NearbyDiscovery: (REDACTED) FastPairDisplayObserver: %s -> %s
12-22 21:34:05.693  2586  2974 D RefreshRateModeManager: onBrightnessChangedLocked returned by powerMode, caller=com.android.server.display.mode.RefreshRateModeManager.onBrightnessChangedLocked:262 com.android.server.display.mode.RefreshRateModeManager.lambda$onLightSensorChanged$0:135 com.android.server.display.mode.RefreshRateModeManager.$r8$lambda$BgEGrQVb3EtPAelaWDumJqAQvu8:0 
12-22 21:34:07.945  2586  2586 D EdgeLightingPolicyManager: isAcceptableApplication - accept rechecked by isEdgeLightingAllowed = true uid = 1000
12-22 21:34:08.001  2586  2974 D RefreshRateModeManager: onBrightnessChangedLocked returned by powerMode, caller=com.android.server.display.mode.RefreshRateModeManager.onBrightnessChangedLocked:262 com.android.server.display.mode.RefreshRateModeManager.lambda$onLightSensorChanged$0:135 com.android.server.display.mode.RefreshRateModeManager.$r8$lambda$BgEGrQVb3EtPAelaWDumJqAQvu8:0 
12-22 21:34:08.005 15700 15700 I NearbyDiscovery: (REDACTED) FastPairDisplayObserver: %s -> %s
12-22 21:34:08.017  1689 24439 I SDM     : ToneMappingCore::set_default_vals():851 Initial enablement signals - bypass adaptive TM: 0, actual panel luma usage: 1, temporal filtering of dynamic meta data: 1, histTM enable: 1, static meta data usage: 1
12-22 21:34:08.017  1689 24439 I SDM     : HdrAlgorithm::SetXMLParameters():278 Override enablement signals - bypass adaptive TM: 0, bypass sdr dimming: 1
12-22 21:34:08.127  2586  2974 D RefreshRateModeManager: onBrightnessChangedLocked returned by powerMode, caller=com.android.server.display.mode.RefreshRateModeManager.onBrightnessChangedLocked:262 com.android.server.display.mode.RefreshRateModeManager.lambda$onLightSensorChanged$0:135 com.android.server.display.mode.RefreshRateModeManager.$r8$lambda$BgEGrQVb3EtPAelaWDumJqAQvu8:0 
12-22 21:34:08.129 15700 15700 I NearbyDiscovery: (REDACTED) FastPairDisplayObserver: %s -> %s
12-22 21:34:08.219  1689 24439 I SDM     : ToneMappingCore::set_default_vals():851 Initial enablement signals - bypass adaptive TM: 0, actual panel luma usage: 1, temporal filtering of dynamic meta data: 1, histTM enable: 1, static meta data usage: 1
12-22 21:34:08.219  1689 24439 I SDM     : HdrAlgorithm::SetXMLParameters():278 Override enablement signals - bypass adaptive TM: 0, bypass sdr dimming: 1
12-22 21:34:08.223 15700 15700 I NearbyDiscovery: (REDACTED) FastPairDisplayObserver: %s -> %s
12-22 21:34:08.234  2586  2974 D RefreshRateModeManager: onBrightnessChangedLocked returned by powerMode, caller=com.android.server.display.mode.RefreshRateModeManager.onBrightnessChangedLocked:262 com.android.server.display.mode.RefreshRateModeManager.lambda$onLightSensorChanged$0:135 com.android.server.display.mode.RefreshRateModeManager.$r8$lambda$BgEGrQVb3EtPAelaWDumJqAQvu8:0 
12-22 21:34:08.238  2586  2974 D RefreshRateModeManager: onBrightnessChangedLocked returned by powerMode, caller=com.android.server.display.mode.RefreshRateModeManager.onBrightnessChangedLocked:262 com.android.server.display.mode.RefreshRateModeManager.lambda$onLightSensorChanged$0:135 com.android.server.display.mode.RefreshRateModeManager.$r8$lambda$BgEGrQVb3EtPAelaWDumJqAQvu8:0 
12-22 21:34:08.238 15700 15700 I NearbyDiscovery: (REDACTED) FastPairDisplayObserver: %s -> %s
12-22 21:34:08.305  1689 24439 I SDM     : ToneMappingCore::set_default_vals():851 Initial enablement signals - bypass adaptive TM: 0, actual panel luma usage: 1, temporal filtering of dynamic meta data: 1, histTM enable: 1, static meta data usage: 1
12-22 21:34:08.305  1689 24439 I SDM     : HdrAlgorithm::SetXMLParameters():278 Override enablement signals - bypass adaptive TM: 0, bypass sdr dimming: 1
12-22 21:34:08.308 15700 15700 I NearbyDiscovery: (REDACTED) FastPairDisplayObserver: %s -> %s
12-22 21:34:08.309  2586  2974 D RefreshRateModeManager: onBrightnessChangedLocked returned by powerMode, caller=com.android.server.display.mode.RefreshRateModeManager.onBrightnessChangedLocked:262 com.android.server.display.mode.RefreshRateModeManager.lambda$onLightSensorChanged$0:135 com.android.server.display.mode.RefreshRateModeManager.$r8$lambda$BgEGrQVb3EtPAelaWDumJqAQvu8:0 
12-22 21:34:08.396  2586  2974 D RefreshRateModeManager: onBrightnessChangedLocked returned by powerMode, caller=com.android.server.display.mode.RefreshRateModeManager.onBrightnessChangedLocked:262 com.android.server.display.mode.RefreshRateModeManager.lambda$onLightSensorChanged$0:135 com.android.server.display.mode.RefreshRateModeManager.$r8$lambda$BgEGrQVb3EtPAelaWDumJqAQvu8:0 
12-22 21:34:08.396 15700 15700 I NearbyDiscovery: (REDACTED) FastPairDisplayObserver: %s -> %s
12-22 21:34:10.705 15700 15724 I NearbyUWB: (REDACTED) Client %s (%s) disconnecting %s
12-22 21:34:10.706 15700 10966 I NearbyUWB: stop ranging called. [CONTEXT service_id=49 ]
12-22 21:34:10.711 15700 11124 I NearbyUWB: (REDACTED) User opted in for analytics reporting: %s.
12-22 21:34:10.711 15700 11124 I NearbyUWB: AnalyticsLogger is shutdown. [CONTEXT service_id=49 ]
12-22 21:34:10.955  2586  2586 D EdgeLightingPolicyManager: isAcceptableApplication - accept rechecked by isEdgeLightingAllowed = true uid = 1000
12-22 21:34:11.007  1689 24439 I SDM     : ToneMappingCore::set_default_vals():851 Initial enablement signals - bypass adaptive TM: 0, actual panel luma usage: 1, temporal filtering of dynamic meta data: 1, histTM enable: 1, static meta data usage: 1
12-22 21:34:11.007  1689 24439 I SDM     : HdrAlgorithm::SetXMLParameters():278 Override enablement signals - bypass adaptive TM: 0, bypass sdr dimming: 1
12-22 21:34:11.013  2586  2974 D RefreshRateModeManager: onBrightnessChangedLocked returned by powerMode, caller=com.android.server.display.mode.RefreshRateModeManager.onBrightnessChangedLocked:262 com.android.server.display.mode.RefreshRateModeManager.lambda$onLightSensorChanged$0:135 com.android.server.display.mode.RefreshRateModeManager.$r8$lambda$BgEGrQVb3EtPAelaWDumJqAQvu8:0 
12-22 21:34:11.021 15700 15700 I NearbyDiscovery: (REDACTED) FastPairDisplayObserver: %s -> %s
12-22 21:34:11.133  2586  2974 D RefreshRateModeManager: onBrightnessChangedLocked returned by powerMode, caller=com.android.server.display.mode.RefreshRateModeManager.onBrightnessChangedLocked:262 com.android.server.display.mode.RefreshRateModeManager.lambda$onLightSensorChanged$0:135 com.android.server.display.mode.RefreshRateModeManager.$r8$lambda$BgEGrQVb3EtPAelaWDumJqAQvu8:0 
12-22 21:34:11.134 15700 15700 I NearbyDiscovery: (REDACTED) FastPairDisplayObserver: %s -> %s
12-22 21:34:11.241  1689 24439 I SDM     : ToneMappingCore::set_default_vals():851 Initial enablement signals - bypass adaptive TM: 0, actual panel luma usage: 1, temporal filtering of dynamic meta data: 1, histTM enable: 1, static meta data usage: 1
12-22 21:34:11.241  1689 24439 I SDM     : HdrAlgorithm::SetXMLParameters():278 Override enablement signals - bypass adaptive TM: 0, bypass sdr dimming: 1
12-22 21:34:11.246 15700 15700 I NearbyDiscovery: (REDACTED) FastPairDisplayObserver: %s -> %s
12-22 21:34:11.253  2586  2974 D RefreshRateModeManager: onBrightnessChangedLocked returned by powerMode, caller=com.android.server.display.mode.RefreshRateModeManager.onBrightnessChangedLocked:262 com.android.server.display.mode.RefreshRateModeManager.lambda$onLightSensorChanged$0:135 com.android.server.display.mode.RefreshRateModeManager.$r8$lambda$BgEGrQVb3EtPAelaWDumJqAQvu8:0 
12-22 21:34:11.285  2586  2974 D RefreshRateModeManager: onBrightnessChangedLocked returned by powerMode, caller=com.android.server.display.mode.RefreshRateModeManager.onBrightnessChangedLocked:262 com.android.server.display.mode.RefreshRateModeManager.lambda$onLightSensorChanged$0:135 com.android.server.display.mode.RefreshRateModeManager.$r8$lambda$BgEGrQVb3EtPAelaWDumJqAQvu8:0 
12-22 21:34:11.286 15700 15700 I NearbyDiscovery: (REDACTED) FastPairDisplayObserver: %s -> %s
12-22 21:34:11.341  1689 24439 I SDM     : ToneMappingCore::set_default_vals():851 Initial enablement signals - bypass adaptive TM: 0, actual panel luma usage: 1, temporal filtering of dynamic meta data: 1, histTM enable: 1, static meta data usage: 1
12-22 21:34:11.341  1689 24439 I SDM     : HdrAlgorithm::SetXMLParameters():278 Override enablement signals - bypass adaptive TM: 0, bypass sdr dimming: 1
12-22 21:34:11.341  2586  2974 D RefreshRateModeManager: onBrightnessChangedLocked returned by powerMode, caller=com.android.server.display.mode.RefreshRateModeManager.onBrightnessChangedLocked:262 com.android.server.display.mode.RefreshRateModeManager.lambda$onLightSensorChanged$0:135 com.android.server.display.mode.RefreshRateModeManager.$r8$lambda$BgEGrQVb3EtPAelaWDumJqAQvu8:0 
12-22 21:34:11.342 15700 15700 I NearbyDiscovery: (REDACTED) FastPairDisplayObserver: %s -> %s
12-22 21:34:11.437 15700 15700 I NearbyDiscovery: (REDACTED) FastPairDisplayObserver: %s -> %s
12-22 21:34:11.440  2586  2974 D RefreshRateModeManager: onBrightnessChangedLocked returned by powerMode, caller=com.android.server.display.mode.RefreshRateModeManager.onBrightnessChangedLocked:262 com.android.server.display.mode.RefreshRateModeManager.lambda$onLightSensorChanged$0:135 com.android.server.display.mode.RefreshRateModeManager.$r8$lambda$BgEGrQVb3EtPAelaWDumJqAQvu8:0 
12-22 21:34:11.510  3711  3711 W PowerUI : Skip charging animation - by plug status
12-22 21:34:11.510  3711  3711 W PowerUI : Skip charging sound - by plug status
12-22 21:34:13.968  2586  2586 D EdgeLightingPolicyManager: isAcceptableApplication - accept rechecked by isEdgeLightingAllowed = true uid = 1000
12-22 21:34:14.025  1689 24439 I SDM     : ToneMappingCore::set_default_vals():851 Initial enablement signals - bypass adaptive TM: 0, actual panel luma usage: 1, temporal filtering of dynamic meta data: 1, histTM enable: 1, static meta data usage: 1
12-22 21:34:14.025  1689 24439 I SDM     : HdrAlgorithm::SetXMLParameters():278 Override enablement signals - bypass adaptive TM: 0, bypass sdr dimming: 1
12-22 21:34:14.027  2586  2974 D RefreshRateModeManager: onBrightnessChangedLocked returned by powerMode, caller=com.android.server.display.mode.RefreshRateModeManager.onBrightnessChangedLocked:262 com.android.server.display.mode.RefreshRateModeManager.lambda$onLightSensorChanged$0:135 com.android.server.display.mode.RefreshRateModeManager.$r8$lambda$BgEGrQVb3EtPAelaWDumJqAQvu8:0 
12-22 21:34:14.036 15700 15700 I NearbyDiscovery: (REDACTED) FastPairDisplayObserver: %s -> %s
12-22 21:34:14.145  2586  2974 D RefreshRateModeManager: onBrightnessChangedLocked returned by powerMode, caller=com.android.server.display.mode.RefreshRateModeManager.onBrightnessChangedLocked:262 com.android.server.display.mode.RefreshRateModeManager.lambda$onLightSensorChanged$0:135 com.android.server.display.mode.RefreshRateModeManager.$r8$lambda$BgEGrQVb3EtPAelaWDumJqAQvu8:0 
12-22 21:34:14.145 15700 15700 I NearbyDiscovery: (REDACTED) FastPairDisplayObserver: %s -> %s
12-22 21:34:14.259  1689 24439 I SDM     : ToneMappingCore::set_default_vals():851 Initial enablement signals - bypass adaptive TM: 0, actual panel luma usage: 1, temporal filtering of dynamic meta data: 1, histTM enable: 1, static meta data usage: 1
12-22 21:34:14.259  1689 24439 I SDM     : HdrAlgorithm::SetXMLParameters():278 Override enablement signals - bypass adaptive TM: 0, bypass sdr dimming: 1
12-22 21:34:14.271  2586  2974 D RefreshRateModeManager: onBrightnessChangedLocked returned by powerMode, caller=com.android.server.display.mode.RefreshRateModeManager.onBrightnessChangedLocked:262 com.android.server.display.mode.RefreshRateModeManager.lambda$onLightSensorChanged$0:135 com.android.server.display.mode.RefreshRateModeManager.$r8$lambda$BgEGrQVb3EtPAelaWDumJqAQvu8:0 
12-22 21:34:14.277 15700 15700 I NearbyDiscovery: (REDACTED) FastPairDisplayObserver: %s -> %s
12-22 21:34:14.310  2586  2974 D RefreshRateModeManager: onBrightnessChangedLocked returned by powerMode, caller=com.android.server.display.mode.RefreshRateModeManager.onBrightnessChangedLocked:262 com.android.server.display.mode.RefreshRateModeManager.lambda$onLightSensorChanged$0:135 com.android.server.display.mode.RefreshRateModeManager.$r8$lambda$BgEGrQVb3EtPAelaWDumJqAQvu8:0 
12-22 21:34:14.312 15700 15700 I NearbyDiscovery: (REDACTED) FastPairDisplayObserver: %s -> %s
12-22 21:34:14.414  1689 24439 I SDM     : ToneMappingCore::set_default_vals():851 Initial enablement signals - bypass adaptive TM: 0, actual panel luma usage: 1, temporal filtering of dynamic meta data: 1, histTM enable: 1, static meta data usage: 1
12-22 21:34:14.414  1689 24439 I SDM     : HdrAlgorithm::SetXMLParameters():278 Override enablement signals - bypass adaptive TM: 0, bypass sdr dimming: 1
12-22 21:34:14.429  2586  2974 D RefreshRateModeManager: onBrightnessChangedLocked returned by powerMode, caller=com.android.server.display.mode.RefreshRateModeManager.onBrightnessChangedLocked:262 com.android.server.display.mode.RefreshRateModeManager.lambda$onLightSensorChanged$0:135 com.android.server.display.mode.RefreshRateModeManager.$r8$lambda$BgEGrQVb3EtPAelaWDumJqAQvu8:0 
12-22 21:34:14.432 15700 15700 I NearbyDiscovery: (REDACTED) FastPairDisplayObserver: %s -> %s
12-22 21:34:14.451  2586  2974 D RefreshRateModeManager: onBrightnessChangedLocked returned by powerMode, caller=com.android.server.display.mode.RefreshRateModeManager.onBrightnessChangedLocked:262 com.android.server.display.mode.RefreshRateModeManager.lambda$onLightSensorChanged$0:135 com.android.server.display.mode.RefreshRateModeManager.$r8$lambda$BgEGrQVb3EtPAelaWDumJqAQvu8:0 
12-22 21:34:14.454 15700 15700 I NearbyDiscovery: (REDACTED) FastPairDisplayObserver: %s -> %s
12-22 21:34:16.978  2586  2586 D EdgeLightingPolicyManager: isAcceptableApplication - accept rechecked by isEdgeLightingAllowed = true uid = 1000
12-22 21:34:17.029  1689 24439 I SDM     : ToneMappingCore::set_default_vals():851 Initial enablement signals - bypass adaptive TM: 0, actual panel luma usage: 1, temporal filtering of dynamic meta data: 1, histTM enable: 1, static meta data usage: 1
12-22 21:34:17.029  1689 24439 I SDM     : HdrAlgorithm::SetXMLParameters():278 Override enablement signals - bypass adaptive TM: 0, bypass sdr dimming: 1
12-22 21:34:17.038  2586  2974 D RefreshRateModeManager: onBrightnessChangedLocked returned by powerMode, caller=com.android.server.display.mode.RefreshRateModeManager.onBrightnessChangedLocked:262 com.android.server.display.mode.RefreshRateModeManager.lambda$onLightSensorChanged$0:135 com.android.server.display.mode.RefreshRateModeManager.$r8$lambda$BgEGrQVb3EtPAelaWDumJqAQvu8:0 
12-22 21:34:17.047 15700 15700 I NearbyDiscovery: (REDACTED) FastPairDisplayObserver: %s -> %s
12-22 21:34:17.147  2586  2974 D RefreshRateModeManager: onBrightnessChangedLocked returned by powerMode, caller=com.android.server.display.mode.RefreshRateModeManager.onBrightnessChangedLocked:262 com.android.server.display.mode.RefreshRateModeManager.lambda$onLightSensorChanged$0:135 com.android.server.display.mode.RefreshRateModeManager.$r8$lambda$BgEGrQVb3EtPAelaWDumJqAQvu8:0 
12-22 21:34:17.154 15700 15700 I NearbyDiscovery: (REDACTED) FastPairDisplayObserver: %s -> %s
12-22 21:34:17.250  1689 24439 I SDM     : ToneMappingCore::set_default_vals():851 Initial enablement signals - bypass adaptive TM: 0, actual panel luma usage: 1, temporal filtering of dynamic meta data: 1, histTM enable: 1, static meta data usage: 1
12-22 21:34:17.250  1689 24439 I SDM     : HdrAlgorithm::SetXMLParameters():278 Override enablement signals - bypass adaptive TM: 0, bypass sdr dimming: 1
12-22 21:34:17.261 15700 15700 I NearbyDiscovery: (REDACTED) FastPairDisplayObserver: %s -> %s
12-22 21:34:17.266  2586  2974 D RefreshRateModeManager: onBrightnessChangedLocked returned by powerMode, caller=com.android.server.display.mode.RefreshRateModeManager.onBrightnessChangedLocked:262 com.android.server.display.mode.RefreshRateModeManager.lambda$onLightSensorChanged$0:135 com.android.server.display.mode.RefreshRateModeManager.$r8$lambda$BgEGrQVb3EtPAelaWDumJqAQvu8:0 
12-22 21:34:17.301  2586  2974 D RefreshRateModeManager: onBrightnessChangedLocked returned by powerMode, caller=com.android.server.display.mode.RefreshRateModeManager.onBrightnessChangedLocked:262 com.android.server.display.mode.RefreshRateModeManager.lambda$onLightSensorChanged$0:135 com.android.server.display.mode.RefreshRateModeManager.$r8$lambda$BgEGrQVb3EtPAelaWDumJqAQvu8:0 
12-22 21:34:17.302 15700 15700 I NearbyDiscovery: (REDACTED) FastPairDisplayObserver: %s -> %s
12-22 21:34:17.348  1689 24439 I SDM     : ToneMappingCore::set_default_vals():851 Initial enablement signals - bypass adaptive TM: 0, actual panel luma usage: 1, temporal filtering of dynamic meta data: 1, histTM enable: 1, static meta data usage: 1
12-22 21:34:17.348  1689 24439 I SDM     : HdrAlgorithm::SetXMLParameters():278 Override enablement signals - bypass adaptive TM: 0, bypass sdr dimming: 1
12-22 21:34:17.349 15700 15700 I NearbyDiscovery: (REDACTED) FastPairDisplayObserver: %s -> %s
