12-22 21:31:00.722  2586  2974 D RefreshRateModeManager: onBrightnessChangedLocked returned by powerMode, caller=com.android.server.display.mode.RefreshRateModeManager.onBrightnessChangedLocked:262 com.android.server.display.mode.RefreshRateModeManager.lambda$onLightSensorChanged$0:135 com.android.server.display.mode.RefreshRateModeManager.$r8$lambda$BgEGrQVb3EtPAelaWDumJqAQvu8:0 
12-22 21:31:00.731  3711  3711 W View    : requestLayout() improperly called by android.widget.FrameLayout{4416ba2 V.E...... ......ID 0,136-1080,2298 #7f0a0846 app:id/qs_frame} during layout: running second layout pass
12-22 21:31:00.744 15700 15700 I NearbyDiscovery: (REDACTED) FastPairDisplayObserver: %s -> %s
12-22 21:31:00.824 15700 15700 I NearbyDiscovery: (REDACTED) FastPairDisplayObserver: %s -> %s
12-22 21:31:00.825  2586  2974 D RefreshRateModeManager: onBrightnessChangedLocked returned by powerMode, caller=com.android.server.display.mode.RefreshRateModeManager.onBrightnessChangedLocked:262 com.android.server.display.mode.RefreshRateModeManager.lambda$onLightSensorChanged$0:135 com.android.server.display.mode.RefreshRateModeManager.$r8$lambda$BgEGrQVb3EtPAelaWDumJqAQvu8:0 
12-22 21:31:01.238  2586  2586 D EdgeLightingPolicyManager: isAcceptableApplication - accept rechecked by isEdgeLightingAllowed = true uid = 1000
12-22 21:31:01.281  1689  2017 I SDM     : ToneMappingCore::set_default_vals():851 Initial enablement signals - bypass adaptive TM: 0, actual panel luma usage: 1, temporal filtering of dynamic meta data: 1, histTM enable: 1, static meta data usage: 1
12-22 21:31:01.281  1689  2017 I SDM     : HdrAlgorithm::SetXMLParameters():278 Override enablement signals - bypass adaptive TM: 0, bypass sdr dimming: 1
12-22 21:31:01.287  2586  2974 D RefreshRateModeManager: onBrightnessChangedLocked returned by powerMode, caller=com.android.server.display.mode.RefreshRateModeManager.onBrightnessChangedLocked:262 com.android.server.display.mode.RefreshRateModeManager.lambda$onLightSensorChanged$0:135 com.android.server.display.mode.RefreshRateModeManager.$r8$lambda$BgEGrQVb3EtPAelaWDumJqAQvu8:0 
12-22 21:31:01.292 15700 15700 I NearbyDiscovery: (REDACTED) FastPairDisplayObserver: %s -> %s
12-22 21:31:01.405  2586  2974 D RefreshRateModeManager: onBrightnessChangedLocked returned by powerMode, caller=com.android.server.display.mode.RefreshRateModeManager.onBrightnessChangedLocked:262 com.android.server.display.mode.RefreshRateModeManager.lambda$onLightSensorChanged$0:135 com.android.server.display.mode.RefreshRateModeManager.$r8$lambda$BgEGrQVb3EtPAelaWDumJqAQvu8:0 
12-22 21:31:01.408 15700 15700 I NearbyDiscovery: (REDACTED) FastPairDisplayObserver: %s -> %s
12-22 21:31:01.509 15700 15700 I NearbyDiscovery: (REDACTED) FastPairDisplayObserver: %s -> %s
12-22 21:31:01.516  1689  2017 I SDM     : ToneMappingCore::set_default_vals():851 Initial enablement signals - bypass adaptive TM: 0, actual panel luma usage: 1, temporal filtering of dynamic meta data: 1, histTM enable: 1, static meta data usage: 1
12-22 21:31:01.516  1689  2017 I SDM     : HdrAlgorithm::SetXMLParameters():278 Override enablement signals - bypass adaptive TM: 0, bypass sdr dimming: 1
12-22 21:31:01.520  2586  2974 D RefreshRateModeManager: onBrightnessChangedLocked returned by powerMode, caller=com.android.server.display.mode.RefreshRateModeManager.onBrightnessChangedLocked:262 com.android.server.display.mode.RefreshRateModeManager.lambda$onLightSensorChanged$0:135 com.android.server.display.mode.RefreshRateModeManager.$r8$lambda$BgEGrQVb3EtPAelaWDumJqAQvu8:0 
12-22 21:31:01.523 15700 15700 I NearbyDiscovery: (REDACTED) FastPairDisplayObserver: %s -> %s
12-22 21:31:01.525  2586  2974 D RefreshRateModeManager: onBrightnessChangedLocked returned by powerMode, caller=com.android.server.display.mode.RefreshRateModeManager.onBrightnessChangedLocked:262 com.android.server.display.mode.RefreshRateModeManager.lambda$onLightSensorChanged$0:135 com.android.server.display.mode.RefreshRateModeManager.$r8$lambda$BgEGrQVb3EtPAelaWDumJqAQvu8:0 
12-22 21:31:01.584 15700 15700 I NearbyDiscovery: (REDACTED) FastPairDisplayObserver: %s -> %s
12-22 21:31:01.585  1689  2017 I SDM     : ToneMappingCore::set_default_vals():851 Initial enablement signals - bypass adaptive TM: 0, actual panel luma usage: 1, temporal filtering of dynamic meta data: 1, histTM enable: 1, static meta data usage: 1
12-22 21:31:01.585  1689  2017 I SDM     : HdrAlgorithm::SetXMLParameters():278 Override enablement signals - bypass adaptive TM: 0, bypass sdr dimming: 1
12-22 21:31:01.586  2586  2974 D RefreshRateModeManager: onBrightnessChangedLocked returned by powerMode, caller=com.android.server.display.mode.RefreshRateModeManager.onBrightnessChangedLocked:262 com.android.server.display.mode.RefreshRateModeManager.lambda$onLightSensorChanged$0:135 com.android.server.display.mode.RefreshRateModeManager.$r8$lambda$BgEGrQVb3EtPAelaWDumJqAQvu8:0 
12-22 21:31:01.663  2586  2974 D RefreshRateModeManager: onBrightnessChangedLocked returned by powerMode, caller=com.android.server.display.mode.RefreshRateModeManager.onBrightnessChangedLocked:262 com.android.server.display.mode.RefreshRateModeManager.lambda$onLightSensorChanged$0:135 com.android.server.display.mode.RefreshRateModeManager.$r8$lambda$BgEGrQVb3EtPAelaWDumJqAQvu8:0 
12-22 21:31:01.664 15700 15700 I NearbyDiscovery: (REDACTED) FastPairDisplayObserver: %s -> %s
12-22 21:31:03.761 15700 15724 I NearbyUWB: (REDACTED) Client %s (%s) disconnecting %s
12-22 21:31:03.762 15700 10420 I NearbyUWB: stop ranging called. [CONTEXT service_id=49 ]
12-22 21:31:03.769 15700 10419 I NearbyUWB: (REDACTED) User opted in for analytics reporting: %s.
12-22 21:31:03.769 15700 10419 I NearbyUWB: AnalyticsLogger is shutdown. [CONTEXT service_id=49 ]
12-22 21:31:04.247  2586  2586 D EdgeLightingPolicyManager: isAcceptableApplication - accept rechecked by isEdgeLightingAllowed = true uid = 1000
12-22 21:31:04.302  1689  2017 I SDM     : ToneMappingCore::set_default_vals():851 Initial enablement signals - bypass adaptive TM: 0, actual panel luma usage: 1, temporal filtering of dynamic meta data: 1, histTM enable: 1, static meta data usage: 1
12-22 21:31:04.302  1689  2017 I SDM     : HdrAlgorithm::SetXMLParameters():278 Override enablement signals - bypass adaptive TM: 0, bypass sdr dimming: 1
12-22 21:31:04.316  2586  2974 D RefreshRateModeManager: onBrightnessChangedLocked returned by powerMode, caller=com.android.server.display.mode.RefreshRateModeManager.onBrightnessChangedLocked:262 com.android.server.display.mode.RefreshRateModeManager.lambda$onLightSensorChanged$0:135 com.android.server.display.mode.RefreshRateModeManager.$r8$lambda$BgEGrQVb3EtPAelaWDumJqAQvu8:0 
12-22 21:31:04.325 15700 15700 I NearbyDiscovery: (REDACTED) FastPairDisplayObserver: %s -> %s
12-22 21:31:04.434  2586  2974 D RefreshRateModeManager: onBrightnessChangedLocked returned by powerMode, caller=com.android.server.display.mode.RefreshRateModeManager.onBrightnessChangedLocked:262 com.android.server.display.mode.RefreshRateModeManager.lambda$onLightSensorChanged$0:135 com.android.server.display.mode.RefreshRateModeManager.$r8$lambda$BgEGrQVb3EtPAelaWDumJqAQvu8:0 
12-22 21:31:04.446 15700 15700 I NearbyDiscovery: (REDACTED) FastPairDisplayObserver: %s -> %s
12-22 21:31:04.523  1689  2017 I SDM     : ToneMappingCore::set_default_vals():851 Initial enablement signals - bypass adaptive TM: 0, actual panel luma usage: 1, temporal filtering of dynamic meta data: 1, histTM enable: 1, static meta data usage: 1
12-22 21:31:04.523  1689  2017 I SDM     : HdrAlgorithm::SetXMLParameters():278 Override enablement signals - bypass adaptive TM: 0, bypass sdr dimming: 1
12-22 21:31:04.538  2586  2974 D RefreshRateModeManager: onBrightnessChangedLocked returned by powerMode, caller=com.android.server.display.mode.RefreshRateModeManager.onBrightnessChangedLocked:262 com.android.server.display.mode.RefreshRateModeManager.lambda$onLightSensorChanged$0:135 com.android.server.display.mode.RefreshRateModeManager.$r8$lambda$BgEGrQVb3EtPAelaWDumJqAQvu8:0 
12-22 21:31:04.545 15700 15700 I NearbyDiscovery: (REDACTED) FastPairDisplayObserver: %s -> %s
12-22 21:31:04.580  2586  2974 D RefreshRateModeManager: onBrightnessChangedLocked returned by powerMode, caller=com.android.server.display.mode.RefreshRateModeManager.onBrightnessChangedLocked:262 com.android.server.display.mode.RefreshRateModeManager.lambda$onLightSensorChanged$0:135 com.android.server.display.mode.RefreshRateModeManager.$r8$lambda$BgEGrQVb3EtPAelaWDumJqAQvu8:0 
12-22 21:31:04.583 15700 15700 I NearbyDiscovery: (REDACTED) FastPairDisplayObserver: %s -> %s
12-22 21:31:04.621  1689  2017 I SDM     : ToneMappingCore::set_default_vals():851 Initial enablement signals - bypass adaptive TM: 0, actual panel luma usage: 1, temporal filtering of dynamic meta data: 1, histTM enable: 1, static meta data usage: 1
12-22 21:31:04.621  1689  2017 I SDM     : HdrAlgorithm::SetXMLParameters():278 Override enablement signals - bypass adaptive TM: 0, bypass sdr dimming: 1
12-22 21:31:04.625  2586  2974 D RefreshRateModeManager: onBrightnessChangedLocked returned by powerMode, caller=com.android.server.display.mode.RefreshRateModeManager.onBrightnessChangedLocked:262 com.android.server.display.mode.RefreshRateModeManager.lambda$onLightSensorChanged$0:135 com.android.server.display.mode.RefreshRateModeManager.$r8$lambda$BgEGrQVb3EtPAelaWDumJqAQvu8:0 
12-22 21:31:04.632 15700 15700 I NearbyDiscovery: (REDACTED) FastPairDisplayObserver: %s -> %s
12-22 21:31:04.641  3711  3711 W PowerUI : Skip charging animation - by plug status
12-22 21:31:04.641  3711  3711 W PowerUI : Skip charging sound - by plug status
12-22 21:31:04.657  3711  3711 I AOD_WAKELOCK@WakeLockManager: acquireIfExists: tag - charging_info, timeout - 1000, reason - Charging Info is showing, delay by 500, wakeLock = WakeLock{8b8d264 held=false, refCount=0}
12-22 21:31:05.627  5864  5902 D GmsGcmMcsSvc: I/O error: java.net.SocketException: Connection reset
12-22 21:31:05.649  5864  5875 D GmsGcmMcsSvc: Teardown initiated, reason: java.net.SocketException: Connection reset
12-22 21:31:05.679  2586  2974 D RefreshRateModeManager: onBrightnessChangedLocked returned by powerMode, caller=com.android.server.display.mode.RefreshRateModeManager.onBrightnessChangedLocked:262 com.android.server.display.mode.RefreshRateModeManager.lambda$onLightSensorChanged$0:135 com.android.server.display.mode.RefreshRateModeManager.$r8$lambda$BgEGrQVb3EtPAelaWDumJqAQvu8:0 
12-22 21:31:05.683 15700 15700 I NearbyDiscovery: (REDACTED) FastPairDisplayObserver: %s -> %s
12-22 21:31:07.257  2586  2586 D EdgeLightingPolicyManager: isAcceptableApplication - accept rechecked by isEdgeLightingAllowed = true uid = 1000
12-22 21:31:07.306  1689  2017 I SDM     : ToneMappingCore::set_default_vals():851 Initial enablement signals - bypass adaptive TM: 0, actual panel luma usage: 1, temporal filtering of dynamic meta data: 1, histTM enable: 1, static meta data usage: 1
12-22 21:31:07.306  1689  2017 I SDM     : HdrAlgorithm::SetXMLParameters():278 Override enablement signals - bypass adaptive TM: 0, bypass sdr dimming: 1
12-22 21:31:07.320  2586  2974 D RefreshRateModeManager: onBrightnessChangedLocked returned by powerMode, caller=com.android.server.display.mode.RefreshRateModeManager.onBrightnessChangedLocked:262 com.android.server.display.mode.RefreshRateModeManager.lambda$onLightSensorChanged$0:135 com.android.server.display.mode.RefreshRateModeManager.$r8$lambda$BgEGrQVb3EtPAelaWDumJqAQvu8:0 
12-22 21:31:07.327 15700 15700 I NearbyDiscovery: (REDACTED) FastPairDisplayObserver: %s -> %s
12-22 21:31:07.433  2586  2974 D RefreshRateModeManager: onBrightnessChangedLocked returned by powerMode, caller=com.android.server.display.mode.RefreshRateModeManager.onBrightnessChangedLocked:262 com.android.server.display.mode.RefreshRateModeManager.lambda$onLightSensorChanged$0:135 com.android.server.display.mode.RefreshRateModeManager.$r8$lambda$BgEGrQVb3EtPAelaWDumJqAQvu8:0 
12-22 21:31:07.438 15700 15700 I NearbyDiscovery: (REDACTED) FastPairDisplayObserver: %s -> %s
12-22 21:31:07.539  2586  2974 D RefreshRateModeManager: onBrightnessChangedLocked returned by powerMode, caller=com.android.server.display.mode.RefreshRateModeManager.onBrightnessChangedLocked:262 com.android.server.display.mode.RefreshRateModeManager.lambda$onLightSensorChanged$0:135 com.android.server.display.mode.RefreshRateModeManager.$r8$lambda$BgEGrQVb3EtPAelaWDumJqAQvu8:0 
12-22 21:31:07.541  1689  2017 I SDM     : ToneMappingCore::set_default_vals():851 Initial enablement signals - bypass adaptive TM: 0, actual panel luma usage: 1, temporal filtering of dynamic meta data: 1, histTM enable: 1, static meta data usage: 1
12-22 21:31:07.541  1689  2017 I SDM     : HdrAlgorithm::SetXMLParameters():278 Override enablement signals - bypass adaptive TM: 0, bypass sdr dimming: 1
12-22 21:31:07.549 15700 15700 I NearbyDiscovery: (REDACTED) FastPairDisplayObserver: %s -> %s
12-22 21:31:07.586  2586  2974 D RefreshRateModeManager: onBrightnessChangedLocked returned by powerMode, caller=com.android.server.display.mode.RefreshRateModeManager.onBrightnessChangedLocked:262 com.android.server.display.mode.RefreshRateModeManager.lambda$onLightSensorChanged$0:135 com.android.server.display.mode.RefreshRateModeManager.$r8$lambda$BgEGrQVb3EtPAelaWDumJqAQvu8:0 
12-22 21:31:07.588 15700 15700 I NearbyDiscovery: (REDACTED) FastPairDisplayObserver: %s -> %s
12-22 21:31:07.708 15700 15700 I NearbyDiscovery: (REDACTED) FastPairDisplayObserver: %s -> %s
12-22 21:31:07.709  1689  2017 I SDM     : ToneMappingCore::set_default_vals():851 Initial enablement signals - bypass adaptive TM: 0, actual panel luma usage: 1, temporal filtering of dynamic meta data: 1, histTM enable: 1, static meta data usage: 1
12-22 21:31:07.709  1689  2017 I SDM     : HdrAlgorithm::SetXMLParameters():278 Override enablement signals - bypass adaptive TM: 0, bypass sdr dimming: 1
12-22 21:31:07.710  2586  2974 D RefreshRateModeManager: onBrightnessChangedLocked returned by powerMode, caller=com.android.server.display.mode.RefreshRateModeManager.onBrightnessChangedLocked:262 com.android.server.display.mode.RefreshRateModeManager.lambda$onLightSensorChanged$0:135 com.android.server.display.mode.RefreshRateModeManager.$r8$lambda$BgEGrQVb3EtPAelaWDumJqAQvu8:0 
12-22 21:31:07.733 15700 15700 I NearbyDiscovery: (REDACTED) FastPairDisplayObserver: %s -> %s
12-22 21:31:07.734  2586  2974 D RefreshRateModeManager: onBrightnessChangedLocked returned by powerMode, caller=com.android.server.display.mode.RefreshRateModeManager.onBrightnessChangedLocked:262 com.android.server.display.mode.RefreshRateModeManager.lambda$onLightSensorChanged$0:135 com.android.server.display.mode.RefreshRateModeManager.$r8$lambda$BgEGrQVb3EtPAelaWDumJqAQvu8:0 
12-22 21:31:08.068  2586  2926 I system_server: Background concurrent mark compact GC freed 21MB AllocSpace bytes, 129(2904KB) LOS objects, 15% free, 128MB/152MB, paused 1.725ms,12.909ms total 370.388ms
12-22 21:31:10.271  2586  2586 D EdgeLightingPolicyManager: isAcceptableApplication - accept rechecked by isEdgeLightingAllowed = true uid = 1000
12-22 21:31:10.325  1689  2017 I SDM     : ToneMappingCore::set_default_vals():851 Initial enablement signals - bypass adaptive TM: 0, actual panel luma usage: 1, temporal filtering of dynamic meta data: 1, histTM enable: 1, static meta data usage: 1
12-22 21:31:10.325  1689  2017 I SDM     : HdrAlgorithm::SetXMLParameters():278 Override enablement signals - bypass adaptive TM: 0, bypass sdr dimming: 1
12-22 21:31:10.325  2586  2974 D RefreshRateModeManager: onBrightnessChangedLocked returned by powerMode, caller=com.android.server.display.mode.RefreshRateModeManager.onBrightnessChangedLocked:262 com.android.server.display.mode.RefreshRateModeManager.lambda$onLightSensorChanged$0:135 com.android.server.display.mode.RefreshRateModeManager.$r8$lambda$BgEGrQVb3EtPAelaWDumJqAQvu8:0 
12-22 21:31:10.329 15700 15700 I NearbyDiscovery: (REDACTED) FastPairDisplayObserver: %s -> %s
12-22 21:31:10.450  2586  2974 D RefreshRateModeManager: onBrightnessChangedLocked returned by powerMode, caller=com.android.server.display.mode.RefreshRateModeManager.onBrightnessChangedLocked:262 com.android.server.display.mode.RefreshRateModeManager.lambda$onLightSensorChanged$0:135 com.android.server.display.mode.RefreshRateModeManager.$r8$lambda$BgEGrQVb3EtPAelaWDumJqAQvu8:0 
12-22 21:31:10.453 15700 15700 I NearbyDiscovery: (REDACTED) FastPairDisplayObserver: %s -> %s
12-22 21:31:10.545  1689  2017 I SDM     : ToneMappingCore::set_default_vals():851 Initial enablement signals - bypass adaptive TM: 0, actual panel luma usage: 1, temporal filtering of dynamic meta data: 1, histTM enable: 1, static meta data usage: 1
12-22 21:31:10.545  1689  2017 I SDM     : HdrAlgorithm::SetXMLParameters():278 Override enablement signals - bypass adaptive TM: 0, bypass sdr dimming: 1
12-22 21:31:10.558  2586  2974 D RefreshRateModeManager: onBrightnessChangedLocked returned by powerMode, caller=com.android.server.display.mode.RefreshRateModeManager.onBrightnessChangedLocked:262 com.android.server.display.mode.RefreshRateModeManager.lambda$onLightSensorChanged$0:135 com.android.server.display.mode.RefreshRateModeManager.$r8$lambda$BgEGrQVb3EtPAelaWDumJqAQvu8:0 
12-22 21:31:10.563 15700 15700 I NearbyDiscovery: (REDACTED) FastPairDisplayObserver: %s -> %s
12-22 21:31:10.592  2586  2974 D RefreshRateModeManager: onBrightnessChangedLocked returned by powerMode, caller=com.android.server.display.mode.RefreshRateModeManager.onBrightnessChangedLocked:262 com.android.server.display.mode.RefreshRateModeManager.lambda$onLightSensorChanged$0:135 com.android.server.display.mode.RefreshRateModeManager.$r8$lambda$BgEGrQVb3EtPAelaWDumJqAQvu8:0 
12-22 21:31:10.596 15700 15700 I NearbyDiscovery: (REDACTED) FastPairDisplayObserver: %s -> %s
12-22 21:31:10.677  5864  5864 D GmsGcmTrigger: Not connected to GCM but should be, asking the service to start up. Triggered by: Intent { act=org.microg.gms.gcm.mcs.RECONNECT flg=0x14 cmp=app.revanced.android.gms/org.microg.gms.gcm.TriggerReceiver (has extras) }
12-22 21:31:10.694  1689  2017 I SDM     : ToneMappingCore::set_default_vals():851 Initial enablement signals - bypass adaptive TM: 0, actual panel luma usage: 1, temporal filtering of dynamic meta data: 1, histTM enable: 1, static meta data usage: 1
12-22 21:31:10.694  1689  2017 I SDM     : HdrAlgorithm::SetXMLParameters():278 Override enablement signals - bypass adaptive TM: 0, bypass sdr dimming: 1
12-22 21:31:10.704  2586  2974 D RefreshRateModeManager: onBrightnessChangedLocked returned by powerMode, caller=com.android.server.display.mode.RefreshRateModeManager.onBrightnessChangedLocked:262 com.android.server.display.mode.RefreshRateModeManager.lambda$onLightSensorChanged$0:135 com.android.server.display.mode.RefreshRateModeManager.$r8$lambda$BgEGrQVb3EtPAelaWDumJqAQvu8:0 
12-22 21:31:10.710 15700 15700 I NearbyDiscovery: (REDACTED) FastPairDisplayObserver: %s -> %s
12-22 21:31:10.734  2586  2974 D RefreshRateModeManager: onBrightnessChangedLocked returned by powerMode, caller=com.android.server.display.mode.RefreshRateModeManager.onBrightnessChangedLocked:262 com.android.server.display.mode.RefreshRateModeManager.lambda$onLightSensorChanged$0:135 com.android.server.display.mode.RefreshRateModeManager.$r8$lambda$BgEGrQVb3EtPAelaWDumJqAQvu8:0 
12-22 21:31:10.740 15700 15700 I NearbyDiscovery: (REDACTED) FastPairDisplayObserver: %s -> %s
12-22 21:31:11.447  2586  3638 D NetdEventListenerService: DNS Requested by 489, 10362, 728
12-22 21:31:13.280  2586  2586 D EdgeLightingPolicyManager: isAcceptableApplication - accept rechecked by isEdgeLightingAllowed = true uid = 1000
12-22 21:31:13.328  1689  2017 I SDM     : ToneMappingCore::set_default_vals():851 Initial enablement signals - bypass adaptive TM: 0, actual panel luma usage: 1, temporal filtering of dynamic meta data: 1, histTM enable: 1, static meta data usage: 1
12-22 21:31:13.328  1689  2017 I SDM     : HdrAlgorithm::SetXMLParameters():278 Override enablement signals - bypass adaptive TM: 0, bypass sdr dimming: 1
12-22 21:31:13.331 15700 15700 I NearbyDiscovery: (REDACTED) FastPairDisplayObserver: %s -> %s
12-22 21:31:13.336  2586  2974 D RefreshRateModeManager: onBrightnessChangedLocked returned by powerMode, caller=com.android.server.display.mode.RefreshRateModeManager.onBrightnessChangedLocked:262 com.android.server.display.mode.RefreshRateModeManager.lambda$onLightSensorChanged$0:135 com.android.server.display.mode.RefreshRateModeManager.$r8$lambda$BgEGrQVb3EtPAelaWDumJqAQvu8:0 
12-22 21:31:13.454 15700 15700 I NearbyDiscovery: (REDACTED) FastPairDisplayObserver: %s -> %s
12-22 21:31:13.456  2586  2974 D RefreshRateModeManager: onBrightnessChangedLocked returned by powerMode, caller=com.android.server.display.mode.RefreshRateModeManager.onBrightnessChangedLocked:262 com.android.server.display.mode.RefreshRateModeManager.lambda$onLightSensorChanged$0:135 com.android.server.display.mode.RefreshRateModeManager.$r8$lambda$BgEGrQVb3EtPAelaWDumJqAQvu8:0 
12-22 21:31:13.553  2586  2974 D RefreshRateModeManager: onBrightnessChangedLocked returned by powerMode, caller=com.android.server.display.mode.RefreshRateModeManager.onBrightnessChangedLocked:262 com.android.server.display.mode.RefreshRateModeManager.lambda$onLightSensorChanged$0:135 com.android.server.display.mode.RefreshRateModeManager.$r8$lambda$BgEGrQVb3EtPAelaWDumJqAQvu8:0 
12-22 21:31:13.562 15700 15700 I NearbyDiscovery: (REDACTED) FastPairDisplayObserver: %s -> %s
12-22 21:31:13.563  1689  2017 I SDM     : ToneMappingCore::set_default_vals():851 Initial enablement signals - bypass adaptive TM: 0, actual panel luma usage: 1, temporal filtering of dynamic meta data: 1, histTM enable: 1, static meta data usage: 1
12-22 21:31:13.563  1689  2017 I SDM     : HdrAlgorithm::SetXMLParameters():278 Override enablement signals - bypass adaptive TM: 0, bypass sdr dimming: 1
12-22 21:31:13.605  2586  2974 D RefreshRateModeManager: onBrightnessChangedLocked returned by powerMode, caller=com.android.server.display.mode.RefreshRateModeManager.onBrightnessChangedLocked:262 com.android.server.display.mode.RefreshRateModeManager.lambda$onLightSensorChanged$0:135 com.android.server.display.mode.RefreshRateModeManager.$r8$lambda$BgEGrQVb3EtPAelaWDumJqAQvu8:0 
12-22 21:31:13.609 15700 15700 I NearbyDiscovery: (REDACTED) FastPairDisplayObserver: %s -> %s
12-22 21:31:13.664  2586  2974 D RefreshRateModeManager: onBrightnessChangedLocked returned by powerMode, caller=com.android.server.display.mode.RefreshRateModeManager.onBrightnessChangedLocked:262 com.android.server.display.mode.RefreshRateModeManager.lambda$onLightSensorChanged$0:135 com.android.server.display.mode.RefreshRateModeManager.$r8$lambda$BgEGrQVb3EtPAelaWDumJqAQvu8:0 
12-22 21:31:13.665  1689  2017 I SDM     : ToneMappingCore::set_default_vals():851 Initial enablement signals - bypass adaptive TM: 0, actual panel luma usage: 1, temporal filtering of dynamic meta data: 1, histTM enable: 1, static meta data usage: 1
12-22 21:31:13.665  1689  2017 I SDM     : HdrAlgorithm::SetXMLParameters():278 Override enablement signals - bypass adaptive TM: 0, bypass sdr dimming: 1
12-22 21:31:13.668 15700 15700 I NearbyDiscovery: (REDACTED) FastPairDisplayObserver: %s -> %s
12-22 21:31:13.767 15700 15700 I NearbyDiscovery: (REDACTED) FastPairDisplayObserver: %s -> %s
12-22 21:31:13.770  2586  2974 D RefreshRateModeManager: onBrightnessChangedLocked returned by powerMode, caller=com.android.server.display.mode.RefreshRateModeManager.onBrightnessChangedLocked:262 com.android.server.display.mode.RefreshRateModeManager.lambda$onLightSensorChanged$0:135 com.android.server.display.mode.RefreshRateModeManager.$r8$lambda$BgEGrQVb3EtPAelaWDumJqAQvu8:0 
12-22 21:31:14.801  3711  3711 W PowerUI : Skip charging animation - by plug status
12-22 21:31:14.801  3711  3711 W PowerUI : Skip charging sound - by plug status
12-22 21:31:16.293  2586  2586 D EdgeLightingPolicyManager: isAcceptableApplication - accept rechecked by isEdgeLightingAllowed = true uid = 1000
12-22 21:31:16.348  1689  2017 I SDM     : ToneMappingCore::set_default_vals():851 Initial enablement signals - bypass adaptive TM: 0, actual panel luma usage: 1, temporal filtering of dynamic meta data: 1, histTM enable: 1, static meta data usage: 1
12-22 21:31:16.348  1689  2017 I SDM     : HdrAlgorithm::SetXMLParameters():278 Override enablement signals - bypass adaptive TM: 0, bypass sdr dimming: 1
12-22 21:31:16.361  2586  2974 D RefreshRateModeManager: onBrightnessChangedLocked returned by powerMode, caller=com.android.server.display.mode.RefreshRateModeManager.onBrightnessChangedLocked:262 com.android.server.display.mode.RefreshRateModeManager.lambda$onLightSensorChanged$0:135 com.android.server.display.mode.RefreshRateModeManager.$r8$lambda$BgEGrQVb3EtPAelaWDumJqAQvu8:0 
12-22 21:31:16.371 15700 15700 I NearbyDiscovery: (REDACTED) FastPairDisplayObserver: %s -> %s
12-22 21:31:16.481  2586  2974 D RefreshRateModeManager: onBrightnessChangedLocked returned by powerMode, caller=com.android.server.display.mode.RefreshRateModeManager.onBrightnessChangedLocked:262 com.android.server.display.mode.RefreshRateModeManager.lambda$onLightSensorChanged$0:135 com.android.server.display.mode.RefreshRateModeManager.$r8$lambda$BgEGrQVb3EtPAelaWDumJqAQvu8:0 
12-22 21:31:16.493 15700 15700 I NearbyDiscovery: (REDACTED) FastPairDisplayObserver: %s -> %s
12-22 21:31:16.567  1689  2017 I SDM     : ToneMappingCore::set_default_vals():851 Initial enablement signals - bypass adaptive TM: 0, actual panel luma usage: 1, temporal filtering of dynamic meta data: 1, histTM enable: 1, static meta data usage: 1
12-22 21:31:16.567  1689  2017 I SDM     : HdrAlgorithm::SetXMLParameters():278 Override enablement signals - bypass adaptive TM: 0, bypass sdr dimming: 1
12-22 21:31:16.584 15700 15700 I NearbyDiscovery: (REDACTED) FastPairDisplayObserver: %s -> %s
12-22 21:31:16.585  2586  2974 D RefreshRateModeManager: onBrightnessChangedLocked returned by powerMode, caller=com.android.server.display.mode.RefreshRateModeManager.onBrightnessChangedLocked:262 com.android.server.display.mode.RefreshRateModeManager.lambda$onLightSensorChanged$0:135 com.android.server.display.mode.RefreshRateModeManager.$r8$lambda$BgEGrQVb3EtPAelaWDumJqAQvu8:0 
12-22 21:31:16.626  2586  2974 D RefreshRateModeManager: onBrightnessChangedLocked returned by powerMode, caller=com.android.server.display.mode.RefreshRateModeManager.onBrightnessChangedLocked:262 com.android.server.display.mode.RefreshRateModeManager.lambda$onLightSensorChanged$0:135 com.android.server.display.mode.RefreshRateModeManager.$r8$lambda$BgEGrQVb3EtPAelaWDumJqAQvu8:0 
12-22 21:31:16.629 15700 15700 I NearbyDiscovery: (REDACTED) FastPairDisplayObserver: %s -> %s
12-22 21:31:16.665  2586  2974 D RefreshRateModeManager: onBrightnessChangedLocked returned by powerMode, caller=com.android.server.display.mode.RefreshRateModeManager.onBrightnessChangedLocked:262 com.android.server.display.mode.RefreshRateModeManager.lambda$onLightSensorChanged$0:135 com.android.server.display.mode.RefreshRateModeManager.$r8$lambda$BgEGrQVb3EtPAelaWDumJqAQvu8:0 
12-22 21:31:16.667  1689  2017 I SDM     : ToneMappingCore::set_default_vals():851 Initial enablement signals - bypass adaptive TM: 0, actual panel luma usage: 1, temporal filtering of dynamic meta data: 1, histTM enable: 1, static meta data usage: 1
12-22 21:31:16.667  1689  2017 I SDM     : HdrAlgorithm::SetXMLParameters():278 Override enablement signals - bypass adaptive TM: 0, bypass sdr dimming: 1
12-22 21:31:16.675 15700 15700 I NearbyDiscovery: (REDACTED) FastPairDisplayObserver: %s -> %s
12-22 21:31:16.774  2586  2974 D RefreshRateModeManager: onBrightnessChangedLocked returned by powerMode, caller=com.android.server.display.mode.RefreshRateModeManager.onBrightnessChangedLocked:262 com.android.server.display.mode.RefreshRateModeManager.lambda$onLightSensorChanged$0:135 com.android.server.display.mode.RefreshRateModeManager.$r8$lambda$BgEGrQVb3EtPAelaWDumJqAQvu8:0 
12-22 21:31:16.781 15700 15700 I NearbyDiscovery: (REDACTED) FastPairDisplayObserver: %s -> %s
12-22 21:31:18.649  2586  3464 D SensorService: setSContextDataLocked ints length 2 , byte length 4
12-22 21:31:18.660  2586  3464 D SensorService: setSContextDataLocked ints length 3 , byte length 5
12-22 21:31:18.669  2586  3464 D SensorService: setSContextDataLocked ints length 2 , byte length 4
12-22 21:31:19.303  2586  2586 D EdgeLightingPolicyManager: isAcceptableApplication - accept rechecked by isEdgeLightingAllowed = true uid = 1000
12-22 21:31:19.353  1689  2017 I SDM     : ToneMappingCore::set_default_vals():851 Initial enablement signals - bypass adaptive TM: 0, actual panel luma usage: 1, temporal filtering of dynamic meta data: 1, histTM enable: 1, static meta data usage: 1
12-22 21:31:19.353  1689  2017 I SDM     : HdrAlgorithm::SetXMLParameters():278 Override enablement signals - bypass adaptive TM: 0, bypass sdr dimming: 1
12-22 21:31:19.371  2586  2974 D RefreshRateModeManager: onBrightnessChangedLocked returned by powerMode, caller=com.android.server.display.mode.RefreshRateModeManager.onBrightnessChangedLocked:262 com.android.server.display.mode.RefreshRateModeManager.lambda$onLightSensorChanged$0:135 com.android.server.display.mode.RefreshRateModeManager.$r8$lambda$BgEGrQVb3EtPAelaWDumJqAQvu8:0 
12-22 21:31:19.381 15700 15700 I NearbyDiscovery: (REDACTED) FastPairDisplayObserver: %s -> %s
12-22 21:31:19.484  2586  2974 D RefreshRateModeManager: onBrightnessChangedLocked returned by powerMode, caller=com.android.server.display.mode.RefreshRateModeManager.onBrightnessChangedLocked:262 com.android.server.display.mode.RefreshRateModeManager.lambda$onLightSensorChanged$0:135 com.android.server.display.mode.RefreshRateModeManager.$r8$lambda$BgEGrQVb3EtPAelaWDumJqAQvu8:0 
12-22 21:31:19.493 15700 15700 I NearbyDiscovery: (REDACTED) FastPairDisplayObserver: %s -> %s
12-22 21:31:19.585  1689  2017 I SDM     : ToneMappingCore::set_default_vals():851 Initial enablement signals - bypass adaptive TM: 0, actual panel luma usage: 1, temporal filtering of dynamic meta data: 1, histTM enable: 1, static meta data usage: 1
12-22 21:31:19.585  1689  2017 I SDM     : HdrAlgorithm::SetXMLParameters():278 Override enablement signals - bypass adaptive TM: 0, bypass sdr dimming: 1
12-22 21:31:19.597  2586  2974 D RefreshRateModeManager: onBrightnessChangedLocked returned by powerMode, caller=com.android.server.display.mode.RefreshRateModeManager.onBrightnessChangedLocked:262 com.android.server.display.mode.RefreshRateModeManager.lambda$onLightSensorChanged$0:135 com.android.server.display.mode.RefreshRateModeManager.$r8$lambda$BgEGrQVb3EtPAelaWDumJqAQvu8:0 
12-22 21:31:19.600 15700 15700 I NearbyDiscovery: (REDACTED) FastPairDisplayObserver: %s -> %s
12-22 21:31:19.638  2586  2974 D RefreshRateModeManager: onBrightnessChangedLocked returned by powerMode, caller=com.android.server.display.mode.RefreshRateModeManager.onBrightnessChangedLocked:262 com.android.server.display.mode.RefreshRateModeManager.lambda$onLightSensorChanged$0:135 com.android.server.display.mode.RefreshRateModeManager.$r8$lambda$BgEGrQVb3EtPAelaWDumJqAQvu8:0 
12-22 21:31:19.643 15700 15700 I NearbyDiscovery: (REDACTED) FastPairDisplayObserver: %s -> %s
12-22 21:31:19.738  1689  2017 I SDM     : ToneMappingCore::set_default_vals():851 Initial enablement signals - bypass adaptive TM: 0, actual panel luma usage: 1, temporal filtering of dynamic meta data: 1, histTM enable: 1, static meta data usage: 1
12-22 21:31:19.738  1689  2017 I SDM     : HdrAlgorithm::SetXMLParameters():278 Override enablement signals - bypass adaptive TM: 0, bypass sdr dimming: 1
12-22 21:31:19.749  2586  2974 D RefreshRateModeManager: onBrightnessChangedLocked returned by powerMode, caller=com.android.server.display.mode.RefreshRateModeManager.onBrightnessChangedLocked:262 com.android.server.display.mode.RefreshRateModeManager.lambda$onLightSensorChanged$0:135 com.android.server.display.mode.RefreshRateModeManager.$r8$lambda$BgEGrQVb3EtPAelaWDumJqAQvu8:0 
12-22 21:31:19.751 15700 15700 I NearbyDiscovery: (REDACTED) FastPairDisplayObserver: %s -> %s
12-22 21:31:19.782 15700 15700 I NearbyDiscovery: (REDACTED) FastPairDisplayObserver: %s -> %s
12-22 21:31:19.782  2586  2974 D RefreshRateModeManager: onBrightnessChangedLocked returned by powerMode, caller=com.android.server.display.mode.RefreshRateModeManager.onBrightnessChangedLocked:262 com.android.server.display.mode.RefreshRateModeManager.lambda$onLightSensorChanged$0:135 com.android.server.display.mode.RefreshRateModeManager.$r8$lambda$BgEGrQVb3EtPAelaWDumJqAQvu8:0 
12-22 21:31:22.315  2586  2586 D EdgeLightingPolicyManager: isAcceptableApplication - accept rechecked by isEdgeLightingAllowed = true uid = 1000
12-22 21:31:22.371  1689  2017 I SDM     : ToneMappingCore::set_default_vals():851 Initial enablement signals - bypass adaptive TM: 0, actual panel luma usage: 1, temporal filtering of dynamic meta data: 1, histTM enable: 1, static meta data usage: 1
12-22 21:31:22.371  1689  2017 I SDM     : HdrAlgorithm::SetXMLParameters():278 Override enablement signals - bypass adaptive TM: 0, bypass sdr dimming: 1
12-22 21:31:22.375 15700 15700 I NearbyDiscovery: (REDACTED) FastPairDisplayObserver: %s -> %s
12-22 21:31:22.376  2586  2974 D RefreshRateModeManager: onBrightnessChangedLocked returned by powerMode, caller=com.android.server.display.mode.RefreshRateModeManager.onBrightnessChangedLocked:262 com.android.server.display.mode.RefreshRateModeManager.lambda$onLightSensorChanged$0:135 com.android.server.display.mode.RefreshRateModeManager.$r8$lambda$BgEGrQVb3EtPAelaWDumJqAQvu8:0 
12-22 21:31:22.491  2586  2974 D RefreshRateModeManager: onBrightnessChangedLocked returned by powerMode, caller=com.android.server.display.mode.RefreshRateModeManager.onBrightnessChangedLocked:262 com.android.server.display.mode.RefreshRateModeManager.lambda$onLightSensorChanged$0:135 com.android.server.display.mode.RefreshRateModeManager.$r8$lambda$BgEGrQVb3EtPAelaWDumJqAQvu8:0 
12-22 21:31:22.496 15700 15700 I NearbyDiscovery: (REDACTED) FastPairDisplayObserver: %s -> %s
12-22 21:31:22.606 15700 15700 I NearbyDiscovery: (REDACTED) FastPairDisplayObserver: %s -> %s
12-22 21:31:22.607  1689  2017 I SDM     : ToneMappingCore::set_default_vals():851 Initial enablement signals - bypass adaptive TM: 0, actual panel luma usage: 1, temporal filtering of dynamic meta data: 1, histTM enable: 1, static meta data usage: 1
12-22 21:31:22.607  1689  2017 I SDM     : HdrAlgorithm::SetXMLParameters():278 Override enablement signals - bypass adaptive TM: 0, bypass sdr dimming: 1
12-22 21:31:22.612  2586  2974 D RefreshRateModeManager: onBrightnessChangedLocked returned by powerMode, caller=com.android.server.display.mode.RefreshRateModeManager.onBrightnessChangedLocked:262 com.android.server.display.mode.RefreshRateModeManager.lambda$onLightSensorChanged$0:135 com.android.server.display.mode.RefreshRateModeManager.$r8$lambda$BgEGrQVb3EtPAelaWDumJqAQvu8:0 
12-22 21:31:22.650  2586  2974 D RefreshRateModeManager: onBrightnessChangedLocked returned by powerMode, caller=com.android.server.display.mode.RefreshRateModeManager.onBrightnessChangedLocked:262 com.android.server.display.mode.RefreshRateModeManager.lambda$onLightSensorChanged$0:135 com.android.server.display.mode.RefreshRateModeManager.$r8$lambda$BgEGrQVb3EtPAelaWDumJqAQvu8:0 
12-22 21:31:22.653 15700 15700 I NearbyDiscovery: (REDACTED) FastPairDisplayObserver: %s -> %s
12-22 21:31:22.704  2586  2974 D RefreshRateModeManager: onBrightnessChangedLocked returned by powerMode, caller=com.android.server.display.mode.RefreshRateModeManager.onBrightnessChangedLocked:262 com.android.server.display.mode.RefreshRateModeManager.lambda$onLightSensorChanged$0:135 com.android.server.display.mode.RefreshRateModeManager.$r8$lambda$BgEGrQVb3EtPAelaWDumJqAQvu8:0 
12-22 21:31:22.708  1689  2017 I SDM     : ToneMappingCore::set_default_vals():851 Initial enablement signals - bypass adaptive TM: 0, actual panel luma usage: 1, temporal filtering of dynamic meta data: 1, histTM enable: 1, static meta data usage: 1
12-22 21:31:22.708  1689  2017 I SDM     : HdrAlgorithm::SetXMLParameters():278 Override enablement signals - bypass adaptive TM: 0, bypass sdr dimming: 1
12-22 21:31:22.709 15700 15700 I NearbyDiscovery: (REDACTED) FastPairDisplayObserver: %s -> %s
12-22 21:31:22.799  2586  2974 D RefreshRateModeManager: onBrightnessChangedLocked returned by powerMode, caller=com.android.server.display.mode.RefreshRateModeManager.onBrightnessChangedLocked:262 com.android.server.display.mode.RefreshRateModeManager.lambda$onLightSensorChanged$0:135 com.android.server.display.mode.RefreshRateModeManager.$r8$lambda$BgEGrQVb3EtPAelaWDumJqAQvu8:0 
12-22 21:31:22.803 15700 15700 I NearbyDiscovery: (REDACTED) FastPairDisplayObserver: %s -> %s
12-22 21:31:24.971  3711  3711 W PowerUI : Skip charging animation - by plug status
12-22 21:31:24.971  3711  3711 W PowerUI : Skip charging sound - by plug status
12-22 21:31:24.985  3711  3711 I AOD_WAKELOCK@WakeLockManager: acquireIfExists: tag - charging_info, timeout - 1000, reason - Charging Info is showing, delay by 500, wakeLock = WakeLock{8b8d264 held=false, refCount=0}
12-22 21:31:25.008  1689  2017 I SDM     : ToneMappingCore::set_default_vals():851 Initial enablement signals - bypass adaptive TM: 0, actual panel luma usage: 1, temporal filtering of dynamic meta data: 1, histTM enable: 1, static meta data usage: 1
12-22 21:31:25.008  1689  2017 I SDM     : HdrAlgorithm::SetXMLParameters():278 Override enablement signals - bypass adaptive TM: 0, bypass sdr dimming: 1
12-22 21:31:25.013 15700 15700 I NearbyDiscovery: (REDACTED) FastPairDisplayObserver: %s -> %s
12-22 21:31:25.017  2586  2974 D RefreshRateModeManager: onBrightnessChangedLocked returned by powerMode, caller=com.android.server.display.mode.RefreshRateModeManager.onBrightnessChangedLocked:262 com.android.server.display.mode.RefreshRateModeManager.lambda$onLightSensorChanged$0:135 com.android.server.display.mode.RefreshRateModeManager.$r8$lambda$BgEGrQVb3EtPAelaWDumJqAQvu8:0 
12-22 21:31:25.329  2586  2586 D EdgeLightingPolicyManager: isAcceptableApplication - accept rechecked by isEdgeLightingAllowed = true uid = 1000
12-22 21:31:26.015  2586  2974 D RefreshRateModeManager: onBrightnessChangedLocked returned by powerMode, caller=com.android.server.display.mode.RefreshRateModeManager.onBrightnessChangedLocked:262 com.android.server.display.mode.RefreshRateModeManager.lambda$onLightSensorChanged$0:135 com.android.server.display.mode.RefreshRateModeManager.$r8$lambda$BgEGrQVb3EtPAelaWDumJqAQvu8:0 
12-22 21:31:26.020 15700 15700 I NearbyDiscovery: (REDACTED) FastPairDisplayObserver: %s -> %s
12-22 21:31:28.343  2586  2586 D EdgeLightingPolicyManager: isAcceptableApplication - accept rechecked by isEdgeLightingAllowed = true uid = 1000
12-22 21:31:28.394  1689  2017 I SDM     : ToneMappingCore::set_default_vals():851 Initial enablement signals - bypass adaptive TM: 0, actual panel luma usage: 1, temporal filtering of dynamic meta data: 1, histTM enable: 1, static meta data usage: 1
12-22 21:31:28.394  1689  2017 I SDM     : HdrAlgorithm::SetXMLParameters():278 Override enablement signals - bypass adaptive TM: 0, bypass sdr dimming: 1
12-22 21:31:28.405  2586  2974 D RefreshRateModeManager: onBrightnessChangedLocked returned by powerMode, caller=com.android.server.display.mode.RefreshRateModeManager.onBrightnessChangedLocked:262 com.android.server.display.mode.RefreshRateModeManager.lambda$onLightSensorChanged$0:135 com.android.server.display.mode.RefreshRateModeManager.$r8$lambda$BgEGrQVb3EtPAelaWDumJqAQvu8:0 
12-22 21:31:28.411 15700 15700 I NearbyDiscovery: (REDACTED) FastPairDisplayObserver: %s -> %s
12-22 21:31:28.517  2586  2974 D RefreshRateModeManager: onBrightnessChangedLocked returned by powerMode, caller=com.android.server.display.mode.RefreshRateModeManager.onBrightnessChangedLocked:262 com.android.server.display.mode.RefreshRateModeManager.lambda$onLightSensorChanged$0:135 com.android.server.display.mode.RefreshRateModeManager.$r8$lambda$BgEGrQVb3EtPAelaWDumJqAQvu8:0 
12-22 21:31:28.519 15700 15700 I NearbyDiscovery: (REDACTED) FastPairDisplayObserver: %s -> %s
12-22 21:31:28.613  1689  2017 I SDM     : ToneMappingCore::set_default_vals():851 Initial enablement signals - bypass adaptive TM: 0, actual panel luma usage: 1, temporal filtering of dynamic meta data: 1, histTM enable: 1, static meta data usage: 1
12-22 21:31:28.613  1689  2017 I SDM     : HdrAlgorithm::SetXMLParameters():278 Override enablement signals - bypass adaptive TM: 0, bypass sdr dimming: 1
12-22 21:31:28.617 15700 15700 I NearbyDiscovery: (REDACTED) FastPairDisplayObserver: %s -> %s
12-22 21:31:28.621  2586  2974 D RefreshRateModeManager: onBrightnessChangedLocked returned by powerMode, caller=com.android.server.display.mode.RefreshRateModeManager.onBrightnessChangedLocked:262 com.android.server.display.mode.RefreshRateModeManager.lambda$onLightSensorChanged$0:135 com.android.server.display.mode.RefreshRateModeManager.$r8$lambda$BgEGrQVb3EtPAelaWDumJqAQvu8:0 
12-22 21:31:28.665  2586  2974 D RefreshRateModeManager: onBrightnessChangedLocked returned by powerMode, caller=com.android.server.display.mode.RefreshRateModeManager.onBrightnessChangedLocked:262 com.android.server.display.mode.RefreshRateModeManager.lambda$onLightSensorChanged$0:135 com.android.server.display.mode.RefreshRateModeManager.$r8$lambda$BgEGrQVb3EtPAelaWDumJqAQvu8:0 
12-22 21:31:28.669 15700 15700 I NearbyDiscovery: (REDACTED) FastPairDisplayObserver: %s -> %s
12-22 21:31:28.713  2586  2974 D RefreshRateModeManager: onBrightnessChangedLocked returned by powerMode, caller=com.android.server.display.mode.RefreshRateModeManager.onBrightnessChangedLocked:262 com.android.server.display.mode.RefreshRateModeManager.lambda$onLightSensorChanged$0:135 com.android.server.display.mode.RefreshRateModeManager.$r8$lambda$BgEGrQVb3EtPAelaWDumJqAQvu8:0 
12-22 21:31:28.713  1689  2017 I SDM     : ToneMappingCore::set_default_vals():851 Initial enablement signals - bypass adaptive TM: 0, actual panel luma usage: 1, temporal filtering of dynamic meta data: 1, histTM enable: 1, static meta data usage: 1
12-22 21:31:28.713  1689  2017 I SDM     : HdrAlgorithm::SetXMLParameters():278 Override enablement signals - bypass adaptive TM: 0, bypass sdr dimming: 1
12-22 21:31:28.720 15700 15700 I NearbyDiscovery: (REDACTED) FastPairDisplayObserver: %s -> %s
12-22 21:31:28.823  2586  2974 D RefreshRateModeManager: onBrightnessChangedLocked returned by powerMode, caller=com.android.server.display.mode.RefreshRateModeManager.onBrightnessChangedLocked:262 com.android.server.display.mode.RefreshRateModeManager.lambda$onLightSensorChanged$0:135 com.android.server.display.mode.RefreshRateModeManager.$r8$lambda$BgEGrQVb3EtPAelaWDumJqAQvu8:0 
12-22 21:31:28.837 15700 15700 I NearbyDiscovery: (REDACTED) FastPairDisplayObserver: %s -> %s
12-22 21:31:31.356  2586  2586 D EdgeLightingPolicyManager: isAcceptableApplication - accept rechecked by isEdgeLightingAllowed = true uid = 1000
12-22 21:31:31.415  1689  2017 I SDM     : ToneMappingCore::set_default_vals():851 Initial enablement signals - bypass adaptive TM: 0, actual panel luma usage: 1, temporal filtering of dynamic meta data: 1, histTM enable: 1, static meta data usage: 1
12-22 21:31:31.415  1689  2017 I SDM     : HdrAlgorithm::SetXMLParameters():278 Override enablement signals - bypass adaptive TM: 0, bypass sdr dimming: 1
12-22 21:31:31.426  2586  2974 D RefreshRateModeManager: onBrightnessChangedLocked returned by powerMode, caller=com.android.server.display.mode.RefreshRateModeManager.onBrightnessChangedLocked:262 com.android.server.display.mode.RefreshRateModeManager.lambda$onLightSensorChanged$0:135 com.android.server.display.mode.RefreshRateModeManager.$r8$lambda$BgEGrQVb3EtPAelaWDumJqAQvu8:0 
12-22 21:31:31.430 15700 15700 I NearbyDiscovery: (REDACTED) FastPairDisplayObserver: %s -> %s
12-22 21:31:31.540 15700 15700 I NearbyDiscovery: (REDACTED) FastPairDisplayObserver: %s -> %s
12-22 21:31:31.542  2586  2974 D RefreshRateModeManager: onBrightnessChangedLocked returned by powerMode, caller=com.android.server.display.mode.RefreshRateModeManager.onBrightnessChangedLocked:262 com.android.server.display.mode.RefreshRateModeManager.lambda$onLightSensorChanged$0:135 com.android.server.display.mode.RefreshRateModeManager.$r8$lambda$BgEGrQVb3EtPAelaWDumJqAQvu8:0 
12-22 21:31:31.645 15700 15700 I NearbyDiscovery: (REDACTED) FastPairDisplayObserver: %s -> %s
12-22 21:31:31.650  1689  2017 I SDM     : ToneMappingCore::set_default_vals():851 Initial enablement signals - bypass adaptive TM: 0, actual panel luma usage: 1, temporal filtering of dynamic meta data: 1, histTM enable: 1, static meta data usage: 1
12-22 21:31:31.650  1689  2017 I SDM     : HdrAlgorithm::SetXMLParameters():278 Override enablement signals - bypass adaptive TM: 0, bypass sdr dimming: 1
12-22 21:31:31.652  2586  2974 D RefreshRateModeManager: onBrightnessChangedLocked returned by powerMode, caller=com.android.server.display.mode.RefreshRateModeManager.onBrightnessChangedLocked:262 com.android.server.display.mode.RefreshRateModeManager.lambda$onLightSensorChanged$0:135 com.android.server.display.mode.RefreshRateModeManager.$r8$lambda$BgEGrQVb3EtPAelaWDumJqAQvu8:0 
12-22 21:31:31.692  2586  2974 D RefreshRateModeManager: onBrightnessChangedLocked returned by powerMode, caller=com.android.server.display.mode.RefreshRateModeManager.onBrightnessChangedLocked:262 com.android.server.display.mode.RefreshRateModeManager.lambda$onLightSensorChanged$0:135 com.android.server.display.mode.RefreshRateModeManager.$r8$lambda$BgEGrQVb3EtPAelaWDumJqAQvu8:0 
12-22 21:31:31.696 15700 15700 I NearbyDiscovery: (REDACTED) FastPairDisplayObserver: %s -> %s
12-22 21:31:31.750  1689  2017 I SDM     : ToneMappingCore::set_default_vals():851 Initial enablement signals - bypass adaptive TM: 0, actual panel luma usage: 1, temporal filtering of dynamic meta data: 1, histTM enable: 1, static meta data usage: 1
12-22 21:31:31.750  1689  2017 I SDM     : HdrAlgorithm::SetXMLParameters():278 Override enablement signals - bypass adaptive TM: 0, bypass sdr dimming: 1
12-22 21:31:31.750  2586  2974 D RefreshRateModeManager: onBrightnessChangedLocked returned by powerMode, caller=com.android.server.display.mode.RefreshRateModeManager.onBrightnessChangedLocked:262 com.android.server.display.mode.RefreshRateModeManager.lambda$onLightSensorChanged$0:135 com.android.server.display.mode.RefreshRateModeManager.$r8$lambda$BgEGrQVb3EtPAelaWDumJqAQvu8:0 
12-22 21:31:31.757 15700 15700 I NearbyDiscovery: (REDACTED) FastPairDisplayObserver: %s -> %s
12-22 21:31:31.842 15700 15700 I NearbyDiscovery: (REDACTED) FastPairDisplayObserver: %s -> %s
12-22 21:31:31.845  2586  2974 D RefreshRateModeManager: onBrightnessChangedLocked returned by powerMode, caller=com.android.server.display.mode.RefreshRateModeManager.onBrightnessChangedLocked:262 com.android.server.display.mode.RefreshRateModeManager.lambda$onLightSensorChanged$0:135 com.android.server.display.mode.RefreshRateModeManager.$r8$lambda$BgEGrQVb3EtPAelaWDumJqAQvu8:0 
12-22 21:31:34.372  2586  2586 D EdgeLightingPolicyManager: isAcceptableApplication - accept rechecked by isEdgeLightingAllowed = true uid = 1000
12-22 21:31:34.420  1689  2017 I SDM     : ToneMappingCore::set_default_vals():851 Initial enablement signals - bypass adaptive TM: 0, actual panel luma usage: 1, temporal filtering of dynamic meta data: 1, histTM enable: 1, static meta data usage: 1
12-22 21:31:34.420  1689  2017 I SDM     : HdrAlgorithm::SetXMLParameters():278 Override enablement signals - bypass adaptive TM: 0, bypass sdr dimming: 1
12-22 21:31:34.440  2586  2974 D RefreshRateModeManager: onBrightnessChangedLocked returned by powerMode, caller=com.android.server.display.mode.RefreshRateModeManager.onBrightnessChangedLocked:262 com.android.server.display.mode.RefreshRateModeManager.lambda$onLightSensorChanged$0:135 com.android.server.display.mode.RefreshRateModeManager.$r8$lambda$BgEGrQVb3EtPAelaWDumJqAQvu8:0 
12-22 21:31:34.447 15700 15700 I NearbyDiscovery: (REDACTED) FastPairDisplayObserver: %s -> %s
12-22 21:31:34.551  2586  2974 D RefreshRateModeManager: onBrightnessChangedLocked returned by powerMode, caller=com.android.server.display.mode.RefreshRateModeManager.onBrightnessChangedLocked:262 com.android.server.display.mode.RefreshRateModeManager.lambda$onLightSensorChanged$0:135 com.android.server.display.mode.RefreshRateModeManager.$r8$lambda$BgEGrQVb3EtPAelaWDumJqAQvu8:0 
12-22 21:31:34.555 15700 15700 I NearbyDiscovery: (REDACTED) FastPairDisplayObserver: %s -> %s
12-22 21:31:34.665  2586  2974 D RefreshRateModeManager: onBrightnessChangedLocked returned by powerMode, caller=com.android.server.display.mode.RefreshRateModeManager.onBrightnessChangedLocked:262 com.android.server.display.mode.RefreshRateModeManager.lambda$onLightSensorChanged$0:135 com.android.server.display.mode.RefreshRateModeManager.$r8$lambda$BgEGrQVb3EtPAelaWDumJqAQvu8:0 
12-22 21:31:34.665 15700 15700 I NearbyDiscovery: (REDACTED) FastPairDisplayObserver: %s -> %s
12-22 21:31:34.670  1689  2017 I SDM     : ToneMappingCore::set_default_vals():851 Initial enablement signals - bypass adaptive TM: 0, actual panel luma usage: 1, temporal filtering of dynamic meta data: 1, histTM enable: 1, static meta data usage: 1
12-22 21:31:34.670  1689  2017 I SDM     : HdrAlgorithm::SetXMLParameters():278 Override enablement signals - bypass adaptive TM: 0, bypass sdr dimming: 1
