12-22 21:34:17.350  2586  2974 D RefreshRateModeManager: onBrightnessChangedLocked returned by powerMode, caller=com.android.server.display.mode.RefreshRateModeManager.onBrightnessChangedLocked:262 com.android.server.display.mode.RefreshRateModeManager.lambda$onLightSensorChanged$0:135 com.android.server.display.mode.RefreshRateModeManager.$r8$lambda$BgEGrQVb3EtPAelaWDumJqAQvu8:0 
12-22 21:34:17.461  2586  2974 D RefreshRateModeManager: onBrightnessChangedLocked returned by powerMode, caller=com.android.server.display.mode.RefreshRateModeManager.onBrightnessChangedLocked:262 com.android.server.display.mode.RefreshRateModeManager.lambda$onLightSensorChanged$0:135 com.android.server.display.mode.RefreshRateModeManager.$r8$lambda$BgEGrQVb3EtPAelaWDumJqAQvu8:0 
12-22 21:34:17.464 15700 15700 I NearbyDiscovery: (REDACTED) FastPairDisplayObserver: %s -> %s
12-22 21:34:19.992  2586  2586 D EdgeLightingPolicyManager: isAcceptableApplication - accept rechecked by isEdgeLightingAllowed = true uid = 1000
12-22 21:34:20.047  2586  2974 D RefreshRateModeManager: onBrightnessChangedLocked returned by powerMode, caller=com.android.server.display.mode.RefreshRateModeManager.onBrightnessChangedLocked:262 com.android.server.display.mode.RefreshRateModeManager.lambda$onLightSensorChanged$0:135 com.android.server.display.mode.RefreshRateModeManager.$r8$lambda$BgEGrQVb3EtPAelaWDumJqAQvu8:0 
12-22 21:34:20.048  1689 24439 I SDM     : ToneMappingCore::set_default_vals():851 Initial enablement signals - bypass adaptive TM: 0, actual panel luma usage: 1, temporal filtering of dynamic meta data: 1, histTM enable: 1, static meta data usage: 1
12-22 21:34:20.048  1689 24439 I SDM     : HdrAlgorithm::SetXMLParameters():278 Override enablement signals - bypass adaptive TM: 0, bypass sdr dimming: 1
12-22 21:34:20.060 15700 15700 I NearbyDiscovery: (REDACTED) FastPairDisplayObserver: %s -> %s
12-22 21:34:20.166  2586  2974 D RefreshRateModeManager: onBrightnessChangedLocked returned by powerMode, caller=com.android.server.display.mode.RefreshRateModeManager.onBrightnessChangedLocked:262 com.android.server.display.mode.RefreshRateModeManager.lambda$onLightSensorChanged$0:135 com.android.server.display.mode.RefreshRateModeManager.$r8$lambda$BgEGrQVb3EtPAelaWDumJqAQvu8:0 
12-22 21:34:20.178 15700 15700 I NearbyDiscovery: (REDACTED) FastPairDisplayObserver: %s -> %s
12-22 21:34:21.691  3711  3711 W PowerUI : Skip charging animation - by plug status
12-22 21:34:21.691  3711  3711 W PowerUI : Skip charging sound - by plug status
12-22 21:34:21.702  3711  3711 I AOD_WAKELOCK@WakeLockManager: acquireIfExists: tag - charging_info, timeout - 1000, reason - Charging Info is showing, delay by 500, wakeLock = WakeLock{8b8d264 held=false, refCount=0}
12-22 21:34:21.715  1689 24439 I SDM     : ToneMappingCore::set_default_vals():851 Initial enablement signals - bypass adaptive TM: 0, actual panel luma usage: 1, temporal filtering of dynamic meta data: 1, histTM enable: 1, static meta data usage: 1
12-22 21:34:21.715  1689 24439 I SDM     : HdrAlgorithm::SetXMLParameters():278 Override enablement signals - bypass adaptive TM: 0, bypass sdr dimming: 1
12-22 21:34:21.721 15700 15700 I NearbyDiscovery: (REDACTED) FastPairDisplayObserver: %s -> %s
12-22 21:34:21.729  2586  2974 D RefreshRateModeManager: onBrightnessChangedLocked returned by powerMode, caller=com.android.server.display.mode.RefreshRateModeManager.onBrightnessChangedLocked:262 com.android.server.display.mode.RefreshRateModeManager.lambda$onLightSensorChanged$0:135 com.android.server.display.mode.RefreshRateModeManager.$r8$lambda$BgEGrQVb3EtPAelaWDumJqAQvu8:0 
12-22 21:34:22.162 11202 11202 I FirebaseCrashlytics: Initializing Firebase Crashlytics 18.6.2 for org.telegram.plus
12-22 21:34:22.305 11202 11241 I FirebaseCrashlytics: Saved version control info
12-22 21:34:22.728  2586  2974 D RefreshRateModeManager: onBrightnessChangedLocked returned by powerMode, caller=com.android.server.display.mode.RefreshRateModeManager.onBrightnessChangedLocked:262 com.android.server.display.mode.RefreshRateModeManager.lambda$onLightSensorChanged$0:135 com.android.server.display.mode.RefreshRateModeManager.$r8$lambda$BgEGrQVb3EtPAelaWDumJqAQvu8:0 
12-22 21:34:22.752 15700 15700 I NearbyDiscovery: (REDACTED) FastPairDisplayObserver: %s -> %s
12-22 21:34:22.979  6438  6455 E DatabaseUtils: java.lang.SecurityException: Permission Denial: writing com.sec.android.provider.badge.BadgeProvider uri content://com.sec.badge/apps?notify=true from pid=11202, uid=10322 requires com.sec.android.provider.badge.permission.WRITE, or grantUriPermission()
12-22 21:34:22.987  6438  6455 E DatabaseUtils: java.lang.SecurityException: Permission Denial: writing com.sec.android.provider.badge.BadgeProvider uri content://com.sec.badge/apps?notify=true from pid=11202, uid=10322 requires com.sec.android.provider.badge.permission.WRITE, or grantUriPermission()
12-22 21:34:22.994  6438  6455 E DatabaseUtils: java.lang.SecurityException: Permission Denial: writing com.sec.android.provider.badge.BadgeProvider uri content://com.sec.badge/apps?notify=true from pid=11202, uid=10322 requires com.sec.android.provider.badge.permission.WRITE, or grantUriPermission()
12-22 21:34:23.002  6438  6455 E DatabaseUtils: java.lang.SecurityException: Permission Denial: writing com.sec.android.provider.badge.BadgeProvider uri content://com.sec.badge/apps?notify=true from pid=11202, uid=10322 requires com.sec.android.provider.badge.permission.WRITE, or grantUriPermission()
12-22 21:34:23.016  6438  6455 E DatabaseUtils: java.lang.SecurityException: Permission Denial: writing com.sec.android.provider.badge.BadgeProvider uri content://com.sec.badge/apps?notify=true from pid=11202, uid=10322 requires com.sec.android.provider.badge.permission.WRITE, or grantUriPermission()
12-22 21:34:23.052  6438  9081 E DatabaseUtils: java.lang.SecurityException: Permission Denial: writing com.sec.android.provider.badge.BadgeProvider uri content://com.sec.badge/apps?notify=true from pid=11202, uid=10322 requires com.sec.android.provider.badge.permission.WRITE, or grantUriPermission()
12-22 21:34:23.082  6438  6466 E DatabaseUtils: java.lang.SecurityException: Permission Denial: writing com.sec.android.provider.badge.BadgeProvider uri content://com.sec.badge/apps?notify=true from pid=11202, uid=10322 requires com.sec.android.provider.badge.permission.WRITE, or grantUriPermission()
12-22 21:34:23.165  2586  2926 I system_server: Background concurrent mark compact GC freed 21MB AllocSpace bytes, 145(3180KB) LOS objects, 15% free, 129MB/153MB, paused 2.366ms,16.895ms total 362.470ms
12-22 21:34:23.225  2586  3365 I ActivityManager: com.samsung.android.scs is exempt from freezer by list
12-22 21:34:23.486  6438 11395 E DatabaseUtils: java.lang.SecurityException: Permission Denial: writing com.sec.android.provider.badge.BadgeProvider uri content://com.sec.badge/apps?notify=true from pid=11202, uid=10322 requires com.sec.android.provider.badge.permission.WRITE, or grantUriPermission()
12-22 21:34:23.493  6438 11395 E DatabaseUtils: java.lang.SecurityException: Permission Denial: writing com.sec.android.provider.badge.BadgeProvider uri content://com.sec.badge/apps?notify=true from pid=11202, uid=10322 requires com.sec.android.provider.badge.permission.WRITE, or grantUriPermission()
12-22 21:34:23.558 11401 11433 I SQLiteConnection: /data/user/0/com.samsung.android.scs/no_backup/androidx.work.workdb-wal 1048576 bytes: Bigger than 1048576; truncating
12-22 21:34:23.601  2586  3638 D NetdEventListenerService: DNS Requested by 489, 10264, 1
12-22 21:34:23.623 15858 11441 W FA-SVC  : Gms url request failed, app: uz.dawo.arabic_vocaublary, GOOGLE_ANALYTICS, m.kq: Exception in CronetUrlRequest: net::ERR_CONNECTION_REFUSED, ErrorCode=7, InternalErrorCode=-102, Retryable=false
12-22 21:34:23.625 15858 11369 W FA-SVC  : Network upload failed. Will retry later. code, error: 0, m.kq: Exception in CronetUrlRequest: net::ERR_CONNECTION_REFUSED, ErrorCode=7, InternalErrorCode=-102, Retryable=false
12-22 21:34:23.634 11401 11401 I SCS@AiSearch user 0: (ObserverWorker::AOSP_MP) [main] entering in startWork triggered by [content://media/external/file/1000035445, content://media/external/file/1000035446]():  
12-22 21:34:23.659  6438 11395 E DatabaseUtils: java.lang.SecurityException: Permission Denial: writing com.sec.android.provider.badge.BadgeProvider uri content://com.sec.badge/apps?notify=true from pid=11202, uid=10322 requires com.sec.android.provider.badge.permission.WRITE, or grantUriPermission()
12-22 21:34:23.810 11401 11443 W g0      : Unmapping is not supported on this platform, because internal Java APIs are not compatible with this Lucene version: java.lang.NoSuchMethodException: invokeCleaner [class java.nio.ByteBuffer]
12-22 21:34:24.081  6438 11395 E DatabaseUtils: java.lang.SecurityException: Permission Denial: writing com.sec.android.provider.badge.BadgeProvider uri content://com.sec.badge/apps?notify=true from pid=11202, uid=10322 requires com.sec.android.provider.badge.permission.WRITE, or grantUriPermission()
12-22 21:34:24.105  6438 11395 E DatabaseUtils: java.lang.SecurityException: Permission Denial: writing com.sec.android.provider.badge.BadgeProvider uri content://com.sec.badge/apps?notify=true from pid=11202, uid=10322 requires com.sec.android.provider.badge.permission.WRITE, or grantUriPermission()
12-22 21:34:24.223 11202 11207 I g.telegram.plus: NativeAlloc concurrent mark compact GC freed 30MB AllocSpace bytes, 187(7688KB) LOS objects, 50% free, 17MB/34MB, paused 1.545ms,3.185ms total 201.549ms
12-22 21:34:31.852  3711  3711 W PowerUI : Skip charging animation - by plug status
12-22 21:34:31.852  3711  3711 W PowerUI : Skip charging sound - by plug status
12-22 21:34:31.859  3711  3711 I AOD_WAKELOCK@WakeLockManager: acquireIfExists: tag - charging_info, timeout - 1000, reason - Charging Info is showing, delay by 500, wakeLock = WakeLock{8b8d264 held=false, refCount=0}
12-22 21:34:31.883  1689 24439 I SDM     : ToneMappingCore::set_default_vals():851 Initial enablement signals - bypass adaptive TM: 0, actual panel luma usage: 1, temporal filtering of dynamic meta data: 1, histTM enable: 1, static meta data usage: 1
12-22 21:34:31.883  1689 24439 I SDM     : HdrAlgorithm::SetXMLParameters():278 Override enablement signals - bypass adaptive TM: 0, bypass sdr dimming: 1
12-22 21:34:31.891  2586  2974 D RefreshRateModeManager: onBrightnessChangedLocked returned by powerMode, caller=com.android.server.display.mode.RefreshRateModeManager.onBrightnessChangedLocked:262 com.android.server.display.mode.RefreshRateModeManager.lambda$onLightSensorChanged$0:135 com.android.server.display.mode.RefreshRateModeManager.$r8$lambda$BgEGrQVb3EtPAelaWDumJqAQvu8:0 
12-22 21:34:31.894 15700 15700 I NearbyDiscovery: (REDACTED) FastPairDisplayObserver: %s -> %s
12-22 21:34:32.885  2586  2974 D RefreshRateModeManager: onBrightnessChangedLocked returned by powerMode, caller=com.android.server.display.mode.RefreshRateModeManager.onBrightnessChangedLocked:262 com.android.server.display.mode.RefreshRateModeManager.lambda$onLightSensorChanged$0:135 com.android.server.display.mode.RefreshRateModeManager.$r8$lambda$BgEGrQVb3EtPAelaWDumJqAQvu8:0 
12-22 21:34:32.892 15700 15700 I NearbyDiscovery: (REDACTED) FastPairDisplayObserver: %s -> %s
12-22 21:34:42.019  3711  3711 W PowerUI : Skip charging animation - by plug status
12-22 21:34:42.019  3711  3711 W PowerUI : Skip charging sound - by plug status
12-22 21:34:52.204  3711  3711 W PowerUI : Skip charging animation - by plug status
12-22 21:34:52.204  3711  3711 W PowerUI : Skip charging sound - by plug status
12-22 21:34:52.216  3711  3711 I AOD_WAKELOCK@WakeLockManager: acquireIfExists: tag - charging_info, timeout - 1000, reason - Charging Info is showing, delay by 500, wakeLock = WakeLock{8b8d264 held=false, refCount=0}
12-22 21:34:52.233  1689 24439 I SDM     : ToneMappingCore::set_default_vals():851 Initial enablement signals - bypass adaptive TM: 0, actual panel luma usage: 1, temporal filtering of dynamic meta data: 1, histTM enable: 1, static meta data usage: 1
12-22 21:34:52.233  1689 24439 I SDM     : HdrAlgorithm::SetXMLParameters():278 Override enablement signals - bypass adaptive TM: 0, bypass sdr dimming: 1
12-22 21:34:52.237  2586  2974 D RefreshRateModeManager: onBrightnessChangedLocked returned by powerMode, caller=com.android.server.display.mode.RefreshRateModeManager.onBrightnessChangedLocked:262 com.android.server.display.mode.RefreshRateModeManager.lambda$onLightSensorChanged$0:135 com.android.server.display.mode.RefreshRateModeManager.$r8$lambda$BgEGrQVb3EtPAelaWDumJqAQvu8:0 
12-22 21:34:52.247 15700 15700 I NearbyDiscovery: (REDACTED) FastPairDisplayObserver: %s -> %s
12-22 21:34:53.242  2586  2974 D RefreshRateModeManager: onBrightnessChangedLocked returned by powerMode, caller=com.android.server.display.mode.RefreshRateModeManager.onBrightnessChangedLocked:262 com.android.server.display.mode.RefreshRateModeManager.lambda$onLightSensorChanged$0:135 com.android.server.display.mode.RefreshRateModeManager.$r8$lambda$BgEGrQVb3EtPAelaWDumJqAQvu8:0 
12-22 21:34:53.244 15700 15700 I NearbyDiscovery: (REDACTED) FastPairDisplayObserver: %s -> %s
12-22 21:34:54.938 15700 11200 I .gms.persistent: Explicit concurrent mark compact GC freed 10090KB AllocSpace bytes, 6(312KB) LOS objects, 50% free, 18MB/36MB, paused 889us,5.384ms total 208.290ms
12-22 21:34:58.582 15858  2392 I gle.android.gms: Explicit concurrent mark compact GC freed 812KB AllocSpace bytes, 0(0B) LOS objects, 49% free, 22MB/45MB, paused 734us,4.675ms total 235.944ms
12-22 21:35:00.600  2586  2974 D RefreshRateModeManager: onBrightnessChangedLocked returned by powerMode, caller=com.android.server.display.mode.RefreshRateModeManager.onBrightnessChangedLocked:262 com.android.server.display.mode.RefreshRateModeManager.lambda$onLightSensorChanged$0:135 com.android.server.display.mode.RefreshRateModeManager.$r8$lambda$BgEGrQVb3EtPAelaWDumJqAQvu8:0 
12-22 21:35:00.600  1689 24439 I SDM     : ToneMappingCore::set_default_vals():851 Initial enablement signals - bypass adaptive TM: 0, actual panel luma usage: 1, temporal filtering of dynamic meta data: 1, histTM enable: 1, static meta data usage: 1
12-22 21:35:00.600  1689 24439 I SDM     : HdrAlgorithm::SetXMLParameters():278 Override enablement signals - bypass adaptive TM: 0, bypass sdr dimming: 1
12-22 21:35:00.614 15700 15700 I NearbyDiscovery: (REDACTED) FastPairDisplayObserver: %s -> %s
12-22 21:35:00.630  3711  3711 W View    : requestLayout() improperly called by android.widget.FrameLayout{4416ba2 V.E...... ......ID 0,136-1080,2298 #7f0a0846 app:id/qs_frame} during layout: running second layout pass
12-22 21:35:00.699  2586  2974 D RefreshRateModeManager: onBrightnessChangedLocked returned by powerMode, caller=com.android.server.display.mode.RefreshRateModeManager.onBrightnessChangedLocked:262 com.android.server.display.mode.RefreshRateModeManager.lambda$onLightSensorChanged$0:135 com.android.server.display.mode.RefreshRateModeManager.$r8$lambda$BgEGrQVb3EtPAelaWDumJqAQvu8:0 
12-22 21:35:00.700 15700 15700 I NearbyDiscovery: (REDACTED) FastPairDisplayObserver: %s -> %s
12-22 21:35:02.376  3711  3711 W PowerUI : Skip charging animation - by plug status
12-22 21:35:02.376  3711  3711 W PowerUI : Skip charging sound - by plug status
12-22 21:35:02.382  3711  3711 I AOD_WAKELOCK@WakeLockManager: acquireIfExists: tag - charging_info, timeout - 1000, reason - Charging Info is showing, delay by 500, wakeLock = WakeLock{8b8d264 held=false, refCount=0}
12-22 21:35:02.396  2586  2974 D RefreshRateModeManager: onBrightnessChangedLocked returned by powerMode, caller=com.android.server.display.mode.RefreshRateModeManager.onBrightnessChangedLocked:262 com.android.server.display.mode.RefreshRateModeManager.lambda$onLightSensorChanged$0:135 com.android.server.display.mode.RefreshRateModeManager.$r8$lambda$BgEGrQVb3EtPAelaWDumJqAQvu8:0 
12-22 21:35:02.400  1689 24439 I SDM     : ToneMappingCore::set_default_vals():851 Initial enablement signals - bypass adaptive TM: 0, actual panel luma usage: 1, temporal filtering of dynamic meta data: 1, histTM enable: 1, static meta data usage: 1
12-22 21:35:02.400  1689 24439 I SDM     : HdrAlgorithm::SetXMLParameters():278 Override enablement signals - bypass adaptive TM: 0, bypass sdr dimming: 1
12-22 21:35:02.403 15700 15700 I NearbyDiscovery: (REDACTED) FastPairDisplayObserver: %s -> %s
12-22 21:35:03.419  2586  2974 D RefreshRateModeManager: onBrightnessChangedLocked returned by powerMode, caller=com.android.server.display.mode.RefreshRateModeManager.onBrightnessChangedLocked:262 com.android.server.display.mode.RefreshRateModeManager.lambda$onLightSensorChanged$0:135 com.android.server.display.mode.RefreshRateModeManager.$r8$lambda$BgEGrQVb3EtPAelaWDumJqAQvu8:0 
12-22 21:35:03.420 15700 15700 I NearbyDiscovery: (REDACTED) FastPairDisplayObserver: %s -> %s
12-22 21:35:12.533  3711  3711 W PowerUI : Skip charging animation - by plug status
12-22 21:35:12.534  3711  3711 W PowerUI : Skip charging sound - by plug status
12-22 21:35:19.450  2586  3638 D NetdEventListenerService: DNS Requested by 489, 10075, 928
12-22 21:35:22.717  3711  3711 W PowerUI : Skip charging animation - by plug status
12-22 21:35:22.717  3711  3711 W PowerUI : Skip charging sound - by plug status
12-22 21:35:22.727  3711  3711 I AOD_WAKELOCK@WakeLockManager: acquireIfExists: tag - charging_info, timeout - 1000, reason - Charging Info is showing, delay by 500, wakeLock = WakeLock{8b8d264 held=false, refCount=0}
12-22 21:35:22.751  1689 24439 I SDM     : ToneMappingCore::set_default_vals():851 Initial enablement signals - bypass adaptive TM: 0, actual panel luma usage: 1, temporal filtering of dynamic meta data: 1, histTM enable: 1, static meta data usage: 1
12-22 21:35:22.751  1689 24439 I SDM     : HdrAlgorithm::SetXMLParameters():278 Override enablement signals - bypass adaptive TM: 0, bypass sdr dimming: 1
12-22 21:35:22.752  2586  2974 D RefreshRateModeManager: onBrightnessChangedLocked returned by powerMode, caller=com.android.server.display.mode.RefreshRateModeManager.onBrightnessChangedLocked:262 com.android.server.display.mode.RefreshRateModeManager.lambda$onLightSensorChanged$0:135 com.android.server.display.mode.RefreshRateModeManager.$r8$lambda$BgEGrQVb3EtPAelaWDumJqAQvu8:0 
12-22 21:35:22.756 15700 15700 I NearbyDiscovery: (REDACTED) FastPairDisplayObserver: %s -> %s
12-22 21:35:23.747  2586  2974 D RefreshRateModeManager: onBrightnessChangedLocked returned by powerMode, caller=com.android.server.display.mode.RefreshRateModeManager.onBrightnessChangedLocked:262 com.android.server.display.mode.RefreshRateModeManager.lambda$onLightSensorChanged$0:135 com.android.server.display.mode.RefreshRateModeManager.$r8$lambda$BgEGrQVb3EtPAelaWDumJqAQvu8:0 
12-22 21:35:23.756 15700 15700 I NearbyDiscovery: (REDACTED) FastPairDisplayObserver: %s -> %s
12-22 21:35:23.957  2586  3638 D NetdEventListenerService: DNS Requested by 489, 10322, 238
12-22 21:35:32.890  3711  3711 W PowerUI : Skip charging animation - by plug status
12-22 21:35:32.890  3711  3711 W PowerUI : Skip charging sound - by plug status
12-22 21:35:32.900  3711  3711 I AOD_WAKELOCK@WakeLockManager: acquireIfExists: tag - charging_info, timeout - 1000, reason - Charging Info is showing, delay by 500, wakeLock = WakeLock{8b8d264 held=false, refCount=0}
12-22 21:35:32.912  1689 24439 I SDM     : ToneMappingCore::set_default_vals():851 Initial enablement signals - bypass adaptive TM: 0, actual panel luma usage: 1, temporal filtering of dynamic meta data: 1, histTM enable: 1, static meta data usage: 1
12-22 21:35:32.912  1689 24439 I SDM     : HdrAlgorithm::SetXMLParameters():278 Override enablement signals - bypass adaptive TM: 0, bypass sdr dimming: 1
12-22 21:35:32.928  2586  2974 D RefreshRateModeManager: onBrightnessChangedLocked returned by powerMode, caller=com.android.server.display.mode.RefreshRateModeManager.onBrightnessChangedLocked:262 com.android.server.display.mode.RefreshRateModeManager.lambda$onLightSensorChanged$0:135 com.android.server.display.mode.RefreshRateModeManager.$r8$lambda$BgEGrQVb3EtPAelaWDumJqAQvu8:0 
12-22 21:35:32.930 15700 15700 I NearbyDiscovery: (REDACTED) FastPairDisplayObserver: %s -> %s
12-22 21:35:33.924  2586  2974 D RefreshRateModeManager: onBrightnessChangedLocked returned by powerMode, caller=com.android.server.display.mode.RefreshRateModeManager.onBrightnessChangedLocked:262 com.android.server.display.mode.RefreshRateModeManager.lambda$onLightSensorChanged$0:135 com.android.server.display.mode.RefreshRateModeManager.$r8$lambda$BgEGrQVb3EtPAelaWDumJqAQvu8:0 
12-22 21:35:33.934 15700 15700 I NearbyDiscovery: (REDACTED) FastPairDisplayObserver: %s -> %s
12-22 21:35:43.082  3711  3711 W PowerUI : Skip charging animation - by plug status
12-22 21:35:43.083  3711  3711 W PowerUI : Skip charging sound - by plug status
12-22 21:35:53.258  3711  3711 W PowerUI : Skip charging animation - by plug status
12-22 21:35:53.258  3711  3711 W PowerUI : Skip charging sound - by plug status
12-22 21:35:53.268  3711  3711 I AOD_WAKELOCK@WakeLockManager: acquireIfExists: tag - charging_info, timeout - 1000, reason - Charging Info is showing, delay by 500, wakeLock = WakeLock{8b8d264 held=false, refCount=0}
12-22 21:35:53.280  1689 24439 I SDM     : ToneMappingCore::set_default_vals():851 Initial enablement signals - bypass adaptive TM: 0, actual panel luma usage: 1, temporal filtering of dynamic meta data: 1, histTM enable: 1, static meta data usage: 1
12-22 21:35:53.280  1689 24439 I SDM     : HdrAlgorithm::SetXMLParameters():278 Override enablement signals - bypass adaptive TM: 0, bypass sdr dimming: 1
12-22 21:35:53.290  2586  2974 D RefreshRateModeManager: onBrightnessChangedLocked returned by powerMode, caller=com.android.server.display.mode.RefreshRateModeManager.onBrightnessChangedLocked:262 com.android.server.display.mode.RefreshRateModeManager.lambda$onLightSensorChanged$0:135 com.android.server.display.mode.RefreshRateModeManager.$r8$lambda$BgEGrQVb3EtPAelaWDumJqAQvu8:0 
12-22 21:35:53.299 15700 15700 I NearbyDiscovery: (REDACTED) FastPairDisplayObserver: %s -> %s
12-22 21:35:54.299  2586  2974 D RefreshRateModeManager: onBrightnessChangedLocked returned by powerMode, caller=com.android.server.display.mode.RefreshRateModeManager.onBrightnessChangedLocked:262 com.android.server.display.mode.RefreshRateModeManager.lambda$onLightSensorChanged$0:135 com.android.server.display.mode.RefreshRateModeManager.$r8$lambda$BgEGrQVb3EtPAelaWDumJqAQvu8:0 
12-22 21:35:54.302 15700 15700 I NearbyDiscovery: (REDACTED) FastPairDisplayObserver: %s -> %s
12-22 21:35:58.665  2268  3666 I vendor.samsung.hardware.biometrics.fingerprint-service: cbge canceled by 1 0 0 0 0 0 0
12-22 21:35:58.727  2586  2974 D RefreshRateModeManager: onBrightnessChangedLocked returned by powerMode, caller=com.android.server.display.mode.RefreshRateModeManager.onBrightnessChangedLocked:262 com.android.server.display.mode.RefreshRateModeManager.lambda$onLightSensorChanged$0:135 com.android.server.display.mode.RefreshRateModeManager.$r8$lambda$BgEGrQVb3EtPAelaWDumJqAQvu8:0 
12-22 21:35:58.731  2586  5564 D LiftUpHandler: [LTW] Stopping by Screen On.
12-22 21:35:58.731  2586  3464 D SensorService: setSContextDataLocked ints length 2 , byte length 4
12-22 21:35:58.731  2586  3408 I InputReader: support feature by TSP : 0x10325
12-22 21:35:58.734 15700 15700 I NearbyDiscovery: (REDACTED) FastPairDisplayObserver: %s -> %s
12-22 21:35:58.734  4101  4101 I NfcService: BASIC ACTION_SCREEN_ON. So screenState is ON_LOCKED by isKeyguardLocked()
12-22 21:35:58.735 15700 20768 I NearbyDiscovery: (REDACTED) OffloadFastPairScanner: eventType=%s, isInternalReq=%s, isOffloadScanning=%s, isOffloadScanningAllowed=%s
12-22 21:35:58.737 15700 20768 I NearbyDiscovery: (REDACTED) FastPairScanner: isScreenOn=%s, isLocationEnabled=%s, disableLocationRequirement=%s, isDiscoveryScanningEnabled=%s, during24GhzWifiWarmingUpPeriod=%s
12-22 21:35:58.738 15700 20768 I NearbyDiscovery: (REDACTED) FastPairScanner: eventType=%s, intReq=%s, scanning=%s, scanAllowed=%s, bleEnabled=%s, lockScanRate=%s, startScanningByLowPowerMode=%s
12-22 21:35:58.739 15700 20768 I NearbyDiscovery: (REDACTED) FastPairScanner: isScreenOn=%s, isLocationEnabled=%s, disableLocationRequirement=%s, isDiscoveryScanningEnabled=%s, during24GhzWifiWarmingUpPeriod=%s
12-22 21:35:58.739 15700 20768 I NearbyDiscovery: (REDACTED) FastPairScanner: Start scanning internally, %s
12-22 21:35:58.745  2586  2586 E PocketModeEvent: ACTION_SCREEN_ON(by 6)
12-22 21:35:58.748 15700 20768 I NearbyDiscovery: (REDACTED) FastPairScanner: Starting %s scan for %s seconds
12-22 21:35:58.748  3711  3711 I System.out: test static void android.appwidget.AppWidgetHostView.-$$Nest$mapplyContent(android.appwidget.AppWidgetHostView,android.view.View,boolean,java.lang.Exception)
12-22 21:35:58.748  3711  3711 I System.out: test private void android.appwidget.AppWidgetHostView.applyContent(android.view.View,boolean,java.lang.Exception)
12-22 21:35:58.748  3711  3711 I System.out: test private void android.appwidget.AppWidgetHostView.handleViewError()
12-22 21:35:58.748  3711  3711 I System.out: test protected android.view.View android.appwidget.AppWidgetHostView.getErrorView()
12-22 21:35:58.749  3711 11181 I VideoInputReader: [VideoFrameFilter] activated by seek mSeekTimeUs[0]
12-22 21:35:58.754  2586  3464 D SensorService: setSContextDataLocked ints length 5 , byte length 13
12-22 21:35:58.779  2586  3464 D SensorService: setSContextDataLocked ints length 2 , byte length 4
12-22 21:35:58.785  2586  3615 I WifiConnectivityMonitor: setMonitorEnabled true by EVENT_SCREEN_ON
12-22 21:35:58.787  2586  2974 D RefreshRateModeManager: onBrightnessChangedLocked returned by powerMode, caller=com.android.server.display.mode.RefreshRateModeManager.onBrightnessChangedLocked:262 com.android.server.display.mode.RefreshRateModeManager.lambda$onLightSensorChanged$0:135 com.android.server.display.mode.RefreshRateModeManager.$r8$lambda$BgEGrQVb3EtPAelaWDumJqAQvu8:0 
12-22 21:35:58.795 15700 11200 E LoadedApk: Exception : java.lang.NullPointerException: Attempt to invoke virtual method 'boolean android.os.Looper.isPerfLogEnable()' on a null object reference
12-22 21:35:58.811  6304 11591 I [MCFDs]_BleScanner(NearbyBleScanner): buildScanFilters -  # of service = 1, Data = [021460004100000008], Mask = [FFFFFFFFFF00000008]
12-22 21:35:58.811  6304 11591 I [MCFDs]_BleScanner(NearbyBleScanner): startScan - t - ScanPolicy{mode=0}
12-22 21:35:58.813 15700 20768 I NearbyDiscovery: (REDACTED) FastPairHandler: Received action %s
12-22 21:35:58.813 15700 20768 I NearbyDiscovery: (REDACTED) OffloadFastPairScanner: eventType=%s, isInternalReq=%s, isOffloadScanning=%s, isOffloadScanningAllowed=%s
12-22 21:35:58.813 15700 20768 I NearbyDiscovery: (REDACTED) FastPairScanner: isScreenOn=%s, isLocationEnabled=%s, disableLocationRequirement=%s, isDiscoveryScanningEnabled=%s, during24GhzWifiWarmingUpPeriod=%s
12-22 21:35:58.813 15700 20768 I NearbyDiscovery: (REDACTED) FastPairScanner: eventType=%s, intReq=%s, scanning=%s, scanAllowed=%s, bleEnabled=%s, lockScanRate=%s, startScanningByLowPowerMode=%s
12-22 21:35:58.813 15700 20768 I NearbyDiscovery: FastPairController: onSystemStateChanged: skip due to flag disabled [CONTEXT service_id=265 ]
12-22 21:35:58.814 15700 10801 I NearbyUWB: (REDACTED) Screen unlocked: %s
12-22 21:35:58.859  1689 24439 I SDM     : ToneMappingCore::set_default_vals():851 Initial enablement signals - bypass adaptive TM: 0, actual panel luma usage: 1, temporal filtering of dynamic meta data: 1, histTM enable: 1, static meta data usage: 1
12-22 21:35:58.859  1689 24439 I SDM     : HdrAlgorithm::SetXMLParameters():278 Override enablement signals - bypass adaptive TM: 0, bypass sdr dimming: 1
12-22 21:35:58.873  4158  5492 D WM-NetworkStateTracker: Network capabilities changed: [ Transports: WIFI Capabilities: NOT_METERED&INTERNET&NOT_RESTRICTED&TRUSTED&NOT_VPN&VALIDATED&NOT_ROAMING&FOREGROUND&NOT_CONGESTED&NOT_SUSPENDED&NOT_VCN_MANAGED LinkUpBandwidth>=49598Kbps LinkDnBandwidth>=78737Kbps TransportInfo: <SSID: <unknown ssid>, BSSID: 02:00:00:00:00:00, MAC: 02:00:00:00:00:00, IP: /192.168.0.100, Security type: 2, Supplicant state: COMPLETED, Wi-Fi standard: 5, RSSI: -73, Link speed: 175Mbps, Tx Link speed: 175Mbps, Max Supported Tx Link speed: 866Mbps, Rx Link speed: 234Mbps, Max Supported Rx Link speed: 866Mbps, Frequency: 5180MHz, Net ID: -1, Metered hint: false, score: 60, isUsable: true, CarrierMerged: false, SubscriptionId: -1, IsPrimary: -1, Trusted: true, Restricted: false, Ephemeral: false, OEM paid: false, OEM private: false, OSU AP: false, FQDN: <none>, Provider friendly name: <none>, Requesting package name: <none><none>MLO Information: , Is TID-To-Link negotiation supported by the AP: false, AP MLD Address: <none>, AP MLO Link Id: <none>, AP MLO Affiliated links: <none>> SignalStrength: -73 UnderlyingNetworks: Null]
12-22 21:35:58.875  2586  3551 I WifiConnectivityMonitor.NCC: [ Transports: WIFI Capabilities: NOT_METERED&INTERNET&NOT_RESTRICTED&TRUSTED&NOT_VPN&VALIDATED&NOT_ROAMING&FOREGROUND&NOT_CONGESTED&NOT_SUSPENDED&NOT_VCN_MANAGED LinkUpBandwidth>=49598Kbps LinkDnBandwidth>=78737Kbps TransportInfo: <SSID: <unknown ssid>, BSSID: 02:00:00:**:**:00, MAC: 02:00:00:**:**:00, IP: /192.***.*.100, Security type: 2, Supplicant state: COMPLETED, Wi-Fi standard: 5, RSSI: -73, Link speed: 175Mbps, Tx Link speed: 175Mbps, Max Supported Tx Link speed: 866Mbps, Rx Link speed: 234Mbps, Max Supported Rx Link speed: 866Mbps, Frequency: 5180MHz, Net ID: -1, Metered hint: false, score: 60, isUsable: true, CarrierMerged: false, SubscriptionId: -1, IsPrimary: 1, Trusted: true, Restricted: false, Ephemeral: false, OEM paid: false, OEM private: false, OSU AP: false, FQDN: <none>, Provider friendly name: <none>, Requesting package name: <none><none>MLO Information: , Is TID-To-Link negotiation supported by the AP: false, AP MLD Address: <none>, AP MLO Link Id: <none>, AP MLO Affiliated links: <none>> SignalStrength: -73 AdminUids: [1000] SSID: "5G" UnderlyingNetworks: Null]
12-22 21:35:58.887  3711  3711 I System.out: test static void android.appwidget.AppWidgetHostView.-$$Nest$mapplyContent(android.appwidget.AppWidgetHostView,android.view.View,boolean,java.lang.Exception)
12-22 21:35:58.887  3711  3711 I System.out: test private void android.appwidget.AppWidgetHostView.applyContent(android.view.View,boolean,java.lang.Exception)
12-22 21:35:58.887  3711  3711 I System.out: test private void android.appwidget.AppWidgetHostView.handleViewError()
12-22 21:35:58.887  3711  3711 I System.out: test protected android.view.View android.appwidget.AppWidgetHostView.getErrorView()
12-22 21:35:58.915  3711  3711 I AODUiController: IDLE break by interactive
12-22 21:35:58.920  3711  3711 E SQLiteLog: (10) POSIX Error : 11 SQLite Error : 3850
12-22 21:35:58.923  3711  3711 I System.out: test static void android.appwidget.AppWidgetHostView.-$$Nest$mapplyContent(android.appwidget.AppWidgetHostView,android.view.View,boolean,java.lang.Exception)
12-22 21:35:58.923  3711  3711 I System.out: test private void android.appwidget.AppWidgetHostView.applyContent(android.view.View,boolean,java.lang.Exception)
12-22 21:35:58.923  3711  3711 I System.out: test private void android.appwidget.AppWidgetHostView.handleViewError()
12-22 21:35:58.924  3711  3711 I System.out: test protected android.view.View android.appwidget.AppWidgetHostView.getErrorView()
12-22 21:35:58.929  3711  3711 W PowerUI : Skip charging animation - by plug status
12-22 21:35:58.929  3711  3711 W PowerUI : Skip charging sound - by plug status
12-22 21:35:58.932  3711  3711 I System.out: test static void android.appwidget.AppWidgetHostView.-$$Nest$mapplyContent(android.appwidget.AppWidgetHostView,android.view.View,boolean,java.lang.Exception)
12-22 21:35:58.932  3711  3711 I System.out: test private void android.appwidget.AppWidgetHostView.applyContent(android.view.View,boolean,java.lang.Exception)
12-22 21:35:58.932  3711  3711 I System.out: test private void android.appwidget.AppWidgetHostView.handleViewError()
12-22 21:35:58.932  3711  3711 I System.out: test protected android.view.View android.appwidget.AppWidgetHostView.getErrorView()
12-22 21:35:58.936  3711  3711 I System.out: test static void android.appwidget.AppWidgetHostView.-$$Nest$mapplyContent(android.appwidget.AppWidgetHostView,android.view.View,boolean,java.lang.Exception)
12-22 21:35:58.936  3711  3711 I System.out: test private void android.appwidget.AppWidgetHostView.applyContent(android.view.View,boolean,java.lang.Exception)
12-22 21:35:58.936  3711  3711 I System.out: test private void android.appwidget.AppWidgetHostView.handleViewError()
12-22 21:35:58.936  3711  3711 I System.out: test protected android.view.View android.appwidget.AppWidgetHostView.getErrorView()
12-22 21:35:58.944  3711  3711 I System.out: test static void android.appwidget.AppWidgetHostView.-$$Nest$mapplyContent(android.appwidget.AppWidgetHostView,android.view.View,boolean,java.lang.Exception)
12-22 21:35:58.944  3711  3711 I System.out: test private void android.appwidget.AppWidgetHostView.applyContent(android.view.View,boolean,java.lang.Exception)
12-22 21:35:58.944  3711  3711 I System.out: test private void android.appwidget.AppWidgetHostView.handleViewError()
12-22 21:35:58.945  3711  3711 I System.out: test protected android.view.View android.appwidget.AppWidgetHostView.getErrorView()
12-22 21:35:58.953  3711  3711 I System.out: test static void android.appwidget.AppWidgetHostView.-$$Nest$mapplyContent(android.appwidget.AppWidgetHostView,android.view.View,boolean,java.lang.Exception)
12-22 21:35:58.953  3711  3711 I System.out: test private void android.appwidget.AppWidgetHostView.applyContent(android.view.View,boolean,java.lang.Exception)
12-22 21:35:58.953  3711  3711 I System.out: test private void android.appwidget.AppWidgetHostView.handleViewError()
12-22 21:35:58.953  3711  3711 I System.out: test protected android.view.View android.appwidget.AppWidgetHostView.getErrorView()
12-22 21:35:58.961  3711  3711 I System.out: test static void android.appwidget.AppWidgetHostView.-$$Nest$mapplyContent(android.appwidget.AppWidgetHostView,android.view.View,boolean,java.lang.Exception)
12-22 21:35:58.961  3711  3711 I System.out: test private void android.appwidget.AppWidgetHostView.applyContent(android.view.View,boolean,java.lang.Exception)
12-22 21:35:58.961  3711  3711 I System.out: test private void android.appwidget.AppWidgetHostView.handleViewError()
12-22 21:35:58.961  3711  3711 I System.out: test protected android.view.View android.appwidget.AppWidgetHostView.getErrorView()
12-22 21:35:58.970  3711  3711 I System.out: test static void android.appwidget.AppWidgetHostView.-$$Nest$mapplyContent(android.appwidget.AppWidgetHostView,android.view.View,boolean,java.lang.Exception)
12-22 21:35:58.970  3711  3711 I System.out: test private void android.appwidget.AppWidgetHostView.applyContent(android.view.View,boolean,java.lang.Exception)
12-22 21:35:58.970  3711  3711 I System.out: test private void android.appwidget.AppWidgetHostView.handleViewError()
12-22 21:35:58.970  3711  3711 I System.out: test protected android.view.View android.appwidget.AppWidgetHostView.getErrorView()
12-22 21:35:58.978  3711  3711 I System.out: test static void android.appwidget.AppWidgetHostView.-$$Nest$mapplyContent(android.appwidget.AppWidgetHostView,android.view.View,boolean,java.lang.Exception)
12-22 21:35:58.978  3711  3711 I System.out: test private void android.appwidget.AppWidgetHostView.applyContent(android.view.View,boolean,java.lang.Exception)
12-22 21:35:58.978  3711  3711 I System.out: test private void android.appwidget.AppWidgetHostView.handleViewError()
12-22 21:35:58.978  3711  3711 I System.out: test protected android.view.View android.appwidget.AppWidgetHostView.getErrorView()
12-22 21:35:58.986  3711  3711 I System.out: test static void android.appwidget.AppWidgetHostView.-$$Nest$mapplyContent(android.appwidget.AppWidgetHostView,android.view.View,boolean,java.lang.Exception)
12-22 21:35:58.986  3711  3711 I System.out: test private void android.appwidget.AppWidgetHostView.applyContent(android.view.View,boolean,java.lang.Exception)
12-22 21:35:58.986  3711  3711 I System.out: test private void android.appwidget.AppWidgetHostView.handleViewError()
12-22 21:35:58.987  3711  3711 I System.out: test protected android.view.View android.appwidget.AppWidgetHostView.getErrorView()
12-22 21:35:58.994  3711  3711 I System.out: test static void android.appwidget.AppWidgetHostView.-$$Nest$mapplyContent(android.appwidget.AppWidgetHostView,android.view.View,boolean,java.lang.Exception)
12-22 21:35:58.994  3711  3711 I System.out: test private void android.appwidget.AppWidgetHostView.applyContent(android.view.View,boolean,java.lang.Exception)
12-22 21:35:58.994  3711  3711 I System.out: test private void android.appwidget.AppWidgetHostView.handleViewError()
12-22 21:35:58.995  3711  3711 I System.out: test protected android.view.View android.appwidget.AppWidgetHostView.getErrorView()
12-22 21:35:59.003  3711  3711 I System.out: test static void android.appwidget.AppWidgetHostView.-$$Nest$mapplyContent(android.appwidget.AppWidgetHostView,android.view.View,boolean,java.lang.Exception)
12-22 21:35:59.003  3711  3711 I System.out: test private void android.appwidget.AppWidgetHostView.applyContent(android.view.View,boolean,java.lang.Exception)
12-22 21:35:59.003  3711  3711 I System.out: test private void android.appwidget.AppWidgetHostView.handleViewError()
12-22 21:35:59.003  3711  3711 I System.out: test protected android.view.View android.appwidget.AppWidgetHostView.getErrorView()
12-22 21:35:59.011  3711  3711 I System.out: test static void android.appwidget.AppWidgetHostView.-$$Nest$mapplyContent(android.appwidget.AppWidgetHostView,android.view.View,boolean,java.lang.Exception)
12-22 21:35:59.011  3711  3711 I System.out: test private void android.appwidget.AppWidgetHostView.applyContent(android.view.View,boolean,java.lang.Exception)
12-22 21:35:59.011  3711  3711 I System.out: test private void android.appwidget.AppWidgetHostView.handleViewError()
12-22 21:35:59.011  3711  3711 I System.out: test protected android.view.View android.appwidget.AppWidgetHostView.getErrorView()
12-22 21:35:59.020  3711  3711 I System.out: test static void android.appwidget.AppWidgetHostView.-$$Nest$mapplyContent(android.appwidget.AppWidgetHostView,android.view.View,boolean,java.lang.Exception)
12-22 21:35:59.020  3711  3711 I System.out: test private void android.appwidget.AppWidgetHostView.applyContent(android.view.View,boolean,java.lang.Exception)
12-22 21:35:59.020  3711  3711 I System.out: test private void android.appwidget.AppWidgetHostView.handleViewError()
12-22 21:35:59.020  3711  3711 I System.out: test protected android.view.View android.appwidget.AppWidgetHostView.getErrorView()
12-22 21:35:59.028  3711  3711 I System.out: test static void android.appwidget.AppWidgetHostView.-$$Nest$mapplyContent(android.appwidget.AppWidgetHostView,android.view.View,boolean,java.lang.Exception)
12-22 21:35:59.028  3711  3711 I System.out: test private void android.appwidget.AppWidgetHostView.applyContent(android.view.View,boolean,java.lang.Exception)
12-22 21:35:59.028  3711  3711 I System.out: test private void android.appwidget.AppWidgetHostView.handleViewError()
12-22 21:35:59.028  3711  3711 I System.out: test protected android.view.View android.appwidget.AppWidgetHostView.getErrorView()
12-22 21:35:59.036  3711  3711 I System.out: test static void android.appwidget.AppWidgetHostView.-$$Nest$mapplyContent(android.appwidget.AppWidgetHostView,android.view.View,boolean,java.lang.Exception)
12-22 21:35:59.036  3711  3711 I System.out: test private void android.appwidget.AppWidgetHostView.applyContent(android.view.View,boolean,java.lang.Exception)
12-22 21:35:59.036  3711  3711 I System.out: test private void android.appwidget.AppWidgetHostView.handleViewError()
12-22 21:35:59.036  3711  3711 I System.out: test protected android.view.View android.appwidget.AppWidgetHostView.getErrorView()
12-22 21:35:59.045  3711  3711 I System.out: test static void android.appwidget.AppWidgetHostView.-$$Nest$mapplyContent(android.appwidget.AppWidgetHostView,android.view.View,boolean,java.lang.Exception)
12-22 21:35:59.045  3711  3711 I System.out: test private void android.appwidget.AppWidgetHostView.applyContent(android.view.View,boolean,java.lang.Exception)
12-22 21:35:59.045  3711  3711 I System.out: test private void android.appwidget.AppWidgetHostView.handleViewError()
12-22 21:35:59.045  3711  3711 I System.out: test protected android.view.View android.appwidget.AppWidgetHostView.getErrorView()
12-22 21:35:59.046  2586  2586 E PocketModeEvent: Acc, AT is unregister by condition 2, 15
12-22 21:35:59.049  2586  3464 D SensorService: setSContextDataLocked ints length 4 , byte length 10
12-22 21:35:59.053  3711  3711 I System.out: test static void android.appwidget.AppWidgetHostView.-$$Nest$mapplyContent(android.appwidget.AppWidgetHostView,android.view.View,boolean,java.lang.Exception)
12-22 21:35:59.053  3711  3711 I System.out: test private void android.appwidget.AppWidgetHostView.applyContent(android.view.View,boolean,java.lang.Exception)
12-22 21:35:59.053  3711  3711 I System.out: test private void android.appwidget.AppWidgetHostView.handleViewError()
12-22 21:35:59.053  3711  3711 I System.out: test protected android.view.View android.appwidget.AppWidgetHostView.getErrorView()
12-22 21:35:59.061  3711  3711 I System.out: test static void android.appwidget.AppWidgetHostView.-$$Nest$mapplyContent(android.appwidget.AppWidgetHostView,android.view.View,boolean,java.lang.Exception)
12-22 21:35:59.061  3711  3711 I System.out: test private void android.appwidget.AppWidgetHostView.applyContent(android.view.View,boolean,java.lang.Exception)
12-22 21:35:59.061  3711  3711 I System.out: test private void android.appwidget.AppWidgetHostView.handleViewError()
12-22 21:35:59.061  3711  3711 I System.out: test protected android.view.View android.appwidget.AppWidgetHostView.getErrorView()
12-22 21:35:59.069  3711  3711 I System.out: test static void android.appwidget.AppWidgetHostView.-$$Nest$mapplyContent(android.appwidget.AppWidgetHostView,android.view.View,boolean,java.lang.Exception)
12-22 21:35:59.069  3711  3711 I System.out: test private void android.appwidget.AppWidgetHostView.applyContent(android.view.View,boolean,java.lang.Exception)
12-22 21:35:59.069  3711  3711 I System.out: test private void android.appwidget.AppWidgetHostView.handleViewError()
12-22 21:35:59.070  3711  3711 I System.out: test protected android.view.View android.appwidget.AppWidgetHostView.getErrorView()
12-22 21:35:59.078  3711  3711 I System.out: test static void android.appwidget.AppWidgetHostView.-$$Nest$mapplyContent(android.appwidget.AppWidgetHostView,android.view.View,boolean,java.lang.Exception)
12-22 21:35:59.078  3711  3711 I System.out: test private void android.appwidget.AppWidgetHostView.applyContent(android.view.View,boolean,java.lang.Exception)
12-22 21:35:59.078  3711  3711 I System.out: test private void android.appwidget.AppWidgetHostView.handleViewError()
12-22 21:35:59.078  3711  3711 I System.out: test protected android.view.View android.appwidget.AppWidgetHostView.getErrorView()
12-22 21:35:59.086  3711  3711 I System.out: test static void android.appwidget.AppWidgetHostView.-$$Nest$mapplyContent(android.appwidget.AppWidgetHostView,android.view.View,boolean,java.lang.Exception)
12-22 21:35:59.086  3711  3711 I System.out: test private void android.appwidget.AppWidgetHostView.applyContent(android.view.View,boolean,java.lang.Exception)
12-22 21:35:59.086  3711  3711 I System.out: test private void android.appwidget.AppWidgetHostView.handleViewError()
12-22 21:35:59.086  3711  3711 I System.out: test protected android.view.View android.appwidget.AppWidgetHostView.getErrorView()
12-22 21:35:59.095  3711  3711 I System.out: test static void android.appwidget.AppWidgetHostView.-$$Nest$mapplyContent(android.appwidget.AppWidgetHostView,android.view.View,boolean,java.lang.Exception)
12-22 21:35:59.095  3711  3711 I System.out: test private void android.appwidget.AppWidgetHostView.applyContent(android.view.View,boolean,java.lang.Exception)
12-22 21:35:59.095  3711  3711 I System.out: test private void android.appwidget.AppWidgetHostView.handleViewError()
12-22 21:35:59.095  3711  3711 I System.out: test protected android.view.View android.appwidget.AppWidgetHostView.getErrorView()
12-22 21:35:59.103  3711  3711 I System.out: test static void android.appwidget.AppWidgetHostView.-$$Nest$mapplyContent(android.appwidget.AppWidgetHostView,android.view.View,boolean,java.lang.Exception)
12-22 21:35:59.103  3711  3711 I System.out: test private void android.appwidget.AppWidgetHostView.applyContent(android.view.View,boolean,java.lang.Exception)
12-22 21:35:59.103  3711  3711 I System.out: test private void android.appwidget.AppWidgetHostView.handleViewError()
12-22 21:35:59.103  3711  3711 I System.out: test protected android.view.View android.appwidget.AppWidgetHostView.getErrorView()
12-22 21:35:59.111  3711  3711 I System.out: test static void android.appwidget.AppWidgetHostView.-$$Nest$mapplyContent(android.appwidget.AppWidgetHostView,android.view.View,boolean,java.lang.Exception)
12-22 21:35:59.111  3711  3711 I System.out: test private void android.appwidget.AppWidgetHostView.applyContent(android.view.View,boolean,java.lang.Exception)
12-22 21:35:59.111  3711  3711 I System.out: test private void android.appwidget.AppWidgetHostView.handleViewError()
12-22 21:35:59.112  3711  3711 I System.out: test protected android.view.View android.appwidget.AppWidgetHostView.getErrorView()
12-22 21:35:59.120  3711  3711 I System.out: test static void android.appwidget.AppWidgetHostView.-$$Nest$mapplyContent(android.appwidget.AppWidgetHostView,android.view.View,boolean,java.lang.Exception)
12-22 21:35:59.120  3711  3711 I System.out: test private void android.appwidget.AppWidgetHostView.applyContent(android.view.View,boolean,java.lang.Exception)
12-22 21:35:59.120  3711  3711 I System.out: test private void android.appwidget.AppWidgetHostView.handleViewError()
12-22 21:35:59.120  3711  3711 I System.out: test protected android.view.View android.appwidget.AppWidgetHostView.getErrorView()
12-22 21:35:59.128  3711  3711 I System.out: test static void android.appwidget.AppWidgetHostView.-$$Nest$mapplyContent(android.appwidget.AppWidgetHostView,android.view.View,boolean,java.lang.Exception)
12-22 21:35:59.128  3711  3711 I System.out: test private void android.appwidget.AppWidgetHostView.applyContent(android.view.View,boolean,java.lang.Exception)
12-22 21:35:59.128  3711  3711 I System.out: test private void android.appwidget.AppWidgetHostView.handleViewError()
12-22 21:35:59.128  3711  3711 I System.out: test protected android.view.View android.appwidget.AppWidgetHostView.getErrorView()
12-22 21:35:59.136  3711  3711 I System.out: test static void android.appwidget.AppWidgetHostView.-$$Nest$mapplyContent(android.appwidget.AppWidgetHostView,android.view.View,boolean,java.lang.Exception)
12-22 21:35:59.136  3711  3711 I System.out: test private void android.appwidget.AppWidgetHostView.applyContent(android.view.View,boolean,java.lang.Exception)
12-22 21:35:59.137  3711  3711 I System.out: test private void android.appwidget.AppWidgetHostView.handleViewError()
12-22 21:35:59.137  3711  3711 I System.out: test protected android.view.View android.appwidget.AppWidgetHostView.getErrorView()
12-22 21:35:59.145  3711  3711 I System.out: test static void android.appwidget.AppWidgetHostView.-$$Nest$mapplyContent(android.appwidget.AppWidgetHostView,android.view.View,boolean,java.lang.Exception)
12-22 21:35:59.145  3711  3711 I System.out: test private void android.appwidget.AppWidgetHostView.applyContent(android.view.View,boolean,java.lang.Exception)
12-22 21:35:59.145  3711  3711 I System.out: test private void android.appwidget.AppWidgetHostView.handleViewError()
12-22 21:35:59.145  3711  3711 I System.out: test protected android.view.View android.appwidget.AppWidgetHostView.getErrorView()
12-22 21:35:59.153  3711  3711 I System.out: test static void android.appwidget.AppWidgetHostView.-$$Nest$mapplyContent(android.appwidget.AppWidgetHostView,android.view.View,boolean,java.lang.Exception)
12-22 21:35:59.153  3711  3711 I System.out: test private void android.appwidget.AppWidgetHostView.applyContent(android.view.View,boolean,java.lang.Exception)
12-22 21:35:59.153  3711  3711 I System.out: test private void android.appwidget.AppWidgetHostView.handleViewError()
12-22 21:35:59.153  3711  3711 I System.out: test protected android.view.View android.appwidget.AppWidgetHostView.getErrorView()
12-22 21:35:59.159  2268  3666 I vendor.samsung.hardware.biometrics.fingerprint-service: cbge canceled by 1 0 0 0 0 0 0
12-22 21:35:59.171  3711  3711 I System.out: test static void android.appwidget.AppWidgetHostView.-$$Nest$mapplyContent(android.appwidget.AppWidgetHostView,android.view.View,boolean,java.lang.Exception)
12-22 21:35:59.171  3711  3711 I System.out: test private void android.appwidget.AppWidgetHostView.applyContent(android.view.View,boolean,java.lang.Exception)
12-22 21:35:59.171  3711  3711 I System.out: test private void android.appwidget.AppWidgetHostView.handleViewError()
12-22 21:35:59.171  3711  3711 I System.out: test protected android.view.View android.appwidget.AppWidgetHostView.getErrorView()
12-22 21:35:59.178  3711  3711 I System.out: test static void android.appwidget.AppWidgetHostView.-$$Nest$mapplyContent(android.appwidget.AppWidgetHostView,android.view.View,boolean,java.lang.Exception)
