12-22 21:31:34.719  2586  2974 D RefreshRateModeManager: onBrightnessChangedLocked returned by powerMode, caller=com.android.server.display.mode.RefreshRateModeManager.onBrightnessChangedLocked:262 com.android.server.display.mode.RefreshRateModeManager.lambda$onLightSensorChanged$0:135 com.android.server.display.mode.RefreshRateModeManager.$r8$lambda$BgEGrQVb3EtPAelaWDumJqAQvu8:0 
12-22 21:31:34.719 15700 15700 I NearbyDiscovery: (REDACTED) FastPairDisplayObserver: %s -> %s
12-22 21:31:34.816 15700 15700 I NearbyDiscovery: (REDACTED) FastPairDisplayObserver: %s -> %s
12-22 21:31:34.818  2586  2974 D RefreshRateModeManager: onBrightnessChangedLocked returned by powerMode, caller=com.android.server.display.mode.RefreshRateModeManager.onBrightnessChangedLocked:262 com.android.server.display.mode.RefreshRateModeManager.lambda$onLightSensorChanged$0:135 com.android.server.display.mode.RefreshRateModeManager.$r8$lambda$BgEGrQVb3EtPAelaWDumJqAQvu8:0 
12-22 21:31:34.820  1689  2017 I SDM     : ToneMappingCore::set_default_vals():851 Initial enablement signals - bypass adaptive TM: 0, actual panel luma usage: 1, temporal filtering of dynamic meta data: 1, histTM enable: 1, static meta data usage: 1
12-22 21:31:34.820  1689  2017 I SDM     : HdrAlgorithm::SetXMLParameters():278 Override enablement signals - bypass adaptive TM: 0, bypass sdr dimming: 1
12-22 21:31:34.857  2586  2974 D RefreshRateModeManager: onBrightnessChangedLocked returned by powerMode, caller=com.android.server.display.mode.RefreshRateModeManager.onBrightnessChangedLocked:262 com.android.server.display.mode.RefreshRateModeManager.lambda$onLightSensorChanged$0:135 com.android.server.display.mode.RefreshRateModeManager.$r8$lambda$BgEGrQVb3EtPAelaWDumJqAQvu8:0 
12-22 21:31:34.860 15700 15700 I NearbyDiscovery: (REDACTED) FastPairDisplayObserver: %s -> %s
12-22 21:31:35.112  3711  3711 W PowerUI : Skip charging animation - by plug status
12-22 21:31:35.112  3711  3711 W PowerUI : Skip charging sound - by plug status
12-22 21:31:35.238  3711  3739 I ndroid.systemui: Background concurrent mark compact GC freed 24MB AllocSpace bytes, 0(0B) LOS objects, 33% free, 46MB/70MB, paused 1.883ms,13.667ms total 509.738ms
12-22 21:31:37.388  2586  2586 D EdgeLightingPolicyManager: isAcceptableApplication - accept rechecked by isEdgeLightingAllowed = true uid = 1000
12-22 21:31:37.433  2586  2974 D RefreshRateModeManager: onBrightnessChangedLocked returned by powerMode, caller=com.android.server.display.mode.RefreshRateModeManager.onBrightnessChangedLocked:262 com.android.server.display.mode.RefreshRateModeManager.lambda$onLightSensorChanged$0:135 com.android.server.display.mode.RefreshRateModeManager.$r8$lambda$BgEGrQVb3EtPAelaWDumJqAQvu8:0 
12-22 21:31:37.437  1689  2017 I SDM     : ToneMappingCore::set_default_vals():851 Initial enablement signals - bypass adaptive TM: 0, actual panel luma usage: 1, temporal filtering of dynamic meta data: 1, histTM enable: 1, static meta data usage: 1
12-22 21:31:37.437  1689  2017 I SDM     : HdrAlgorithm::SetXMLParameters():278 Override enablement signals - bypass adaptive TM: 0, bypass sdr dimming: 1
12-22 21:31:37.440 15700 15700 I NearbyDiscovery: (REDACTED) FastPairDisplayObserver: %s -> %s
12-22 21:31:37.556 15700 15700 I NearbyDiscovery: (REDACTED) FastPairDisplayObserver: %s -> %s
12-22 21:31:37.556  2586  2974 D RefreshRateModeManager: onBrightnessChangedLocked returned by powerMode, caller=com.android.server.display.mode.RefreshRateModeManager.onBrightnessChangedLocked:262 com.android.server.display.mode.RefreshRateModeManager.lambda$onLightSensorChanged$0:135 com.android.server.display.mode.RefreshRateModeManager.$r8$lambda$BgEGrQVb3EtPAelaWDumJqAQvu8:0 
12-22 21:31:37.667  2586  2974 D RefreshRateModeManager: onBrightnessChangedLocked returned by powerMode, caller=com.android.server.display.mode.RefreshRateModeManager.onBrightnessChangedLocked:262 com.android.server.display.mode.RefreshRateModeManager.lambda$onLightSensorChanged$0:135 com.android.server.display.mode.RefreshRateModeManager.$r8$lambda$BgEGrQVb3EtPAelaWDumJqAQvu8:0 
12-22 21:31:37.672  1689  2017 I SDM     : ToneMappingCore::set_default_vals():851 Initial enablement signals - bypass adaptive TM: 0, actual panel luma usage: 1, temporal filtering of dynamic meta data: 1, histTM enable: 1, static meta data usage: 1
12-22 21:31:37.672  1689  2017 I SDM     : HdrAlgorithm::SetXMLParameters():278 Override enablement signals - bypass adaptive TM: 0, bypass sdr dimming: 1
12-22 21:31:37.678 15700 15700 I NearbyDiscovery: (REDACTED) FastPairDisplayObserver: %s -> %s
12-22 21:31:37.720  2586  2974 D RefreshRateModeManager: onBrightnessChangedLocked returned by powerMode, caller=com.android.server.display.mode.RefreshRateModeManager.onBrightnessChangedLocked:262 com.android.server.display.mode.RefreshRateModeManager.lambda$onLightSensorChanged$0:135 com.android.server.display.mode.RefreshRateModeManager.$r8$lambda$BgEGrQVb3EtPAelaWDumJqAQvu8:0 
12-22 21:31:37.721 15700 15700 I NearbyDiscovery: (REDACTED) FastPairDisplayObserver: %s -> %s
12-22 21:31:37.785 31206 31211 I hbox:interactor: Background concurrent mark compact GC freed 14MB AllocSpace bytes, 0(0B) LOS objects, 49% free, 14MB/29MB, paused 382us,6.053ms total 342.187ms
12-22 21:31:37.823  1689  2017 I SDM     : ToneMappingCore::set_default_vals():851 Initial enablement signals - bypass adaptive TM: 0, actual panel luma usage: 1, temporal filtering of dynamic meta data: 1, histTM enable: 1, static meta data usage: 1
12-22 21:31:37.823  1689  2017 I SDM     : HdrAlgorithm::SetXMLParameters():278 Override enablement signals - bypass adaptive TM: 0, bypass sdr dimming: 1
12-22 21:31:37.828  2586  2974 D RefreshRateModeManager: onBrightnessChangedLocked returned by powerMode, caller=com.android.server.display.mode.RefreshRateModeManager.onBrightnessChangedLocked:262 com.android.server.display.mode.RefreshRateModeManager.lambda$onLightSensorChanged$0:135 com.android.server.display.mode.RefreshRateModeManager.$r8$lambda$BgEGrQVb3EtPAelaWDumJqAQvu8:0 
12-22 21:31:37.830 15700 15700 I NearbyDiscovery: (REDACTED) FastPairDisplayObserver: %s -> %s
12-22 21:31:37.867  2586  2974 D RefreshRateModeManager: onBrightnessChangedLocked returned by powerMode, caller=com.android.server.display.mode.RefreshRateModeManager.onBrightnessChangedLocked:262 com.android.server.display.mode.RefreshRateModeManager.lambda$onLightSensorChanged$0:135 com.android.server.display.mode.RefreshRateModeManager.$r8$lambda$BgEGrQVb3EtPAelaWDumJqAQvu8:0 
12-22 21:31:37.875 15700 15700 I NearbyDiscovery: (REDACTED) FastPairDisplayObserver: %s -> %s
12-22 21:31:40.401  2586  2586 D EdgeLightingPolicyManager: isAcceptableApplication - accept rechecked by isEdgeLightingAllowed = true uid = 1000
12-22 21:31:40.441  1689  2017 I SDM     : ToneMappingCore::set_default_vals():851 Initial enablement signals - bypass adaptive TM: 0, actual panel luma usage: 1, temporal filtering of dynamic meta data: 1, histTM enable: 1, static meta data usage: 1
12-22 21:31:40.441  1689  2017 I SDM     : HdrAlgorithm::SetXMLParameters():278 Override enablement signals - bypass adaptive TM: 0, bypass sdr dimming: 1
12-22 21:31:40.453  2586  2974 D RefreshRateModeManager: onBrightnessChangedLocked returned by powerMode, caller=com.android.server.display.mode.RefreshRateModeManager.onBrightnessChangedLocked:262 com.android.server.display.mode.RefreshRateModeManager.lambda$onLightSensorChanged$0:135 com.android.server.display.mode.RefreshRateModeManager.$r8$lambda$BgEGrQVb3EtPAelaWDumJqAQvu8:0 
12-22 21:31:40.457 15700 15700 I NearbyDiscovery: (REDACTED) FastPairDisplayObserver: %s -> %s
12-22 21:31:40.577  2586  2974 D RefreshRateModeManager: onBrightnessChangedLocked returned by powerMode, caller=com.android.server.display.mode.RefreshRateModeManager.onBrightnessChangedLocked:262 com.android.server.display.mode.RefreshRateModeManager.lambda$onLightSensorChanged$0:135 com.android.server.display.mode.RefreshRateModeManager.$r8$lambda$BgEGrQVb3EtPAelaWDumJqAQvu8:0 
12-22 21:31:40.591 15700 15700 I NearbyDiscovery: (REDACTED) FastPairDisplayObserver: %s -> %s
12-22 21:31:40.679  1689  2017 I SDM     : ToneMappingCore::set_default_vals():851 Initial enablement signals - bypass adaptive TM: 0, actual panel luma usage: 1, temporal filtering of dynamic meta data: 1, histTM enable: 1, static meta data usage: 1
12-22 21:31:40.679  1689  2017 I SDM     : HdrAlgorithm::SetXMLParameters():278 Override enablement signals - bypass adaptive TM: 0, bypass sdr dimming: 1
12-22 21:31:40.689 15700 15700 I NearbyDiscovery: (REDACTED) FastPairDisplayObserver: %s -> %s
12-22 21:31:40.694  2586  2974 D RefreshRateModeManager: onBrightnessChangedLocked returned by powerMode, caller=com.android.server.display.mode.RefreshRateModeManager.onBrightnessChangedLocked:262 com.android.server.display.mode.RefreshRateModeManager.lambda$onLightSensorChanged$0:135 com.android.server.display.mode.RefreshRateModeManager.$r8$lambda$BgEGrQVb3EtPAelaWDumJqAQvu8:0 
12-22 21:31:40.731  2586  2974 D RefreshRateModeManager: onBrightnessChangedLocked returned by powerMode, caller=com.android.server.display.mode.RefreshRateModeManager.onBrightnessChangedLocked:262 com.android.server.display.mode.RefreshRateModeManager.lambda$onLightSensorChanged$0:135 com.android.server.display.mode.RefreshRateModeManager.$r8$lambda$BgEGrQVb3EtPAelaWDumJqAQvu8:0 
12-22 21:31:40.734 15700 15700 I NearbyDiscovery: (REDACTED) FastPairDisplayObserver: %s -> %s
12-22 21:31:40.792  1689  2017 I SDM     : ToneMappingCore::set_default_vals():851 Initial enablement signals - bypass adaptive TM: 0, actual panel luma usage: 1, temporal filtering of dynamic meta data: 1, histTM enable: 1, static meta data usage: 1
12-22 21:31:40.792  1689  2017 I SDM     : HdrAlgorithm::SetXMLParameters():278 Override enablement signals - bypass adaptive TM: 0, bypass sdr dimming: 1
12-22 21:31:40.795 15700 15700 I NearbyDiscovery: (REDACTED) FastPairDisplayObserver: %s -> %s
12-22 21:31:40.795  2586  2974 D RefreshRateModeManager: onBrightnessChangedLocked returned by powerMode, caller=com.android.server.display.mode.RefreshRateModeManager.onBrightnessChangedLocked:262 com.android.server.display.mode.RefreshRateModeManager.lambda$onLightSensorChanged$0:135 com.android.server.display.mode.RefreshRateModeManager.$r8$lambda$BgEGrQVb3EtPAelaWDumJqAQvu8:0 
12-22 21:31:40.884 15700 15700 I NearbyDiscovery: (REDACTED) FastPairDisplayObserver: %s -> %s
12-22 21:31:40.884  2586  2974 D RefreshRateModeManager: onBrightnessChangedLocked returned by powerMode, caller=com.android.server.display.mode.RefreshRateModeManager.onBrightnessChangedLocked:262 com.android.server.display.mode.RefreshRateModeManager.lambda$onLightSensorChanged$0:135 com.android.server.display.mode.RefreshRateModeManager.$r8$lambda$BgEGrQVb3EtPAelaWDumJqAQvu8:0 
12-22 21:31:43.413  2586  2586 D EdgeLightingPolicyManager: isAcceptableApplication - accept rechecked by isEdgeLightingAllowed = true uid = 1000
12-22 21:31:43.461  1689  2017 I SDM     : ToneMappingCore::set_default_vals():851 Initial enablement signals - bypass adaptive TM: 0, actual panel luma usage: 1, temporal filtering of dynamic meta data: 1, histTM enable: 1, static meta data usage: 1
12-22 21:31:43.461  1689  2017 I SDM     : HdrAlgorithm::SetXMLParameters():278 Override enablement signals - bypass adaptive TM: 0, bypass sdr dimming: 1
12-22 21:31:43.463  2586  2974 D RefreshRateModeManager: onBrightnessChangedLocked returned by powerMode, caller=com.android.server.display.mode.RefreshRateModeManager.onBrightnessChangedLocked:262 com.android.server.display.mode.RefreshRateModeManager.lambda$onLightSensorChanged$0:135 com.android.server.display.mode.RefreshRateModeManager.$r8$lambda$BgEGrQVb3EtPAelaWDumJqAQvu8:0 
12-22 21:31:43.481 15700 15700 I NearbyDiscovery: (REDACTED) FastPairDisplayObserver: %s -> %s
12-22 21:31:43.590  2586  2974 D RefreshRateModeManager: onBrightnessChangedLocked returned by powerMode, caller=com.android.server.display.mode.RefreshRateModeManager.onBrightnessChangedLocked:262 com.android.server.display.mode.RefreshRateModeManager.lambda$onLightSensorChanged$0:135 com.android.server.display.mode.RefreshRateModeManager.$r8$lambda$BgEGrQVb3EtPAelaWDumJqAQvu8:0 
12-22 21:31:43.597 15700 15700 I NearbyDiscovery: (REDACTED) FastPairDisplayObserver: %s -> %s
12-22 21:31:43.693  1689  2017 I SDM     : ToneMappingCore::set_default_vals():851 Initial enablement signals - bypass adaptive TM: 0, actual panel luma usage: 1, temporal filtering of dynamic meta data: 1, histTM enable: 1, static meta data usage: 1
12-22 21:31:43.693  1689  2017 I SDM     : HdrAlgorithm::SetXMLParameters():278 Override enablement signals - bypass adaptive TM: 0, bypass sdr dimming: 1
12-22 21:31:43.694 15700 15700 I NearbyDiscovery: (REDACTED) FastPairDisplayObserver: %s -> %s
12-22 21:31:43.702  2586  2974 D RefreshRateModeManager: onBrightnessChangedLocked returned by powerMode, caller=com.android.server.display.mode.RefreshRateModeManager.onBrightnessChangedLocked:262 com.android.server.display.mode.RefreshRateModeManager.lambda$onLightSensorChanged$0:135 com.android.server.display.mode.RefreshRateModeManager.$r8$lambda$BgEGrQVb3EtPAelaWDumJqAQvu8:0 
12-22 21:31:43.741  2586  2974 D RefreshRateModeManager: onBrightnessChangedLocked returned by powerMode, caller=com.android.server.display.mode.RefreshRateModeManager.onBrightnessChangedLocked:262 com.android.server.display.mode.RefreshRateModeManager.lambda$onLightSensorChanged$0:135 com.android.server.display.mode.RefreshRateModeManager.$r8$lambda$BgEGrQVb3EtPAelaWDumJqAQvu8:0 
12-22 21:31:43.742 15700 15700 I NearbyDiscovery: (REDACTED) FastPairDisplayObserver: %s -> %s
12-22 21:31:43.796 15700 15700 I NearbyDiscovery: (REDACTED) FastPairDisplayObserver: %s -> %s
12-22 21:31:43.797  1689  2017 I SDM     : ToneMappingCore::set_default_vals():851 Initial enablement signals - bypass adaptive TM: 0, actual panel luma usage: 1, temporal filtering of dynamic meta data: 1, histTM enable: 1, static meta data usage: 1
12-22 21:31:43.797  1689  2017 I SDM     : HdrAlgorithm::SetXMLParameters():278 Override enablement signals - bypass adaptive TM: 0, bypass sdr dimming: 1
12-22 21:31:43.800  2586  2974 D RefreshRateModeManager: onBrightnessChangedLocked returned by powerMode, caller=com.android.server.display.mode.RefreshRateModeManager.onBrightnessChangedLocked:262 com.android.server.display.mode.RefreshRateModeManager.lambda$onLightSensorChanged$0:135 com.android.server.display.mode.RefreshRateModeManager.$r8$lambda$BgEGrQVb3EtPAelaWDumJqAQvu8:0 
12-22 21:31:43.902 15700 15700 I NearbyDiscovery: (REDACTED) FastPairDisplayObserver: %s -> %s
12-22 21:31:43.903  2586  2974 D RefreshRateModeManager: onBrightnessChangedLocked returned by powerMode, caller=com.android.server.display.mode.RefreshRateModeManager.onBrightnessChangedLocked:262 com.android.server.display.mode.RefreshRateModeManager.lambda$onLightSensorChanged$0:135 com.android.server.display.mode.RefreshRateModeManager.$r8$lambda$BgEGrQVb3EtPAelaWDumJqAQvu8:0 
12-22 21:31:45.288  3711  3711 W PowerUI : Skip charging animation - by plug status
12-22 21:31:45.288  3711  3711 W PowerUI : Skip charging sound - by plug status
12-22 21:31:45.309  3711  3711 I AOD_WAKELOCK@WakeLockManager: acquireIfExists: tag - charging_info, timeout - 1000, reason - Charging Info is showing, delay by 500, wakeLock = WakeLock{8b8d264 held=false, refCount=0}
12-22 21:31:45.324 15700 15700 I NearbyDiscovery: (REDACTED) FastPairDisplayObserver: %s -> %s
12-22 21:31:45.324  2586  2974 D RefreshRateModeManager: onBrightnessChangedLocked returned by powerMode, caller=com.android.server.display.mode.RefreshRateModeManager.onBrightnessChangedLocked:262 com.android.server.display.mode.RefreshRateModeManager.lambda$onLightSensorChanged$0:135 com.android.server.display.mode.RefreshRateModeManager.$r8$lambda$BgEGrQVb3EtPAelaWDumJqAQvu8:0 
12-22 21:31:45.329  1689  2017 I SDM     : ToneMappingCore::set_default_vals():851 Initial enablement signals - bypass adaptive TM: 0, actual panel luma usage: 1, temporal filtering of dynamic meta data: 1, histTM enable: 1, static meta data usage: 1
12-22 21:31:45.329  1689  2017 I SDM     : HdrAlgorithm::SetXMLParameters():278 Override enablement signals - bypass adaptive TM: 0, bypass sdr dimming: 1
12-22 21:31:46.341  2586  2974 D RefreshRateModeManager: onBrightnessChangedLocked returned by powerMode, caller=com.android.server.display.mode.RefreshRateModeManager.onBrightnessChangedLocked:262 com.android.server.display.mode.RefreshRateModeManager.lambda$onLightSensorChanged$0:135 com.android.server.display.mode.RefreshRateModeManager.$r8$lambda$BgEGrQVb3EtPAelaWDumJqAQvu8:0 
12-22 21:31:46.347 15700 15700 I NearbyDiscovery: (REDACTED) FastPairDisplayObserver: %s -> %s
12-22 21:31:46.432  2586  2586 D EdgeLightingPolicyManager: isAcceptableApplication - accept rechecked by isEdgeLightingAllowed = true uid = 1000
12-22 21:31:46.480  1689  2017 I SDM     : ToneMappingCore::set_default_vals():851 Initial enablement signals - bypass adaptive TM: 0, actual panel luma usage: 1, temporal filtering of dynamic meta data: 1, histTM enable: 1, static meta data usage: 1
12-22 21:31:46.480  1689  2017 I SDM     : HdrAlgorithm::SetXMLParameters():278 Override enablement signals - bypass adaptive TM: 0, bypass sdr dimming: 1
12-22 21:31:46.495  2586  2974 D RefreshRateModeManager: onBrightnessChangedLocked returned by powerMode, caller=com.android.server.display.mode.RefreshRateModeManager.onBrightnessChangedLocked:262 com.android.server.display.mode.RefreshRateModeManager.lambda$onLightSensorChanged$0:135 com.android.server.display.mode.RefreshRateModeManager.$r8$lambda$BgEGrQVb3EtPAelaWDumJqAQvu8:0 
12-22 21:31:46.500 15700 15700 I NearbyDiscovery: (REDACTED) FastPairDisplayObserver: %s -> %s
12-22 21:31:46.610  2586  2974 D RefreshRateModeManager: onBrightnessChangedLocked returned by powerMode, caller=com.android.server.display.mode.RefreshRateModeManager.onBrightnessChangedLocked:262 com.android.server.display.mode.RefreshRateModeManager.lambda$onLightSensorChanged$0:135 com.android.server.display.mode.RefreshRateModeManager.$r8$lambda$BgEGrQVb3EtPAelaWDumJqAQvu8:0 
12-22 21:31:46.621 15700 15700 I NearbyDiscovery: (REDACTED) FastPairDisplayObserver: %s -> %s
12-22 21:31:46.714  2586  2974 D RefreshRateModeManager: onBrightnessChangedLocked returned by powerMode, caller=com.android.server.display.mode.RefreshRateModeManager.onBrightnessChangedLocked:262 com.android.server.display.mode.RefreshRateModeManager.lambda$onLightSensorChanged$0:135 com.android.server.display.mode.RefreshRateModeManager.$r8$lambda$BgEGrQVb3EtPAelaWDumJqAQvu8:0 
12-22 21:31:46.716  1689  2017 I SDM     : ToneMappingCore::set_default_vals():851 Initial enablement signals - bypass adaptive TM: 0, actual panel luma usage: 1, temporal filtering of dynamic meta data: 1, histTM enable: 1, static meta data usage: 1
12-22 21:31:46.716  1689  2017 I SDM     : HdrAlgorithm::SetXMLParameters():278 Override enablement signals - bypass adaptive TM: 0, bypass sdr dimming: 1
12-22 21:31:46.716 15700 15700 I NearbyDiscovery: (REDACTED) FastPairDisplayObserver: %s -> %s
12-22 21:31:46.761  2586  2974 D RefreshRateModeManager: onBrightnessChangedLocked returned by powerMode, caller=com.android.server.display.mode.RefreshRateModeManager.onBrightnessChangedLocked:262 com.android.server.display.mode.RefreshRateModeManager.lambda$onLightSensorChanged$0:135 com.android.server.display.mode.RefreshRateModeManager.$r8$lambda$BgEGrQVb3EtPAelaWDumJqAQvu8:0 
12-22 21:31:46.766 15700 15700 I NearbyDiscovery: (REDACTED) FastPairDisplayObserver: %s -> %s
12-22 21:31:46.874  2586  2974 D RefreshRateModeManager: onBrightnessChangedLocked returned by powerMode, caller=com.android.server.display.mode.RefreshRateModeManager.onBrightnessChangedLocked:262 com.android.server.display.mode.RefreshRateModeManager.lambda$onLightSensorChanged$0:135 com.android.server.display.mode.RefreshRateModeManager.$r8$lambda$BgEGrQVb3EtPAelaWDumJqAQvu8:0 
12-22 21:31:46.879 15700 15700 I NearbyDiscovery: (REDACTED) FastPairDisplayObserver: %s -> %s
12-22 21:31:46.882  1689  2017 I SDM     : ToneMappingCore::set_default_vals():851 Initial enablement signals - bypass adaptive TM: 0, actual panel luma usage: 1, temporal filtering of dynamic meta data: 1, histTM enable: 1, static meta data usage: 1
12-22 21:31:46.882  1689  2017 I SDM     : HdrAlgorithm::SetXMLParameters():278 Override enablement signals - bypass adaptive TM: 0, bypass sdr dimming: 1
12-22 21:31:46.908  2586  2974 D RefreshRateModeManager: onBrightnessChangedLocked returned by powerMode, caller=com.android.server.display.mode.RefreshRateModeManager.onBrightnessChangedLocked:262 com.android.server.display.mode.RefreshRateModeManager.lambda$onLightSensorChanged$0:135 com.android.server.display.mode.RefreshRateModeManager.$r8$lambda$BgEGrQVb3EtPAelaWDumJqAQvu8:0 
12-22 21:31:46.911 15700 15700 I NearbyDiscovery: (REDACTED) FastPairDisplayObserver: %s -> %s
12-22 21:31:49.443  2586  2586 D EdgeLightingPolicyManager: isAcceptableApplication - accept rechecked by isEdgeLightingAllowed = true uid = 1000
12-22 21:31:49.505  2586  2974 D RefreshRateModeManager: onBrightnessChangedLocked returned by powerMode, caller=com.android.server.display.mode.RefreshRateModeManager.onBrightnessChangedLocked:262 com.android.server.display.mode.RefreshRateModeManager.lambda$onLightSensorChanged$0:135 com.android.server.display.mode.RefreshRateModeManager.$r8$lambda$BgEGrQVb3EtPAelaWDumJqAQvu8:0 
12-22 21:31:49.516  1689  2017 I SDM     : ToneMappingCore::set_default_vals():851 Initial enablement signals - bypass adaptive TM: 0, actual panel luma usage: 1, temporal filtering of dynamic meta data: 1, histTM enable: 1, static meta data usage: 1
12-22 21:31:49.516  1689  2017 I SDM     : HdrAlgorithm::SetXMLParameters():278 Override enablement signals - bypass adaptive TM: 0, bypass sdr dimming: 1
12-22 21:31:49.520 15700 15700 I NearbyDiscovery: (REDACTED) FastPairDisplayObserver: %s -> %s
12-22 21:31:49.631  2586  2974 D RefreshRateModeManager: onBrightnessChangedLocked returned by powerMode, caller=com.android.server.display.mode.RefreshRateModeManager.onBrightnessChangedLocked:262 com.android.server.display.mode.RefreshRateModeManager.lambda$onLightSensorChanged$0:135 com.android.server.display.mode.RefreshRateModeManager.$r8$lambda$BgEGrQVb3EtPAelaWDumJqAQvu8:0 
12-22 21:31:49.634 15700 15700 I NearbyDiscovery: (REDACTED) FastPairDisplayObserver: %s -> %s
12-22 21:31:49.712  2586  2974 D RefreshRateModeManager: onBrightnessChangedLocked returned by powerMode, caller=com.android.server.display.mode.RefreshRateModeManager.onBrightnessChangedLocked:262 com.android.server.display.mode.RefreshRateModeManager.lambda$onLightSensorChanged$0:135 com.android.server.display.mode.RefreshRateModeManager.$r8$lambda$BgEGrQVb3EtPAelaWDumJqAQvu8:0 
12-22 21:31:49.720  1689  2017 I SDM     : ToneMappingCore::set_default_vals():851 Initial enablement signals - bypass adaptive TM: 0, actual panel luma usage: 1, temporal filtering of dynamic meta data: 1, histTM enable: 1, static meta data usage: 1
12-22 21:31:49.720  1689  2017 I SDM     : HdrAlgorithm::SetXMLParameters():278 Override enablement signals - bypass adaptive TM: 0, bypass sdr dimming: 1
12-22 21:31:49.725 15700 15700 I NearbyDiscovery: (REDACTED) FastPairDisplayObserver: %s -> %s
12-22 21:31:49.769 15700 15700 I NearbyDiscovery: (REDACTED) FastPairDisplayObserver: %s -> %s
12-22 21:31:49.770  2586  2974 D RefreshRateModeManager: onBrightnessChangedLocked returned by powerMode, caller=com.android.server.display.mode.RefreshRateModeManager.onBrightnessChangedLocked:262 com.android.server.display.mode.RefreshRateModeManager.lambda$onLightSensorChanged$0:135 com.android.server.display.mode.RefreshRateModeManager.$r8$lambda$BgEGrQVb3EtPAelaWDumJqAQvu8:0 
12-22 21:31:49.882  2586  2974 D RefreshRateModeManager: onBrightnessChangedLocked returned by powerMode, caller=com.android.server.display.mode.RefreshRateModeManager.onBrightnessChangedLocked:262 com.android.server.display.mode.RefreshRateModeManager.lambda$onLightSensorChanged$0:135 com.android.server.display.mode.RefreshRateModeManager.$r8$lambda$BgEGrQVb3EtPAelaWDumJqAQvu8:0 
12-22 21:31:49.885  1689  2017 I SDM     : ToneMappingCore::set_default_vals():851 Initial enablement signals - bypass adaptive TM: 0, actual panel luma usage: 1, temporal filtering of dynamic meta data: 1, histTM enable: 1, static meta data usage: 1
12-22 21:31:49.885  1689  2017 I SDM     : HdrAlgorithm::SetXMLParameters():278 Override enablement signals - bypass adaptive TM: 0, bypass sdr dimming: 1
12-22 21:31:49.887 15700 15700 I NearbyDiscovery: (REDACTED) FastPairDisplayObserver: %s -> %s
12-22 21:31:49.901  2586  2974 D RefreshRateModeManager: onBrightnessChangedLocked returned by powerMode, caller=com.android.server.display.mode.RefreshRateModeManager.onBrightnessChangedLocked:262 com.android.server.display.mode.RefreshRateModeManager.lambda$onLightSensorChanged$0:135 com.android.server.display.mode.RefreshRateModeManager.$r8$lambda$BgEGrQVb3EtPAelaWDumJqAQvu8:0 
12-22 21:31:49.902 15700 15700 I NearbyDiscovery: (REDACTED) FastPairDisplayObserver: %s -> %s
12-22 21:31:49.982  2586  2926 I system_server: Background concurrent mark compact GC freed 19MB AllocSpace bytes, 268(5436KB) LOS objects, 15% free, 129MB/153MB, paused 1.949ms,17.088ms total 364.441ms
12-22 21:31:52.453  2586  2586 D EdgeLightingPolicyManager: isAcceptableApplication - accept rechecked by isEdgeLightingAllowed = true uid = 1000
12-22 21:31:52.504  1689  2017 I SDM     : ToneMappingCore::set_default_vals():851 Initial enablement signals - bypass adaptive TM: 0, actual panel luma usage: 1, temporal filtering of dynamic meta data: 1, histTM enable: 1, static meta data usage: 1
12-22 21:31:52.504  1689  2017 I SDM     : HdrAlgorithm::SetXMLParameters():278 Override enablement signals - bypass adaptive TM: 0, bypass sdr dimming: 1
12-22 21:31:52.515  2586  2974 D RefreshRateModeManager: onBrightnessChangedLocked returned by powerMode, caller=com.android.server.display.mode.RefreshRateModeManager.onBrightnessChangedLocked:262 com.android.server.display.mode.RefreshRateModeManager.lambda$onLightSensorChanged$0:135 com.android.server.display.mode.RefreshRateModeManager.$r8$lambda$BgEGrQVb3EtPAelaWDumJqAQvu8:0 
12-22 21:31:52.530 15700 15700 I NearbyDiscovery: (REDACTED) FastPairDisplayObserver: %s -> %s
12-22 21:31:52.637  2586  2974 D RefreshRateModeManager: onBrightnessChangedLocked returned by powerMode, caller=com.android.server.display.mode.RefreshRateModeManager.onBrightnessChangedLocked:262 com.android.server.display.mode.RefreshRateModeManager.lambda$onLightSensorChanged$0:135 com.android.server.display.mode.RefreshRateModeManager.$r8$lambda$BgEGrQVb3EtPAelaWDumJqAQvu8:0 
12-22 21:31:52.637 15700 15700 I NearbyDiscovery: (REDACTED) FastPairDisplayObserver: %s -> %s
12-22 21:31:52.721  1689  2017 I SDM     : ToneMappingCore::set_default_vals():851 Initial enablement signals - bypass adaptive TM: 0, actual panel luma usage: 1, temporal filtering of dynamic meta data: 1, histTM enable: 1, static meta data usage: 1
12-22 21:31:52.721  1689  2017 I SDM     : HdrAlgorithm::SetXMLParameters():278 Override enablement signals - bypass adaptive TM: 0, bypass sdr dimming: 1
12-22 21:31:52.743  2586  2974 D RefreshRateModeManager: onBrightnessChangedLocked returned by powerMode, caller=com.android.server.display.mode.RefreshRateModeManager.onBrightnessChangedLocked:262 com.android.server.display.mode.RefreshRateModeManager.lambda$onLightSensorChanged$0:135 com.android.server.display.mode.RefreshRateModeManager.$r8$lambda$BgEGrQVb3EtPAelaWDumJqAQvu8:0 
12-22 21:31:52.744 15700 15700 I NearbyDiscovery: (REDACTED) FastPairDisplayObserver: %s -> %s
12-22 21:31:52.772  2586  2974 D RefreshRateModeManager: onBrightnessChangedLocked returned by powerMode, caller=com.android.server.display.mode.RefreshRateModeManager.onBrightnessChangedLocked:262 com.android.server.display.mode.RefreshRateModeManager.lambda$onLightSensorChanged$0:135 com.android.server.display.mode.RefreshRateModeManager.$r8$lambda$BgEGrQVb3EtPAelaWDumJqAQvu8:0 
12-22 21:31:52.773 15700 15700 I NearbyDiscovery: (REDACTED) FastPairDisplayObserver: %s -> %s
12-22 21:31:52.838  1689  2017 I SDM     : ToneMappingCore::set_default_vals():851 Initial enablement signals - bypass adaptive TM: 0, actual panel luma usage: 1, temporal filtering of dynamic meta data: 1, histTM enable: 1, static meta data usage: 1
12-22 21:31:52.838  1689  2017 I SDM     : HdrAlgorithm::SetXMLParameters():278 Override enablement signals - bypass adaptive TM: 0, bypass sdr dimming: 1
12-22 21:31:52.840  2586  2974 D RefreshRateModeManager: onBrightnessChangedLocked returned by powerMode, caller=com.android.server.display.mode.RefreshRateModeManager.onBrightnessChangedLocked:262 com.android.server.display.mode.RefreshRateModeManager.lambda$onLightSensorChanged$0:135 com.android.server.display.mode.RefreshRateModeManager.$r8$lambda$BgEGrQVb3EtPAelaWDumJqAQvu8:0 
12-22 21:31:52.847 15700 15700 I NearbyDiscovery: (REDACTED) FastPairDisplayObserver: %s -> %s
12-22 21:31:52.935  2586  2974 D RefreshRateModeManager: onBrightnessChangedLocked returned by powerMode, caller=com.android.server.display.mode.RefreshRateModeManager.onBrightnessChangedLocked:262 com.android.server.display.mode.RefreshRateModeManager.lambda$onLightSensorChanged$0:135 com.android.server.display.mode.RefreshRateModeManager.$r8$lambda$BgEGrQVb3EtPAelaWDumJqAQvu8:0 
12-22 21:31:52.936 15700 15700 I NearbyDiscovery: (REDACTED) FastPairDisplayObserver: %s -> %s
12-22 21:31:55.460  2586  2586 D EdgeLightingPolicyManager: isAcceptableApplication - accept rechecked by isEdgeLightingAllowed = true uid = 1000
12-22 21:31:55.507  1689  2017 I SDM     : ToneMappingCore::set_default_vals():851 Initial enablement signals - bypass adaptive TM: 0, actual panel luma usage: 1, temporal filtering of dynamic meta data: 1, histTM enable: 1, static meta data usage: 1
12-22 21:31:55.507  1689  2017 I SDM     : HdrAlgorithm::SetXMLParameters():278 Override enablement signals - bypass adaptive TM: 0, bypass sdr dimming: 1
12-22 21:31:55.514  2586  2974 D RefreshRateModeManager: onBrightnessChangedLocked returned by powerMode, caller=com.android.server.display.mode.RefreshRateModeManager.onBrightnessChangedLocked:262 com.android.server.display.mode.RefreshRateModeManager.lambda$onLightSensorChanged$0:135 com.android.server.display.mode.RefreshRateModeManager.$r8$lambda$BgEGrQVb3EtPAelaWDumJqAQvu8:0 
12-22 21:31:55.516 15700 15700 I NearbyDiscovery: (REDACTED) FastPairDisplayObserver: %s -> %s
12-22 21:31:55.642  2586  2974 D RefreshRateModeManager: onBrightnessChangedLocked returned by powerMode, caller=com.android.server.display.mode.RefreshRateModeManager.onBrightnessChangedLocked:262 com.android.server.display.mode.RefreshRateModeManager.lambda$onLightSensorChanged$0:135 com.android.server.display.mode.RefreshRateModeManager.$r8$lambda$BgEGrQVb3EtPAelaWDumJqAQvu8:0 
12-22 21:31:55.644 15700 15700 I NearbyDiscovery: (REDACTED) FastPairDisplayObserver: %s -> %s
12-22 21:31:55.725  1689  2017 I SDM     : ToneMappingCore::set_default_vals():851 Initial enablement signals - bypass adaptive TM: 0, actual panel luma usage: 1, temporal filtering of dynamic meta data: 1, histTM enable: 1, static meta data usage: 1
12-22 21:31:55.725  1689  2017 I SDM     : HdrAlgorithm::SetXMLParameters():278 Override enablement signals - bypass adaptive TM: 0, bypass sdr dimming: 1
12-22 21:31:55.733 15700 15700 I NearbyDiscovery: (REDACTED) FastPairDisplayObserver: %s -> %s
12-22 21:31:55.736  2586  2974 D RefreshRateModeManager: onBrightnessChangedLocked returned by powerMode, caller=com.android.server.display.mode.RefreshRateModeManager.onBrightnessChangedLocked:262 com.android.server.display.mode.RefreshRateModeManager.lambda$onLightSensorChanged$0:135 com.android.server.display.mode.RefreshRateModeManager.$r8$lambda$BgEGrQVb3EtPAelaWDumJqAQvu8:0 
12-22 21:31:55.778 15700 15700 I NearbyDiscovery: (REDACTED) FastPairDisplayObserver: %s -> %s
12-22 21:31:55.779  2586  2974 D RefreshRateModeManager: onBrightnessChangedLocked returned by powerMode, caller=com.android.server.display.mode.RefreshRateModeManager.onBrightnessChangedLocked:262 com.android.server.display.mode.RefreshRateModeManager.lambda$onLightSensorChanged$0:135 com.android.server.display.mode.RefreshRateModeManager.$r8$lambda$BgEGrQVb3EtPAelaWDumJqAQvu8:0 
12-22 21:31:55.891  1689  2017 I SDM     : ToneMappingCore::set_default_vals():851 Initial enablement signals - bypass adaptive TM: 0, actual panel luma usage: 1, temporal filtering of dynamic meta data: 1, histTM enable: 1, static meta data usage: 1
12-22 21:31:55.891 15700 15700 I NearbyDiscovery: (REDACTED) FastPairDisplayObserver: %s -> %s
12-22 21:31:55.891  1689  2017 I SDM     : HdrAlgorithm::SetXMLParameters():278 Override enablement signals - bypass adaptive TM: 0, bypass sdr dimming: 1
12-22 21:31:55.895  2586  2974 D RefreshRateModeManager: onBrightnessChangedLocked returned by powerMode, caller=com.android.server.display.mode.RefreshRateModeManager.onBrightnessChangedLocked:262 com.android.server.display.mode.RefreshRateModeManager.lambda$onLightSensorChanged$0:135 com.android.server.display.mode.RefreshRateModeManager.$r8$lambda$BgEGrQVb3EtPAelaWDumJqAQvu8:0 
12-22 21:31:55.910  2586  2974 D RefreshRateModeManager: onBrightnessChangedLocked returned by powerMode, caller=com.android.server.display.mode.RefreshRateModeManager.onBrightnessChangedLocked:262 com.android.server.display.mode.RefreshRateModeManager.lambda$onLightSensorChanged$0:135 com.android.server.display.mode.RefreshRateModeManager.$r8$lambda$BgEGrQVb3EtPAelaWDumJqAQvu8:0 
12-22 21:31:55.912 15700 15700 I NearbyDiscovery: (REDACTED) FastPairDisplayObserver: %s -> %s
12-22 21:31:58.471  2586  2586 D EdgeLightingPolicyManager: isAcceptableApplication - accept rechecked by isEdgeLightingAllowed = true uid = 1000
12-22 21:31:58.527  1689  2017 I SDM     : ToneMappingCore::set_default_vals():851 Initial enablement signals - bypass adaptive TM: 0, actual panel luma usage: 1, temporal filtering of dynamic meta data: 1, histTM enable: 1, static meta data usage: 1
12-22 21:31:58.527  1689  2017 I SDM     : HdrAlgorithm::SetXMLParameters():278 Override enablement signals - bypass adaptive TM: 0, bypass sdr dimming: 1
12-22 21:31:58.533  2586  2974 D RefreshRateModeManager: onBrightnessChangedLocked returned by powerMode, caller=com.android.server.display.mode.RefreshRateModeManager.onBrightnessChangedLocked:262 com.android.server.display.mode.RefreshRateModeManager.lambda$onLightSensorChanged$0:135 com.android.server.display.mode.RefreshRateModeManager.$r8$lambda$BgEGrQVb3EtPAelaWDumJqAQvu8:0 
12-22 21:31:58.540 15700 15700 I NearbyDiscovery: (REDACTED) FastPairDisplayObserver: %s -> %s
12-22 21:31:58.653  2586  2974 D RefreshRateModeManager: onBrightnessChangedLocked returned by powerMode, caller=com.android.server.display.mode.RefreshRateModeManager.onBrightnessChangedLocked:262 com.android.server.display.mode.RefreshRateModeManager.lambda$onLightSensorChanged$0:135 com.android.server.display.mode.RefreshRateModeManager.$r8$lambda$BgEGrQVb3EtPAelaWDumJqAQvu8:0 
12-22 21:31:58.657 15700 15700 I NearbyDiscovery: (REDACTED) FastPairDisplayObserver: %s -> %s
12-22 21:31:58.759  2586  2974 D RefreshRateModeManager: onBrightnessChangedLocked returned by powerMode, caller=com.android.server.display.mode.RefreshRateModeManager.onBrightnessChangedLocked:262 com.android.server.display.mode.RefreshRateModeManager.lambda$onLightSensorChanged$0:135 com.android.server.display.mode.RefreshRateModeManager.$r8$lambda$BgEGrQVb3EtPAelaWDumJqAQvu8:0 
12-22 21:31:58.761  1689  2017 I SDM     : ToneMappingCore::set_default_vals():851 Initial enablement signals - bypass adaptive TM: 0, actual panel luma usage: 1, temporal filtering of dynamic meta data: 1, histTM enable: 1, static meta data usage: 1
12-22 21:31:58.761  1689  2017 I SDM     : HdrAlgorithm::SetXMLParameters():278 Override enablement signals - bypass adaptive TM: 0, bypass sdr dimming: 1
12-22 21:31:58.768 15700 15700 I NearbyDiscovery: (REDACTED) FastPairDisplayObserver: %s -> %s
12-22 21:31:58.799  2586  2974 D RefreshRateModeManager: onBrightnessChangedLocked returned by powerMode, caller=com.android.server.display.mode.RefreshRateModeManager.onBrightnessChangedLocked:262 com.android.server.display.mode.RefreshRateModeManager.lambda$onLightSensorChanged$0:135 com.android.server.display.mode.RefreshRateModeManager.$r8$lambda$BgEGrQVb3EtPAelaWDumJqAQvu8:0 
12-22 21:31:58.801 15700 15700 I NearbyDiscovery: (REDACTED) FastPairDisplayObserver: %s -> %s
12-22 21:31:58.878  1689  2017 I SDM     : ToneMappingCore::set_default_vals():851 Initial enablement signals - bypass adaptive TM: 0, actual panel luma usage: 1, temporal filtering of dynamic meta data: 1, histTM enable: 1, static meta data usage: 1
12-22 21:31:58.878  1689  2017 I SDM     : HdrAlgorithm::SetXMLParameters():278 Override enablement signals - bypass adaptive TM: 0, bypass sdr dimming: 1
12-22 21:31:58.887  2586  2974 D RefreshRateModeManager: onBrightnessChangedLocked returned by powerMode, caller=com.android.server.display.mode.RefreshRateModeManager.onBrightnessChangedLocked:262 com.android.server.display.mode.RefreshRateModeManager.lambda$onLightSensorChanged$0:135 com.android.server.display.mode.RefreshRateModeManager.$r8$lambda$BgEGrQVb3EtPAelaWDumJqAQvu8:0 
12-22 21:31:58.887 15700 15700 I NearbyDiscovery: (REDACTED) FastPairDisplayObserver: %s -> %s
12-22 21:31:58.954 15700 15700 I NearbyDiscovery: (REDACTED) FastPairDisplayObserver: %s -> %s
12-22 21:31:58.957  2586  2974 D RefreshRateModeManager: onBrightnessChangedLocked returned by powerMode, caller=com.android.server.display.mode.RefreshRateModeManager.onBrightnessChangedLocked:262 com.android.server.display.mode.RefreshRateModeManager.lambda$onLightSensorChanged$0:135 com.android.server.display.mode.RefreshRateModeManager.$r8$lambda$BgEGrQVb3EtPAelaWDumJqAQvu8:0 
12-22 21:32:00.735  2586  2974 D RefreshRateModeManager: onBrightnessChangedLocked returned by powerMode, caller=com.android.server.display.mode.RefreshRateModeManager.onBrightnessChangedLocked:262 com.android.server.display.mode.RefreshRateModeManager.lambda$onLightSensorChanged$0:135 com.android.server.display.mode.RefreshRateModeManager.$r8$lambda$BgEGrQVb3EtPAelaWDumJqAQvu8:0 
12-22 21:32:00.745  1689  2017 I SDM     : ToneMappingCore::set_default_vals():851 Initial enablement signals - bypass adaptive TM: 0, actual panel luma usage: 1, temporal filtering of dynamic meta data: 1, histTM enable: 1, static meta data usage: 1
12-22 21:32:00.745  1689  2017 I SDM     : HdrAlgorithm::SetXMLParameters():278 Override enablement signals - bypass adaptive TM: 0, bypass sdr dimming: 1
12-22 21:32:00.755  3711  3711 W View    : requestLayout() improperly called by android.widget.FrameLayout{4416ba2 V.E...... ......ID 0,136-1080,2298 #7f0a0846 app:id/qs_frame} during layout: running second layout pass
12-22 21:32:00.762 15700 15700 I NearbyDiscovery: (REDACTED) FastPairDisplayObserver: %s -> %s
12-22 21:32:00.848  2586  2974 D RefreshRateModeManager: onBrightnessChangedLocked returned by powerMode, caller=com.android.server.display.mode.RefreshRateModeManager.onBrightnessChangedLocked:262 com.android.server.display.mode.RefreshRateModeManager.lambda$onLightSensorChanged$0:135 com.android.server.display.mode.RefreshRateModeManager.$r8$lambda$BgEGrQVb3EtPAelaWDumJqAQvu8:0 
12-22 21:32:00.855 15700 15700 I NearbyDiscovery: (REDACTED) FastPairDisplayObserver: %s -> %s
12-22 21:32:01.480  2586  2586 D EdgeLightingPolicyManager: isAcceptableApplication - accept rechecked by isEdgeLightingAllowed = true uid = 1000
12-22 21:32:01.521  2586  2974 D RefreshRateModeManager: onBrightnessChangedLocked returned by powerMode, caller=com.android.server.display.mode.RefreshRateModeManager.onBrightnessChangedLocked:262 com.android.server.display.mode.RefreshRateModeManager.lambda$onLightSensorChanged$0:135 com.android.server.display.mode.RefreshRateModeManager.$r8$lambda$BgEGrQVb3EtPAelaWDumJqAQvu8:0 
12-22 21:32:01.526 15700 15700 I NearbyDiscovery: (REDACTED) FastPairDisplayObserver: %s -> %s
12-22 21:32:01.529  1689  2017 I SDM     : ToneMappingCore::set_default_vals():851 Initial enablement signals - bypass adaptive TM: 0, actual panel luma usage: 1, temporal filtering of dynamic meta data: 1, histTM enable: 1, static meta data usage: 1
12-22 21:32:01.529  1689  2017 I SDM     : HdrAlgorithm::SetXMLParameters():278 Override enablement signals - bypass adaptive TM: 0, bypass sdr dimming: 1
12-22 21:32:01.643  2586  2974 D RefreshRateModeManager: onBrightnessChangedLocked returned by powerMode, caller=com.android.server.display.mode.RefreshRateModeManager.onBrightnessChangedLocked:262 com.android.server.display.mode.RefreshRateModeManager.lambda$onLightSensorChanged$0:135 com.android.server.display.mode.RefreshRateModeManager.$r8$lambda$BgEGrQVb3EtPAelaWDumJqAQvu8:0 
12-22 21:32:01.646 15700 15700 I NearbyDiscovery: (REDACTED) FastPairDisplayObserver: %s -> %s
12-22 21:32:01.747  1689  2017 I SDM     : ToneMappingCore::set_default_vals():851 Initial enablement signals - bypass adaptive TM: 0, actual panel luma usage: 1, temporal filtering of dynamic meta data: 1, histTM enable: 1, static meta data usage: 1
12-22 21:32:01.747  1689  2017 I SDM     : HdrAlgorithm::SetXMLParameters():278 Override enablement signals - bypass adaptive TM: 0, bypass sdr dimming: 1
12-22 21:32:01.750  2586  2974 D RefreshRateModeManager: onBrightnessChangedLocked returned by powerMode, caller=com.android.server.display.mode.RefreshRateModeManager.onBrightnessChangedLocked:262 com.android.server.display.mode.RefreshRateModeManager.lambda$onLightSensorChanged$0:135 com.android.server.display.mode.RefreshRateModeManager.$r8$lambda$BgEGrQVb3EtPAelaWDumJqAQvu8:0 
12-22 21:32:01.754 15700 15700 I NearbyDiscovery: (REDACTED) FastPairDisplayObserver: %s -> %s
12-22 21:32:01.790  2586  2974 D RefreshRateModeManager: onBrightnessChangedLocked returned by powerMode, caller=com.android.server.display.mode.RefreshRateModeManager.onBrightnessChangedLocked:262 com.android.server.display.mode.RefreshRateModeManager.lambda$onLightSensorChanged$0:135 com.android.server.display.mode.RefreshRateModeManager.$r8$lambda$BgEGrQVb3EtPAelaWDumJqAQvu8:0 
12-22 21:32:01.793 15700 15700 I NearbyDiscovery: (REDACTED) FastPairDisplayObserver: %s -> %s
12-22 21:32:01.840  2586  2974 D RefreshRateModeManager: onBrightnessChangedLocked returned by powerMode, caller=com.android.server.display.mode.RefreshRateModeManager.onBrightnessChangedLocked:262 com.android.server.display.mode.RefreshRateModeManager.lambda$onLightSensorChanged$0:135 com.android.server.display.mode.RefreshRateModeManager.$r8$lambda$BgEGrQVb3EtPAelaWDumJqAQvu8:0 
12-22 21:32:01.847  1689  2017 I SDM     : ToneMappingCore::set_default_vals():851 Initial enablement signals - bypass adaptive TM: 0, actual panel luma usage: 1, temporal filtering of dynamic meta data: 1, histTM enable: 1, static meta data usage: 1
12-22 21:32:01.847  1689  2017 I SDM     : HdrAlgorithm::SetXMLParameters():278 Override enablement signals - bypass adaptive TM: 0, bypass sdr dimming: 1
12-22 21:32:01.850 15700 15700 I NearbyDiscovery: (REDACTED) FastPairDisplayObserver: %s -> %s
12-22 21:32:01.932  2586  2974 D RefreshRateModeManager: onBrightnessChangedLocked returned by powerMode, caller=com.android.server.display.mode.RefreshRateModeManager.onBrightnessChangedLocked:262 com.android.server.display.mode.RefreshRateModeManager.lambda$onLightSensorChanged$0:135 com.android.server.display.mode.RefreshRateModeManager.$r8$lambda$BgEGrQVb3EtPAelaWDumJqAQvu8:0 
12-22 21:32:01.935 15700 15700 I NearbyDiscovery: (REDACTED) FastPairDisplayObserver: %s -> %s
12-22 21:32:03.445  2268  3666 I vendor.samsung.hardware.biometrics.fingerprint-service: cbge canceled by 1 0 0 0 0 0 0
12-22 21:32:03.497 15700 15700 I NearbyDiscovery: (REDACTED) FastPairDisplayObserver: %s -> %s
12-22 21:32:03.499  2586  2974 D RefreshRateModeManager: onBrightnessChangedLocked returned by powerMode, caller=com.android.server.display.mode.RefreshRateModeManager.onBrightnessChangedLocked:262 com.android.server.display.mode.RefreshRateModeManager.lambda$onLightSensorChanged$0:135 com.android.server.display.mode.RefreshRateModeManager.$r8$lambda$BgEGrQVb3EtPAelaWDumJqAQvu8:0 
12-22 21:32:03.499  1689  2017 I SDM     : ToneMappingCore::set_default_vals():851 Initial enablement signals - bypass adaptive TM: 0, actual panel luma usage: 1, temporal filtering of dynamic meta data: 1, histTM enable: 1, static meta data usage: 1
12-22 21:32:03.499  1689  2017 I SDM     : HdrAlgorithm::SetXMLParameters():278 Override enablement signals - bypass adaptive TM: 0, bypass sdr dimming: 1
12-22 21:32:03.647  2586  2974 D RefreshRateModeManager: onBrightnessChangedLocked returned by powerMode, caller=com.android.server.display.mode.RefreshRateModeManager.onBrightnessChangedLocked:262 com.android.server.display.mode.RefreshRateModeManager.lambda$onLightSensorChanged$0:135 com.android.server.display.mode.RefreshRateModeManager.$r8$lambda$BgEGrQVb3EtPAelaWDumJqAQvu8:0 
12-22 21:32:03.648 15700 15700 I NearbyDiscovery: (REDACTED) FastPairDisplayObserver: %s -> %s
12-22 21:32:03.670  2586  2974 D RefreshRateModeManager: onBrightnessChangedLocked returned by powerMode, caller=com.android.server.display.mode.RefreshRateModeManager.onBrightnessChangedLocked:262 com.android.server.display.mode.RefreshRateModeManager.lambda$onLightSensorChanged$0:135 com.android.server.display.mode.RefreshRateModeManager.$r8$lambda$BgEGrQVb3EtPAelaWDumJqAQvu8:0 
12-22 21:32:03.677 15700 15700 I NearbyDiscovery: (REDACTED) FastPairDisplayObserver: %s -> %s
12-22 21:32:03.682  1689  2017 I SDM     : ToneMappingCore::set_default_vals():851 Initial enablement signals - bypass adaptive TM: 0, actual panel luma usage: 1, temporal filtering of dynamic meta data: 1, histTM enable: 1, static meta data usage: 1
12-22 21:32:03.682  1689  2017 I SDM     : HdrAlgorithm::SetXMLParameters():278 Override enablement signals - bypass adaptive TM: 0, bypass sdr dimming: 1
12-22 21:32:03.692  2268  3666 I vendor.samsung.hardware.biometrics.fingerprint-service: cbge canceled by 1 0 0 0 0 0 0
12-22 21:32:03.693  2586  3464 D SensorService: setSContextDataLocked ints length 2 , byte length 4
12-22 21:32:03.694  2586  5564 D LiftUpHandler: [LTW] Stopping by Screen On.
12-22 21:32:03.695  4101  4101 I NfcService: BASIC ACTION_SCREEN_ON. So screenState is ON_LOCKED by isKeyguardLocked()
12-22 21:32:03.696  2586  3408 I InputReader: support feature by TSP : 0x10325
12-22 21:32:03.699 15700 15700 I NearbyDiscovery: (REDACTED) FastPairDisplayObserver: %s -> %s
12-22 21:32:03.699 15700 20768 I NearbyDiscovery: (REDACTED) OffloadFastPairScanner: eventType=%s, isInternalReq=%s, isOffloadScanning=%s, isOffloadScanningAllowed=%s
12-22 21:32:03.700 15700 20768 I NearbyDiscovery: (REDACTED) FastPairScanner: isScreenOn=%s, isLocationEnabled=%s, disableLocationRequirement=%s, isDiscoveryScanningEnabled=%s, during24GhzWifiWarmingUpPeriod=%s
12-22 21:32:03.700 15700 20768 I NearbyDiscovery: (REDACTED) FastPairScanner: eventType=%s, intReq=%s, scanning=%s, scanAllowed=%s, bleEnabled=%s, lockScanRate=%s, startScanningByLowPowerMode=%s
12-22 21:32:03.706  3711 10492 I VideoInputReader: [VideoFrameFilter] activated by seek mSeekTimeUs[0]
12-22 21:32:03.707  3711  3711 I System.out: test static void android.appwidget.AppWidgetHostView.-$$Nest$mapplyContent(android.appwidget.AppWidgetHostView,android.view.View,boolean,java.lang.Exception)
12-22 21:32:03.707  3711  3711 I System.out: test private void android.appwidget.AppWidgetHostView.applyContent(android.view.View,boolean,java.lang.Exception)
12-22 21:32:03.707  3711  3711 I System.out: test private void android.appwidget.AppWidgetHostView.handleViewError()
12-22 21:32:03.707  3711  3711 I System.out: test protected android.view.View android.appwidget.AppWidgetHostView.getErrorView()
12-22 21:32:03.708  2586  2586 E PocketModeEvent: ACTION_SCREEN_ON(by 6)
12-22 21:32:03.708 15700 20768 I NearbyDiscovery: (REDACTED) FastPairScanner: isScreenOn=%s, isLocationEnabled=%s, disableLocationRequirement=%s, isDiscoveryScanningEnabled=%s, during24GhzWifiWarmingUpPeriod=%s
12-22 21:32:03.708 15700 20768 I NearbyDiscovery: (REDACTED) FastPairScanner: Start scanning internally, %s
12-22 21:32:03.713 15700 20768 I NearbyDiscovery: (REDACTED) FastPairScanner: Starting %s scan for %s seconds
12-22 21:32:03.723  2586  3464 D SensorService: setSContextDataLocked ints length 5 , byte length 13
12-22 21:32:03.745  2586  3464 D SensorService: setSContextDataLocked ints length 2 , byte length 4
12-22 21:32:03.753 15700 10575 E LoadedApk: Exception : java.lang.NullPointerException: Attempt to invoke virtual method 'boolean android.os.Looper.isPerfLogEnable()' on a null object reference
12-22 21:32:03.758  2586  3615 I WifiConnectivityMonitor: setMonitorEnabled true by EVENT_SCREEN_ON
12-22 21:32:03.759  2586  3638 D NetdEventListenerService: DNS Requested by 489, 10355, 2
12-22 21:32:03.760  2586  3638 D NetdEventListenerService: DNS Requested by 489, 10355, 0
12-22 21:32:03.771  6304 10628 I [MCFDs]_BleScanner(NearbyBleScanner): buildScanFilters -  # of service = 1, Data = [021460004100000008], Mask = [FFFFFFFFFF00000008]
12-22 21:32:03.771  6304 10628 I [MCFDs]_BleScanner(NearbyBleScanner): startScan - t - ScanPolicy{mode=0}
12-22 21:32:03.781 15700 10419 I NearbyUWB: (REDACTED) Screen unlocked: %s
12-22 21:32:03.781 15700 20768 I NearbyDiscovery: (REDACTED) FastPairHandler: Received action %s
